<html>
<body>
<pre>
<h1>礦ision Build Log</h1>
<h2>Project:</h2>
G:\双轮差动\STM32程序\HandyBot v1.0 8.13 +江苏卫视(1109初步实现，无法串口输出)\USER\STM32-DEMO.uvproj
Project File Date:  11/02/2015

<h2>Output:</h2>
Rebuild target 'Target 1'
assembling startup_stm32f10x_hd.s...
compiling main.c...
main.c(26): warning:  #9-D: nested comment is not allowed
main.c(58): warning:  #68-D: integer conversion resulted in a change of sign
main.c(83): warning:  #223-D: function "flash_init" declared implicitly
main.c(64): warning:  #177-D: variable "a" was declared but never referenced
main.c(65): warning:  #177-D: variable "rate" was declared but never referenced
main.c(66): warning:  #177-D: variable "wheelspeed" was declared but never referenced
compiling stm32f10x_it.c...
compiling OSQMem.c...
compiling USART1.c...
USART1.c(228): warning:  #223-D: function "USART1DMAConfig" declared implicitly
compiling USART1ConFig.c...
USART1ConFig.c(45): warning:  #177-D: variable "USART_ClockInitStructure" was declared but never referenced
compiling Time.c...
Time.c(189): warning:  #1-D: last line of file ends without a newline
compiling CAN1Config.c...
CAN1Config.c(219): warning:  #177-D: variable "ack" was declared but never referenced
compiling CAN.c...
CAN.c(72): warning:  #223-D: function "CAN1SendByte" declared implicitly
CAN.c(77): warning:  #223-D: function "CAN1SendByte" declared implicitly
CAN.c(93): warning:  #223-D: function "CAN1SendByte" declared implicitly
CAN.c(98): warning:  #223-D: function "CAN1SendByte" declared implicitly
compiling UART4Config.c...
compiling UART4.c...
UART4.c(416): warning:  #223-D: function "memcmp" declared implicitly
UART4.c(426): warning:  #223-D: function "make_frame" declared implicitly
UART4.c(427): warning:  #223-D: function "USART3WriteDataToBuffer" declared implicitly
UART4.c(433): warning:  #223-D: function "memcpy" declared implicitly
UART4.c(404): warning:  #177-D: variable "flag" was declared but never referenced
UART4.c(405): warning:  #177-D: variable "i" was declared but never referenced
UART4.c(449): warning:  #223-D: function "memcpy" declared implicitly
compiling MotorControl.c...
MotorControl.c(280): warning:  #223-D: function "CANSendMessage" declared implicitly
compiling LED.c...
LED.c(20): warning:  #1-D: last line of file ends without a newline
compiling USART2.c...
compiling USART2Config.c...
compiling magnav.c...
magnav.c(237): warning:  #177-D: variable "wheelspeed" was declared but never referenced
compiling task.c...
compiling sensors.c...
sensors.c(70): warning:  #940-D: missing return statement at end of non-void function "base_cmd"
sensors.c(157): warning:  #177-D: variable "rate" was declared but never referenced
compiling USART3.c...
USART3.c(400): warning:  #177-D: variable "val" was declared but never referenced
USART3.c(426): warning:  #550-D: variable "robotrate" was set but never used
USART3.c(428): warning:  #177-D: variable "speed_temp" was declared but never referenced
USART3.c(432): warning:  #177-D: variable "dir" was declared but never referenced
USART3.c(438): warning:  #177-D: variable "realspeed" was declared but never referenced
compiling USART3Config.c...
compiling FLASH.c...
compiling AHRS.c...
AHRS.c(144): warning:  #940-D: missing return statement at end of non-void function "AHRSCheckDataFrame"
AHRS.c(629): warning:  #1134-D: literal treated as "long long"
AHRS.c(444): warning:  #550-D: variable "q0q0" was set but never used
compiling misc.c...
compiling stm32f10x_adc.c...
compiling stm32f10x_bkp.c...
compiling stm32f10x_can.c...
compiling stm32f10x_cec.c...
compiling stm32f10x_crc.c...
compiling stm32f10x_dac.c...
compiling stm32f10x_dbgmcu.c...
compiling stm32f10x_dma.c...
compiling stm32f10x_exti.c...
compiling stm32f10x_flash.c...
compiling stm32f10x_fsmc.c...
compiling stm32f10x_gpio.c...
compiling stm32f10x_i2c.c...
compiling stm32f10x_iwdg.c...
compiling stm32f10x_pwr.c...
compiling stm32f10x_rcc.c...
compiling stm32f10x_rtc.c...
compiling stm32f10x_sdio.c...
compiling stm32f10x_spi.c...
compiling stm32f10x_tim.c...
compiling stm32f10x_usart.c...
compiling stm32f10x_wwdg.c...
compiling odometry.c...
odometry.c(24): warning:  #223-D: function "ComputeBaseSpeed" declared implicitly
compiling core_cm3.c...
compiling system_stm32f10x.c...
linking...
Program Size: Code=46492 RO-data=932 RW-data=848 ZI-data=9568  
FromELF: creating hex file...
"..\Output\STM32-DEMO.axf" - 0 Errors, 35 Warning(s).
