<html>
<body>
<pre>
<h1>礦ision Build Log</h1>
<h2>Project:</h2>
C:\Users\Administrator\Desktop\HandyBot v1.0 8.13 +江苏卫视(1120初步可用)\USER\STM32-DEMO.uvproj
Project File Date:  11/18/2015

<h2>Output:</h2>
Rebuild target 'Target 1'
assembling startup_stm32f10x_hd.s...
compiling main.c...
main.c(26): warning:  #9-D: nested comment is not allowed
main.c(58): warning:  #68-D: integer conversion resulted in a change of sign
main.c(83): warning:  #223-D: function "flash_init" declared implicitly
main.c(64): warning:  #177-D: variable "a" was declared but never referenced
main.c(65): warning:  #177-D: variable "rate" was declared but never referenced
main.c(66): warning:  #177-D: variable "wheelspeed" was declared but never referenced
compiling stm32f10x_it.c...
compiling OSQMem.c...
compiling USART1.c...
USART1.c(228): warning:  #223-D: function "USART1DMAConfig" declared implicitly
compiling USART1ConFig.c...
USART1ConFig.c(45): warning:  #177-D: variable "USART_ClockInitStructure" was declared but never referenced
compiling Time.c...
Time.c(189): warning:  #1-D: last line of file ends without a newline
compiling CAN1Config.c...
CAN1Config.c(219): warning:  #177-D: variable "ack" was declared but never referenced
compiling CAN.c...
CAN.c(72): warning:  #223-D: function "CAN1SendByte" declared implicitly
CAN.c(77): warning:  #223-D: function "CAN1SendByte" declared implicitly
CAN.c(93): warning:  #223-D: function "CAN1SendByte" declared implicitly
CAN.c(98): warning:  #223-D: function "CAN1SendByte" declared implicitly
compiling UART4Config.c...
compiling UART4.c...
UART4.c(416): warning:  #223-D: function "memcmp" declared implicitly
UART4.c(426): warning:  #223-D: function "make_frame" declared implicitly
UART4.c(427): warning:  #223-D: function "USART3WriteDataToBuffer" declared implicitly
UART4.c(433): warning:  #223-D: function "memcpy" declared implicitly
UART4.c(404): warning:  #177-D: variable "flag" was declared but never referenced
UART4.c(405): warning:  #177-D: variable "i" was declared but never referenced
UART4.c(449): warning:  #223-D: function "memcpy" declared implicitly
compiling MotorControl.c...
MotorControl.c(280): warning:  #223-D: function "CANSendMessage" declared implicitly
compiling LED.c...
LED.c(20): warning:  #1-D: last line of file ends without a newline
compiling USART2.c...
USART2.c(327): warning:  #167-D: argument of type "u8 *" is incompatible with parameter of type "char *restrict"
USART2.c(329): warning:  #167-D: argument of type "u8 *" is incompatible with parameter of type "char *restrict"
USART2.c(332): warning:  #167-D: argument of type "u8 *" is incompatible with parameter of type "char *restrict"
USART2.c(334): warning:  #167-D: argument of type "u8 *" is incompatible with parameter of type "char *restrict"
USART2.c(337): warning:  #167-D: argument of type "u8 *" is incompatible with parameter of type "char *restrict"
USART2.c(339): warning:  #167-D: argument of type "u8 *" is incompatible with parameter of type "char *restrict"
USART2.c(342): warning:  #167-D: argument of type "u8 *" is incompatible with parameter of type "char *restrict"
USART2.c(344): warning:  #167-D: argument of type "u8 *" is incompatible with parameter of type "char *restrict"
USART2.c(347): warning:  #167-D: argument of type "u8 *" is incompatible with parameter of type "char *restrict"
USART2.c(349): warning:  #167-D: argument of type "u8 *" is incompatible with parameter of type "char *restrict"
USART2.c(352): warning:  #167-D: argument of type "u8 *" is incompatible with parameter of type "char *restrict"
USART2.c(354): warning:  #167-D: argument of type "u8 *" is incompatible with parameter of type "char *restrict"
USART2.c(357): warning:  #167-D: argument of type "u8 *" is incompatible with parameter of type "char *restrict"
USART2.c(255): warning:  #177-D: variable "j" was declared but never referenced
USART2.c(256): warning:  #177-D: variable "robotrate" was declared but never referenced
compiling USART2Config.c...
compiling magnav.c...
magnav.c(72): warning:  #177-D: variable "mag_state" was declared but never referenced
magnav.c(73): warning:  #177-D: variable "status" was declared but never referenced
magnav.c(74): warning:  #177-D: variable "i" was declared but never referenced
magnav.c(108): warning:  #177-D: variable "wheelspeed" was declared but never referenced
compiling task.c...
compiling sensors.c...
sensors.c(72): warning:  #940-D: missing return statement at end of non-void function "base_cmd"
sensors.c(163): warning:  #177-D: variable "rate" was declared but never referenced
compiling USART3.c...
USART3.c(401): warning:  #177-D: variable "val" was declared but never referenced
USART3.c(676): warning:  #111-D: statement is unreachable
USART3.c(427): warning:  #550-D: variable "robotrate" was set but never used
USART3.c(429): warning:  #177-D: variable "speed_temp" was declared but never referenced
USART3.c(431): warning:  #177-D: variable "mag_sensor_status" was declared but never referenced
USART3.c(432): warning:  #177-D: variable "mag_sensor_data" was declared but never referenced
USART3.c(433): warning:  #177-D: variable "dir" was declared but never referenced
USART3.c(439): warning:  #177-D: variable "realspeed" was declared but never referenced
compiling USART3Config.c...
compiling FLASH.c...
compiling AHRS.c...
AHRS.c(144): warning:  #940-D: missing return statement at end of non-void function "AHRSCheckDataFrame"
AHRS.c(632): warning:  #1134-D: literal treated as "long long"
AHRS.c(447): warning:  #550-D: variable "q0q0" was set but never used
compiling misc.c...
compiling stm32f10x_adc.c...
compiling stm32f10x_bkp.c...
compiling stm32f10x_can.c...
compiling stm32f10x_cec.c...
compiling stm32f10x_crc.c...
compiling stm32f10x_dac.c...
compiling stm32f10x_dbgmcu.c...
compiling stm32f10x_dma.c...
compiling stm32f10x_exti.c...
compiling stm32f10x_flash.c...
compiling stm32f10x_fsmc.c...
compiling stm32f10x_gpio.c...
compiling stm32f10x_i2c.c...
compiling stm32f10x_iwdg.c...
compiling stm32f10x_pwr.c...
compiling stm32f10x_rcc.c...
compiling stm32f10x_rtc.c...
compiling stm32f10x_sdio.c...
compiling stm32f10x_spi.c...
compiling stm32f10x_tim.c...
compiling stm32f10x_usart.c...
compiling stm32f10x_wwdg.c...
compiling odometry.c...
odometry.c(24): warning:  #223-D: function "ComputeBaseSpeed" declared implicitly
compiling core_cm3.c...
compiling system_stm32f10x.c...
linking...
Program Size: Code=43592 RO-data=864 RW-data=808 ZI-data=9512  
FromELF: creating hex file...
"..\Output\STM32-DEMO.axf" - 0 Errors, 56 Warning(s).
Load "..\\Output\\STM32-DEMO.axf" 
Set JLink Project File to "C:\Users\Administrator\Desktop\HandyBot v1.0 8.13 +江苏卫视(1120初步可用)\USER\JLinkSettings.ini"
* JLink Info: Device "STM32F103VE" selected (512 KB flash, 64 KB RAM).
 
JLink info:
------------
DLL: V4.68a, compiled Apr 12 2013 13:26:50
Firmware: J-Link ARM V8 compiled Sep 20 2013 15:09:45
Hardware: V8.00
S/N : 128537720 
Feature(s) : RDI,FlashDL,FlashBP,JFlash,GDBFULL 
 
* JLink Info: Found SWD-DP with ID 0x1BA01477
* JLink Info: Found SWD-DP with ID 0x1BA01477
* JLink Info: TPIU fitted.
* JLink Info: ETM fitted.
* JLink Info: FPUnit: 6 code (BP) slots and 2 literal slots
* JLink Info: Found Cortex-M3 r1p1, Little endian.
ROMTableAddr = 0xE00FF003
 
Target info:
------------
Device: STM32F103VE
VTarget = 3.287V
State of Pins: 
TCK: 0, TDI: 0, TDO: 0, TMS: 1, TRES: 1, TRST: 1
Hardware-Breakpoints: 6
Software-Breakpoints: 8192
Watchpoints:          4
JTAG speed: 1000 kHz
 
Erase Done.
Programming Done.
Verify OK.
Application running ...
Rebuild target 'Target 1'
assembling startup_stm32f10x_hd.s...
compiling main.c...
main.c(26): warning:  #9-D: nested comment is not allowed
main.c(58): warning:  #68-D: integer conversion resulted in a change of sign
main.c(83): warning:  #223-D: function "flash_init" declared implicitly
main.c(64): warning:  #177-D: variable "a" was declared but never referenced
main.c(65): warning:  #177-D: variable "rate" was declared but never referenced
main.c(66): warning:  #177-D: variable "wheelspeed" was declared but never referenced
compiling stm32f10x_it.c...
compiling OSQMem.c...
compiling USART1.c...
USART1.c(228): warning:  #223-D: function "USART1DMAConfig" declared implicitly
compiling USART1ConFig.c...
USART1ConFig.c(45): warning:  #177-D: variable "USART_ClockInitStructure" was declared but never referenced
compiling Time.c...
Time.c(189): warning:  #1-D: last line of file ends without a newline
compiling CAN1Config.c...
CAN1Config.c(219): warning:  #177-D: variable "ack" was declared but never referenced
compiling CAN.c...
CAN.c(72): warning:  #223-D: function "CAN1SendByte" declared implicitly
CAN.c(77): warning:  #223-D: function "CAN1SendByte" declared implicitly
CAN.c(93): warning:  #223-D: function "CAN1SendByte" declared implicitly
CAN.c(98): warning:  #223-D: function "CAN1SendByte" declared implicitly
compiling UART4Config.c...
compiling UART4.c...
UART4.c(416): warning:  #223-D: function "memcmp" declared implicitly
UART4.c(426): warning:  #223-D: function "make_frame" declared implicitly
UART4.c(427): warning:  #223-D: function "USART3WriteDataToBuffer" declared implicitly
UART4.c(433): warning:  #223-D: function "memcpy" declared implicitly
UART4.c(404): warning:  #177-D: variable "flag" was declared but never referenced
UART4.c(405): warning:  #177-D: variable "i" was declared but never referenced
UART4.c(449): warning:  #223-D: function "memcpy" declared implicitly
compiling MotorControl.c...
MotorControl.c(280): warning:  #223-D: function "CANSendMessage" declared implicitly
compiling LED.c...
LED.c(20): warning:  #1-D: last line of file ends without a newline
compiling USART2.c...
USART2.c(327): warning:  #167-D: argument of type "u8 *" is incompatible with parameter of type "char *restrict"
USART2.c(329): warning:  #167-D: argument of type "u8 *" is incompatible with parameter of type "char *restrict"
USART2.c(332): warning:  #167-D: argument of type "u8 *" is incompatible with parameter of type "char *restrict"
USART2.c(334): warning:  #167-D: argument of type "u8 *" is incompatible with parameter of type "char *restrict"
USART2.c(337): warning:  #167-D: argument of type "u8 *" is incompatible with parameter of type "char *restrict"
USART2.c(339): warning:  #167-D: argument of type "u8 *" is incompatible with parameter of type "char *restrict"
USART2.c(342): warning:  #167-D: argument of type "u8 *" is incompatible with parameter of type "char *restrict"
USART2.c(344): warning:  #167-D: argument of type "u8 *" is incompatible with parameter of type "char *restrict"
USART2.c(347): warning:  #167-D: argument of type "u8 *" is incompatible with parameter of type "char *restrict"
USART2.c(349): warning:  #167-D: argument of type "u8 *" is incompatible with parameter of type "char *restrict"
USART2.c(352): warning:  #167-D: argument of type "u8 *" is incompatible with parameter of type "char *restrict"
USART2.c(354): warning:  #167-D: argument of type "u8 *" is incompatible with parameter of type "char *restrict"
USART2.c(357): warning:  #167-D: argument of type "u8 *" is incompatible with parameter of type "char *restrict"
USART2.c(255): warning:  #177-D: variable "j" was declared but never referenced
USART2.c(256): warning:  #177-D: variable "robotrate" was declared but never referenced
compiling USART2Config.c...
compiling magnav.c...
magnav.c(72): warning:  #177-D: variable "mag_state" was declared but never referenced
magnav.c(73): warning:  #177-D: variable "status" was declared but never referenced
magnav.c(74): warning:  #177-D: variable "i" was declared but never referenced
magnav.c(108): warning:  #177-D: variable "wheelspeed" was declared but never referenced
compiling task.c...
compiling sensors.c...
sensors.c(72): warning:  #940-D: missing return statement at end of non-void function "base_cmd"
sensors.c(163): warning:  #177-D: variable "rate" was declared but never referenced
compiling USART3.c...
USART3.c(401): warning:  #177-D: variable "val" was declared but never referenced
USART3.c(676): warning:  #111-D: statement is unreachable
USART3.c(427): warning:  #550-D: variable "robotrate" was set but never used
USART3.c(429): warning:  #177-D: variable "speed_temp" was declared but never referenced
USART3.c(431): warning:  #177-D: variable "mag_sensor_status" was declared but never referenced
USART3.c(432): warning:  #177-D: variable "mag_sensor_data" was declared but never referenced
USART3.c(433): warning:  #177-D: variable "dir" was declared but never referenced
USART3.c(439): warning:  #177-D: variable "realspeed" was declared but never referenced
compiling USART3Config.c...
compiling FLASH.c...
compiling AHRS.c...
AHRS.c(144): warning:  #940-D: missing return statement at end of non-void function "AHRSCheckDataFrame"
AHRS.c(632): warning:  #1134-D: literal treated as "long long"
AHRS.c(447): warning:  #550-D: variable "q0q0" was set but never used
compiling misc.c...
compiling stm32f10x_adc.c...
compiling stm32f10x_bkp.c...
compiling stm32f10x_can.c...
compiling stm32f10x_cec.c...
compiling stm32f10x_crc.c...
compiling stm32f10x_dac.c...
compiling stm32f10x_dbgmcu.c...
compiling stm32f10x_dma.c...
compiling stm32f10x_exti.c...
compiling stm32f10x_flash.c...
compiling stm32f10x_fsmc.c...
compiling stm32f10x_gpio.c...
compiling stm32f10x_i2c.c...
compiling stm32f10x_iwdg.c...
compiling stm32f10x_pwr.c...
compiling stm32f10x_rcc.c...
compiling stm32f10x_rtc.c...
compiling stm32f10x_sdio.c...
compiling stm32f10x_spi.c...
compiling stm32f10x_tim.c...
compiling stm32f10x_usart.c...
compiling stm32f10x_wwdg.c...
compiling odometry.c...
odometry.c(24): warning:  #223-D: function "ComputeBaseSpeed" declared implicitly
compiling core_cm3.c...
compiling system_stm32f10x.c...
linking...
Program Size: Code=43592 RO-data=864 RW-data=808 ZI-data=9512  
FromELF: creating hex file...
"..\Output\STM32-DEMO.axf" - 0 Errors, 56 Warning(s).
Load "..\\Output\\STM32-DEMO.axf" 
Set JLink Project File to "C:\Users\Administrator\Desktop\HandyBot v1.0 8.13 +江苏卫视(1120初步可用)\USER\JLinkSettings.ini"
* JLink Info: Device "STM32F103VE" selected (512 KB flash, 64 KB RAM).
 
JLink info:
------------
DLL: V4.68a, compiled Apr 12 2013 13:26:50
Firmware: J-Link ARM V8 compiled Sep 20 2013 15:09:45
Hardware: V8.00
S/N : 128537720 
Feature(s) : RDI,FlashDL,FlashBP,JFlash,GDBFULL 
 
* JLink Info: Found SWD-DP with ID 0x1BA01477
* JLink Info: Found SWD-DP with ID 0x1BA01477
* JLink Info: TPIU fitted.
* JLink Info: ETM fitted.
* JLink Info: FPUnit: 6 code (BP) slots and 2 literal slots
* JLink Info: Found Cortex-M3 r1p1, Little endian.
ROMTableAddr = 0xE00FF003
 
Target info:
------------
Device: STM32F103VE
VTarget = 3.287V
State of Pins: 
TCK: 0, TDI: 0, TDO: 0, TMS: 1, TRES: 1, TRST: 1
Hardware-Breakpoints: 6
Software-Breakpoints: 8192
Watchpoints:          4
JTAG speed: 1000 kHz
 
Erase Done.
Programming Done.
Verify OK.
Application running ...
Rebuild target 'Target 1'
assembling startup_stm32f10x_hd.s...
compiling main.c...
main.c(26): warning:  #9-D: nested comment is not allowed
main.c(58): warning:  #68-D: integer conversion resulted in a change of sign
main.c(83): warning:  #223-D: function "flash_init" declared implicitly
main.c(64): warning:  #177-D: variable "a" was declared but never referenced
main.c(65): warning:  #177-D: variable "rate" was declared but never referenced
main.c(66): warning:  #177-D: variable "wheelspeed" was declared but never referenced
compiling stm32f10x_it.c...
compiling OSQMem.c...
compiling USART1.c...
USART1.c(228): warning:  #223-D: function "USART1DMAConfig" declared implicitly
compiling USART1ConFig.c...
USART1ConFig.c(45): warning:  #177-D: variable "USART_ClockInitStructure" was declared but never referenced
compiling Time.c...
Time.c(189): warning:  #1-D: last line of file ends without a newline
compiling CAN1Config.c...
CAN1Config.c(219): warning:  #177-D: variable "ack" was declared but never referenced
compiling CAN.c...
CAN.c(72): warning:  #223-D: function "CAN1SendByte" declared implicitly
CAN.c(77): warning:  #223-D: function "CAN1SendByte" declared implicitly
CAN.c(93): warning:  #223-D: function "CAN1SendByte" declared implicitly
CAN.c(98): warning:  #223-D: function "CAN1SendByte" declared implicitly
compiling UART4Config.c...
compiling UART4.c...
UART4.c(416): warning:  #223-D: function "memcmp" declared implicitly
UART4.c(426): warning:  #223-D: function "make_frame" declared implicitly
UART4.c(427): warning:  #223-D: function "USART3WriteDataToBuffer" declared implicitly
UART4.c(433): warning:  #223-D: function "memcpy" declared implicitly
UART4.c(404): warning:  #177-D: variable "flag" was declared but never referenced
UART4.c(405): warning:  #177-D: variable "i" was declared but never referenced
UART4.c(449): warning:  #223-D: function "memcpy" declared implicitly
compiling MotorControl.c...
MotorControl.c(280): warning:  #223-D: function "CANSendMessage" declared implicitly
compiling LED.c...
LED.c(20): warning:  #1-D: last line of file ends without a newline
compiling USART2.c...
USART2.c(327): warning:  #167-D: argument of type "u8 *" is incompatible with parameter of type "char *restrict"
USART2.c(329): warning:  #167-D: argument of type "u8 *" is incompatible with parameter of type "char *restrict"
USART2.c(332): warning:  #167-D: argument of type "u8 *" is incompatible with parameter of type "char *restrict"
USART2.c(334): warning:  #167-D: argument of type "u8 *" is incompatible with parameter of type "char *restrict"
USART2.c(337): warning:  #167-D: argument of type "u8 *" is incompatible with parameter of type "char *restrict"
USART2.c(339): warning:  #167-D: argument of type "u8 *" is incompatible with parameter of type "char *restrict"
USART2.c(342): warning:  #167-D: argument of type "u8 *" is incompatible with parameter of type "char *restrict"
USART2.c(344): warning:  #167-D: argument of type "u8 *" is incompatible with parameter of type "char *restrict"
USART2.c(347): warning:  #167-D: argument of type "u8 *" is incompatible with parameter of type "char *restrict"
USART2.c(349): warning:  #167-D: argument of type "u8 *" is incompatible with parameter of type "char *restrict"
USART2.c(352): warning:  #167-D: argument of type "u8 *" is incompatible with parameter of type "char *restrict"
USART2.c(354): warning:  #167-D: argument of type "u8 *" is incompatible with parameter of type "char *restrict"
USART2.c(357): warning:  #167-D: argument of type "u8 *" is incompatible with parameter of type "char *restrict"
USART2.c(255): warning:  #177-D: variable "j" was declared but never referenced
USART2.c(256): warning:  #177-D: variable "robotrate" was declared but never referenced
compiling USART2Config.c...
compiling magnav.c...
magnav.c(72): warning:  #177-D: variable "mag_state" was declared but never referenced
magnav.c(73): warning:  #177-D: variable "status" was declared but never referenced
magnav.c(74): warning:  #177-D: variable "i" was declared but never referenced
magnav.c(108): warning:  #177-D: variable "wheelspeed" was declared but never referenced
compiling task.c...
compiling sensors.c...
sensors.c(72): warning:  #940-D: missing return statement at end of non-void function "base_cmd"
sensors.c(163): warning:  #177-D: variable "rate" was declared but never referenced
compiling USART3.c...
USART3.c(401): warning:  #177-D: variable "val" was declared but never referenced
USART3.c(676): warning:  #111-D: statement is unreachable
USART3.c(427): warning:  #550-D: variable "robotrate" was set but never used
USART3.c(429): warning:  #177-D: variable "speed_temp" was declared but never referenced
USART3.c(431): warning:  #177-D: variable "mag_sensor_status" was declared but never referenced
USART3.c(432): warning:  #177-D: variable "mag_sensor_data" was declared but never referenced
USART3.c(433): warning:  #177-D: variable "dir" was declared but never referenced
USART3.c(439): warning:  #177-D: variable "realspeed" was declared but never referenced
compiling USART3Config.c...
compiling FLASH.c...
compiling AHRS.c...
AHRS.c(144): warning:  #940-D: missing return statement at end of non-void function "AHRSCheckDataFrame"
AHRS.c(632): warning:  #1134-D: literal treated as "long long"
AHRS.c(447): warning:  #550-D: variable "q0q0" was set but never used
compiling misc.c...
compiling stm32f10x_adc.c...
compiling stm32f10x_bkp.c...
compiling stm32f10x_can.c...
compiling stm32f10x_cec.c...
compiling stm32f10x_crc.c...
compiling stm32f10x_dac.c...
compiling stm32f10x_dbgmcu.c...
compiling stm32f10x_dma.c...
compiling stm32f10x_exti.c...
compiling stm32f10x_flash.c...
compiling stm32f10x_fsmc.c...
compiling stm32f10x_gpio.c...
compiling stm32f10x_i2c.c...
compiling stm32f10x_iwdg.c...
compiling stm32f10x_pwr.c...
compiling stm32f10x_rcc.c...
compiling stm32f10x_rtc.c...
compiling stm32f10x_sdio.c...
compiling stm32f10x_spi.c...
compiling stm32f10x_tim.c...
compiling stm32f10x_usart.c...
compiling stm32f10x_wwdg.c...
compiling odometry.c...
odometry.c(24): warning:  #223-D: function "ComputeBaseSpeed" declared implicitly
compiling core_cm3.c...
compiling system_stm32f10x.c...
linking...
Program Size: Code=43592 RO-data=864 RW-data=808 ZI-data=9512  
FromELF: creating hex file...
"..\Output\STM32-DEMO.axf" - 0 Errors, 56 Warning(s).
Load "..\\Output\\STM32-DEMO.axf" 
Set JLink Project File to "C:\Users\Administrator\Desktop\HandyBot v1.0 8.13 +江苏卫视(1120初步可用)\USER\JLinkSettings.ini"
* JLink Info: Device "STM32F103VE" selected (512 KB flash, 64 KB RAM).
 
JLink info:
------------
DLL: V4.68a, compiled Apr 12 2013 13:26:50
Firmware: J-Link ARM V8 compiled Sep 20 2013 15:09:45
Hardware: V8.00
S/N : 128537720 
Feature(s) : RDI,FlashDL,FlashBP,JFlash,GDBFULL 
 
* JLink Info: STM32F1xxx: Can not attach to CPU. Trying connect under reset.
**JLink Warning: RESET (pin 15) high, but should be low. Please check target hardware.
***JLink Error: Supply voltage too low (1 Volt is required, Measured: 0.0 Volt).
Please check target power.
Load "..\\Output\\STM32-DEMO.axf" 
Set JLink Project File to "C:\Users\Administrator\Desktop\HandyBot v1.0 8.13 +江苏卫视(1120初步可用)\USER\JLinkSettings.ini"
* JLink Info: Device "STM32F103VE" selected (512 KB flash, 64 KB RAM).
 
JLink info:
------------
DLL: V4.68a, compiled Apr 12 2013 13:26:50
Firmware: J-Link ARM V8 compiled Sep 20 2013 15:09:45
Hardware: V8.00
S/N : 128537720 
Feature(s) : RDI,FlashDL,FlashBP,JFlash,GDBFULL 
 
* JLink Info: STM32F1xxx: Can not attach to CPU. Trying connect under reset.
**JLink Warning: RESET (pin 15) high, but should be low. Please check target hardware.
***JLink Error: Supply voltage too low (1 Volt is required, Measured: 0.0 Volt).
Please check target power.
Load "..\\Output\\STM32-DEMO.axf" 
Set JLink Project File to "C:\Users\Administrator\Desktop\HandyBot v1.0 8.13 +江苏卫视(1120初步可用)\USER\JLinkSettings.ini"
* JLink Info: Device "STM32F103VE" selected (512 KB flash, 64 KB RAM).
 
JLink info:
------------
DLL: V4.68a, compiled Apr 12 2013 13:26:50
Firmware: J-Link ARM V8 compiled Sep 20 2013 15:09:45
Hardware: V8.00
S/N : 128537720 
Feature(s) : RDI,FlashDL,FlashBP,JFlash,GDBFULL 
 
* JLink Info: Found SWD-DP with ID 0x1BA01477
* JLink Info: Found SWD-DP with ID 0x1BA01477
* JLink Info: TPIU fitted.
* JLink Info: ETM fitted.
* JLink Info: FPUnit: 6 code (BP) slots and 2 literal slots
* JLink Info: Found Cortex-M3 r1p1, Little endian.
ROMTableAddr = 0xE00FF003
 
Target info:
------------
Device: STM32F103VE
VTarget = 3.287V
State of Pins: 
TCK: 0, TDI: 0, TDO: 0, TMS: 1, TRES: 1, TRST: 1
Hardware-Breakpoints: 6
Software-Breakpoints: 8192
Watchpoints:          4
JTAG speed: 1000 kHz
 
Erase Done.
Programming Done.
Verify OK.
Application running ...
Rebuild target 'Target 1'
assembling startup_stm32f10x_hd.s...
compiling main.c...
main.c(26): warning:  #9-D: nested comment is not allowed
main.c(58): warning:  #68-D: integer conversion resulted in a change of sign
main.c(83): warning:  #223-D: function "flash_init" declared implicitly
main.c(64): warning:  #177-D: variable "a" was declared but never referenced
main.c(65): warning:  #177-D: variable "rate" was declared but never referenced
main.c(66): warning:  #177-D: variable "wheelspeed" was declared but never referenced
compiling stm32f10x_it.c...
compiling OSQMem.c...
compiling USART1.c...
USART1.c(228): warning:  #223-D: function "USART1DMAConfig" declared implicitly
compiling USART1ConFig.c...
USART1ConFig.c(45): warning:  #177-D: variable "USART_ClockInitStructure" was declared but never referenced
compiling Time.c...
Time.c(189): warning:  #1-D: last line of file ends without a newline
compiling CAN1Config.c...
CAN1Config.c(219): warning:  #177-D: variable "ack" was declared but never referenced
compiling CAN.c...
CAN.c(72): warning:  #223-D: function "CAN1SendByte" declared implicitly
CAN.c(77): warning:  #223-D: function "CAN1SendByte" declared implicitly
CAN.c(93): warning:  #223-D: function "CAN1SendByte" declared implicitly
CAN.c(98): warning:  #223-D: function "CAN1SendByte" declared implicitly
compiling UART4Config.c...
compiling UART4.c...
UART4.c(416): warning:  #223-D: function "memcmp" declared implicitly
UART4.c(426): warning:  #223-D: function "make_frame" declared implicitly
UART4.c(427): warning:  #223-D: function "USART3WriteDataToBuffer" declared implicitly
UART4.c(433): warning:  #223-D: function "memcpy" declared implicitly
UART4.c(404): warning:  #177-D: variable "flag" was declared but never referenced
UART4.c(405): warning:  #177-D: variable "i" was declared but never referenced
UART4.c(449): warning:  #223-D: function "memcpy" declared implicitly
compiling MotorControl.c...
MotorControl.c(280): warning:  #223-D: function "CANSendMessage" declared implicitly
compiling LED.c...
LED.c(20): warning:  #1-D: last line of file ends without a newline
compiling USART2.c...
USART2.c(327): warning:  #167-D: argument of type "u8 *" is incompatible with parameter of type "char *restrict"
USART2.c(329): warning:  #167-D: argument of type "u8 *" is incompatible with parameter of type "char *restrict"
USART2.c(332): warning:  #167-D: argument of type "u8 *" is incompatible with parameter of type "char *restrict"
USART2.c(334): warning:  #167-D: argument of type "u8 *" is incompatible with parameter of type "char *restrict"
USART2.c(337): warning:  #167-D: argument of type "u8 *" is incompatible with parameter of type "char *restrict"
USART2.c(339): warning:  #167-D: argument of type "u8 *" is incompatible with parameter of type "char *restrict"
USART2.c(342): warning:  #167-D: argument of type "u8 *" is incompatible with parameter of type "char *restrict"
USART2.c(344): warning:  #167-D: argument of type "u8 *" is incompatible with parameter of type "char *restrict"
USART2.c(347): warning:  #167-D: argument of type "u8 *" is incompatible with parameter of type "char *restrict"
USART2.c(349): warning:  #167-D: argument of type "u8 *" is incompatible with parameter of type "char *restrict"
USART2.c(352): warning:  #167-D: argument of type "u8 *" is incompatible with parameter of type "char *restrict"
USART2.c(354): warning:  #167-D: argument of type "u8 *" is incompatible with parameter of type "char *restrict"
USART2.c(357): warning:  #167-D: argument of type "u8 *" is incompatible with parameter of type "char *restrict"
USART2.c(255): warning:  #177-D: variable "j" was declared but never referenced
USART2.c(256): warning:  #177-D: variable "robotrate" was declared but never referenced
compiling USART2Config.c...
compiling magnav.c...
magnav.c(72): warning:  #177-D: variable "mag_state" was declared but never referenced
magnav.c(73): warning:  #177-D: variable "status" was declared but never referenced
magnav.c(74): warning:  #177-D: variable "i" was declared but never referenced
magnav.c(108): warning:  #177-D: variable "wheelspeed" was declared but never referenced
compiling task.c...
compiling sensors.c...
sensors.c(72): warning:  #940-D: missing return statement at end of non-void function "base_cmd"
sensors.c(163): warning:  #177-D: variable "rate" was declared but never referenced
compiling USART3.c...
USART3.c(401): warning:  #177-D: variable "val" was declared but never referenced
USART3.c(676): warning:  #111-D: statement is unreachable
USART3.c(427): warning:  #550-D: variable "robotrate" was set but never used
USART3.c(429): warning:  #177-D: variable "speed_temp" was declared but never referenced
USART3.c(431): warning:  #177-D: variable "mag_sensor_status" was declared but never referenced
USART3.c(432): warning:  #177-D: variable "mag_sensor_data" was declared but never referenced
USART3.c(433): warning:  #177-D: variable "dir" was declared but never referenced
USART3.c(439): warning:  #177-D: variable "realspeed" was declared but never referenced
compiling USART3Config.c...
compiling FLASH.c...
compiling AHRS.c...
AHRS.c(144): warning:  #940-D: missing return statement at end of non-void function "AHRSCheckDataFrame"
AHRS.c(632): warning:  #1134-D: literal treated as "long long"
AHRS.c(447): warning:  #550-D: variable "q0q0" was set but never used
compiling misc.c...
compiling stm32f10x_adc.c...
compiling stm32f10x_bkp.c...
compiling stm32f10x_can.c...
compiling stm32f10x_cec.c...
compiling stm32f10x_crc.c...
compiling stm32f10x_dac.c...
compiling stm32f10x_dbgmcu.c...
compiling stm32f10x_dma.c...
compiling stm32f10x_exti.c...
compiling stm32f10x_flash.c...
compiling stm32f10x_fsmc.c...
compiling stm32f10x_gpio.c...
compiling stm32f10x_i2c.c...
compiling stm32f10x_iwdg.c...
compiling stm32f10x_pwr.c...
compiling stm32f10x_rcc.c...
compiling stm32f10x_rtc.c...
compiling stm32f10x_sdio.c...
compiling stm32f10x_spi.c...
compiling stm32f10x_tim.c...
compiling stm32f10x_usart.c...
compiling stm32f10x_wwdg.c...
compiling odometry.c...
odometry.c(24): warning:  #223-D: function "ComputeBaseSpeed" declared implicitly
compiling core_cm3.c...
compiling system_stm32f10x.c...
linking...
Program Size: Code=43648 RO-data=864 RW-data=808 ZI-data=9512  
FromELF: creating hex file...
"..\Output\STM32-DEMO.axf" - 0 Errors, 56 Warning(s).
Load "..\\Output\\STM32-DEMO.axf" 
Set JLink Project File to "C:\Users\Administrator\Desktop\HandyBot v1.0 8.13 +江苏卫视(1120初步可用)\USER\JLinkSettings.ini"
* JLink Info: Device "STM32F103VE" selected (512 KB flash, 64 KB RAM).
 
JLink info:
------------
DLL: V4.68a, compiled Apr 12 2013 13:26:50
Firmware: J-Link ARM V8 compiled Sep 20 2013 15:09:45
Hardware: V8.00
S/N : 128537720 
Feature(s) : RDI,FlashDL,FlashBP,JFlash,GDBFULL 
 
* JLink Info: Found SWD-DP with ID 0x1BA01477
* JLink Info: Found SWD-DP with ID 0x1BA01477
* JLink Info: TPIU fitted.
* JLink Info: ETM fitted.
* JLink Info: FPUnit: 6 code (BP) slots and 2 literal slots
* JLink Info: Found Cortex-M3 r1p1, Little endian.
ROMTableAddr = 0xE00FF003
 
Target info:
------------
Device: STM32F103VE
VTarget = 3.287V
State of Pins: 
TCK: 0, TDI: 0, TDO: 0, TMS: 1, TRES: 1, TRST: 1
Hardware-Breakpoints: 6
Software-Breakpoints: 8192
Watchpoints:          4
JTAG speed: 1000 kHz
 
Erase Done.
Programming Done.
Verify OK.
Application running ...
Rebuild target 'Target 1'
assembling startup_stm32f10x_hd.s...
compiling main.c...
main.c(26): warning:  #9-D: nested comment is not allowed
main.c(58): warning:  #68-D: integer conversion resulted in a change of sign
main.c(83): warning:  #223-D: function "flash_init" declared implicitly
main.c(64): warning:  #177-D: variable "a" was declared but never referenced
main.c(65): warning:  #177-D: variable "rate" was declared but never referenced
main.c(66): warning:  #177-D: variable "wheelspeed" was declared but never referenced
compiling stm32f10x_it.c...
compiling OSQMem.c...
compiling USART1.c...
USART1.c(228): warning:  #223-D: function "USART1DMAConfig" declared implicitly
compiling USART1ConFig.c...
USART1ConFig.c(45): warning:  #177-D: variable "USART_ClockInitStructure" was declared but never referenced
compiling Time.c...
Time.c(189): warning:  #1-D: last line of file ends without a newline
compiling CAN1Config.c...
CAN1Config.c(219): warning:  #177-D: variable "ack" was declared but never referenced
compiling CAN.c...
CAN.c(72): warning:  #223-D: function "CAN1SendByte" declared implicitly
CAN.c(77): warning:  #223-D: function "CAN1SendByte" declared implicitly
CAN.c(93): warning:  #223-D: function "CAN1SendByte" declared implicitly
CAN.c(98): warning:  #223-D: function "CAN1SendByte" declared implicitly
compiling UART4Config.c...
compiling UART4.c...
UART4.c(416): warning:  #223-D: function "memcmp" declared implicitly
UART4.c(426): warning:  #223-D: function "make_frame" declared implicitly
UART4.c(427): warning:  #223-D: function "USART3WriteDataToBuffer" declared implicitly
UART4.c(433): warning:  #223-D: function "memcpy" declared implicitly
UART4.c(404): warning:  #177-D: variable "flag" was declared but never referenced
UART4.c(405): warning:  #177-D: variable "i" was declared but never referenced
UART4.c(449): warning:  #223-D: function "memcpy" declared implicitly
compiling MotorControl.c...
MotorControl.c(280): warning:  #223-D: function "CANSendMessage" declared implicitly
compiling LED.c...
LED.c(20): warning:  #1-D: last line of file ends without a newline
compiling USART2.c...
USART2.c(327): warning:  #167-D: argument of type "u8 *" is incompatible with parameter of type "char *restrict"
USART2.c(329): warning:  #167-D: argument of type "u8 *" is incompatible with parameter of type "char *restrict"
USART2.c(332): warning:  #167-D: argument of type "u8 *" is incompatible with parameter of type "char *restrict"
USART2.c(334): warning:  #167-D: argument of type "u8 *" is incompatible with parameter of type "char *restrict"
USART2.c(337): warning:  #167-D: argument of type "u8 *" is incompatible with parameter of type "char *restrict"
USART2.c(339): warning:  #167-D: argument of type "u8 *" is incompatible with parameter of type "char *restrict"
USART2.c(342): warning:  #167-D: argument of type "u8 *" is incompatible with parameter of type "char *restrict"
USART2.c(344): warning:  #167-D: argument of type "u8 *" is incompatible with parameter of type "char *restrict"
USART2.c(347): warning:  #167-D: argument of type "u8 *" is incompatible with parameter of type "char *restrict"
USART2.c(349): warning:  #167-D: argument of type "u8 *" is incompatible with parameter of type "char *restrict"
USART2.c(352): warning:  #167-D: argument of type "u8 *" is incompatible with parameter of type "char *restrict"
USART2.c(354): warning:  #167-D: argument of type "u8 *" is incompatible with parameter of type "char *restrict"
USART2.c(357): warning:  #167-D: argument of type "u8 *" is incompatible with parameter of type "char *restrict"
USART2.c(255): warning:  #177-D: variable "j" was declared but never referenced
USART2.c(256): warning:  #177-D: variable "robotrate" was declared but never referenced
compiling USART2Config.c...
compiling magnav.c...
magnav.c(72): warning:  #177-D: variable "mag_state" was declared but never referenced
magnav.c(73): warning:  #177-D: variable "status" was declared but never referenced
magnav.c(74): warning:  #177-D: variable "i" was declared but never referenced
magnav.c(108): warning:  #177-D: variable "wheelspeed" was declared but never referenced
compiling task.c...
compiling sensors.c...
sensors.c(72): warning:  #940-D: missing return statement at end of non-void function "base_cmd"
sensors.c(163): warning:  #177-D: variable "rate" was declared but never referenced
compiling USART3.c...
USART3.c(401): warning:  #177-D: variable "val" was declared but never referenced
USART3.c(676): warning:  #111-D: statement is unreachable
USART3.c(427): warning:  #550-D: variable "robotrate" was set but never used
USART3.c(429): warning:  #177-D: variable "speed_temp" was declared but never referenced
USART3.c(431): warning:  #177-D: variable "mag_sensor_status" was declared but never referenced
USART3.c(432): warning:  #177-D: variable "mag_sensor_data" was declared but never referenced
USART3.c(433): warning:  #177-D: variable "dir" was declared but never referenced
USART3.c(439): warning:  #177-D: variable "realspeed" was declared but never referenced
compiling USART3Config.c...
compiling FLASH.c...
compiling AHRS.c...
AHRS.c(144): warning:  #940-D: missing return statement at end of non-void function "AHRSCheckDataFrame"
AHRS.c(632): warning:  #1134-D: literal treated as "long long"
AHRS.c(447): warning:  #550-D: variable "q0q0" was set but never used
compiling misc.c...
compiling stm32f10x_adc.c...
compiling stm32f10x_bkp.c...
compiling stm32f10x_can.c...
compiling stm32f10x_cec.c...
compiling stm32f10x_crc.c...
compiling stm32f10x_dac.c...
compiling stm32f10x_dbgmcu.c...
compiling stm32f10x_dma.c...
compiling stm32f10x_exti.c...
compiling stm32f10x_flash.c...
compiling stm32f10x_fsmc.c...
compiling stm32f10x_gpio.c...
compiling stm32f10x_i2c.c...
compiling stm32f10x_iwdg.c...
compiling stm32f10x_pwr.c...
compiling stm32f10x_rcc.c...
compiling stm32f10x_rtc.c...
compiling stm32f10x_sdio.c...
compiling stm32f10x_spi.c...
compiling stm32f10x_tim.c...
compiling stm32f10x_usart.c...
compiling stm32f10x_wwdg.c...
compiling odometry.c...
odometry.c(24): warning:  #223-D: function "ComputeBaseSpeed" declared implicitly
compiling core_cm3.c...
compiling system_stm32f10x.c...
linking...
Program Size: Code=44000 RO-data=864 RW-data=808 ZI-data=9512  
FromELF: creating hex file...
"..\Output\STM32-DEMO.axf" - 0 Errors, 56 Warning(s).
Load "..\\Output\\STM32-DEMO.axf" 
Set JLink Project File to "C:\Users\Administrator\Desktop\HandyBot v1.0 8.13 +江苏卫视(1120初步可用)\USER\JLinkSettings.ini"
* JLink Info: Device "STM32F103VE" selected (512 KB flash, 64 KB RAM).
 
JLink info:
------------
DLL: V4.68a, compiled Apr 12 2013 13:26:50
Firmware: J-Link ARM V8 compiled Sep 20 2013 15:09:45
Hardware: V8.00
S/N : 128537720 
Feature(s) : RDI,FlashDL,FlashBP,JFlash,GDBFULL 
 
* JLink Info: Found SWD-DP with ID 0x1BA01477
* JLink Info: Found SWD-DP with ID 0x1BA01477
* JLink Info: TPIU fitted.
* JLink Info: ETM fitted.
* JLink Info: FPUnit: 6 code (BP) slots and 2 literal slots
* JLink Info: Found Cortex-M3 r1p1, Little endian.
ROMTableAddr = 0xE00FF003
 
Target info:
------------
Device: STM32F103VE
VTarget = 3.287V
State of Pins: 
TCK: 0, TDI: 0, TDO: 0, TMS: 1, TRES: 1, TRST: 1
Hardware-Breakpoints: 6
Software-Breakpoints: 8192
Watchpoints:          4
JTAG speed: 1000 kHz
 
***JLink Error: Can not read register 0 (R0) while CPU is running
***JLink Error: Can not read register 1 (R1) while CPU is running
***JLink Error: Can not read register 2 (R2) while CPU is running
***JLink Error: Can not read register 3 (R3) while CPU is running
Erase Done.
Programming Done.
Verify OK.
Application running ...
Rebuild target 'Target 1'
assembling startup_stm32f10x_hd.s...
compiling main.c...
main.c(26): warning:  #9-D: nested comment is not allowed
main.c(58): warning:  #68-D: integer conversion resulted in a change of sign
main.c(83): warning:  #223-D: function "flash_init" declared implicitly
main.c(64): warning:  #177-D: variable "a" was declared but never referenced
main.c(65): warning:  #177-D: variable "rate" was declared but never referenced
main.c(66): warning:  #177-D: variable "wheelspeed" was declared but never referenced
compiling stm32f10x_it.c...
compiling OSQMem.c...
compiling USART1.c...
USART1.c(228): warning:  #223-D: function "USART1DMAConfig" declared implicitly
compiling USART1ConFig.c...
USART1ConFig.c(45): warning:  #177-D: variable "USART_ClockInitStructure" was declared but never referenced
compiling Time.c...
Time.c(189): warning:  #1-D: last line of file ends without a newline
compiling CAN1Config.c...
CAN1Config.c(219): warning:  #177-D: variable "ack" was declared but never referenced
compiling CAN.c...
CAN.c(72): warning:  #223-D: function "CAN1SendByte" declared implicitly
CAN.c(77): warning:  #223-D: function "CAN1SendByte" declared implicitly
CAN.c(93): warning:  #223-D: function "CAN1SendByte" declared implicitly
CAN.c(98): warning:  #223-D: function "CAN1SendByte" declared implicitly
compiling UART4Config.c...
compiling UART4.c...
UART4.c(416): warning:  #223-D: function "memcmp" declared implicitly
UART4.c(426): warning:  #223-D: function "make_frame" declared implicitly
UART4.c(427): warning:  #223-D: function "USART3WriteDataToBuffer" declared implicitly
UART4.c(433): warning:  #223-D: function "memcpy" declared implicitly
UART4.c(404): warning:  #177-D: variable "flag" was declared but never referenced
UART4.c(405): warning:  #177-D: variable "i" was declared but never referenced
UART4.c(449): warning:  #223-D: function "memcpy" declared implicitly
compiling MotorControl.c...
MotorControl.c(280): warning:  #223-D: function "CANSendMessage" declared implicitly
compiling LED.c...
LED.c(20): warning:  #1-D: last line of file ends without a newline
compiling USART2.c...
USART2.c(327): warning:  #167-D: argument of type "u8 *" is incompatible with parameter of type "char *restrict"
USART2.c(329): warning:  #167-D: argument of type "u8 *" is incompatible with parameter of type "char *restrict"
USART2.c(332): warning:  #167-D: argument of type "u8 *" is incompatible with parameter of type "char *restrict"
USART2.c(334): warning:  #167-D: argument of type "u8 *" is incompatible with parameter of type "char *restrict"
USART2.c(337): warning:  #167-D: argument of type "u8 *" is incompatible with parameter of type "char *restrict"
USART2.c(339): warning:  #167-D: argument of type "u8 *" is incompatible with parameter of type "char *restrict"
USART2.c(342): warning:  #167-D: argument of type "u8 *" is incompatible with parameter of type "char *restrict"
USART2.c(344): warning:  #167-D: argument of type "u8 *" is incompatible with parameter of type "char *restrict"
USART2.c(347): warning:  #167-D: argument of type "u8 *" is incompatible with parameter of type "char *restrict"
USART2.c(349): warning:  #167-D: argument of type "u8 *" is incompatible with parameter of type "char *restrict"
USART2.c(352): warning:  #167-D: argument of type "u8 *" is incompatible with parameter of type "char *restrict"
USART2.c(354): warning:  #167-D: argument of type "u8 *" is incompatible with parameter of type "char *restrict"
USART2.c(357): warning:  #167-D: argument of type "u8 *" is incompatible with parameter of type "char *restrict"
USART2.c(255): warning:  #177-D: variable "j" was declared but never referenced
USART2.c(256): warning:  #177-D: variable "robotrate" was declared but never referenced
compiling USART2Config.c...
compiling magnav.c...
magnav.c(72): warning:  #177-D: variable "mag_state" was declared but never referenced
magnav.c(73): warning:  #177-D: variable "status" was declared but never referenced
magnav.c(74): warning:  #177-D: variable "i" was declared but never referenced
magnav.c(108): warning:  #177-D: variable "wheelspeed" was declared but never referenced
compiling task.c...
compiling sensors.c...
sensors.c(72): warning:  #940-D: missing return statement at end of non-void function "base_cmd"
sensors.c(163): warning:  #177-D: variable "rate" was declared but never referenced
compiling USART3.c...
USART3.c(401): warning:  #177-D: variable "val" was declared but never referenced
USART3.c(676): warning:  #111-D: statement is unreachable
USART3.c(427): warning:  #550-D: variable "robotrate" was set but never used
USART3.c(429): warning:  #177-D: variable "speed_temp" was declared but never referenced
USART3.c(431): warning:  #177-D: variable "mag_sensor_status" was declared but never referenced
USART3.c(432): warning:  #177-D: variable "mag_sensor_data" was declared but never referenced
USART3.c(433): warning:  #177-D: variable "dir" was declared but never referenced
USART3.c(439): warning:  #177-D: variable "realspeed" was declared but never referenced
compiling USART3Config.c...
compiling FLASH.c...
compiling AHRS.c...
AHRS.c(144): warning:  #940-D: missing return statement at end of non-void function "AHRSCheckDataFrame"
AHRS.c(632): warning:  #1134-D: literal treated as "long long"
AHRS.c(447): warning:  #550-D: variable "q0q0" was set but never used
compiling misc.c...
compiling stm32f10x_adc.c...
compiling stm32f10x_bkp.c...
compiling stm32f10x_can.c...
compiling stm32f10x_cec.c...
compiling stm32f10x_crc.c...
compiling stm32f10x_dac.c...
compiling stm32f10x_dbgmcu.c...
compiling stm32f10x_dma.c...
compiling stm32f10x_exti.c...
compiling stm32f10x_flash.c...
compiling stm32f10x_fsmc.c...
compiling stm32f10x_gpio.c...
compiling stm32f10x_i2c.c...
compiling stm32f10x_iwdg.c...
compiling stm32f10x_pwr.c...
compiling stm32f10x_rcc.c...
compiling stm32f10x_rtc.c...
compiling stm32f10x_sdio.c...
compiling stm32f10x_spi.c...
compiling stm32f10x_tim.c...
compiling stm32f10x_usart.c...
compiling stm32f10x_wwdg.c...
compiling odometry.c...
odometry.c(24): warning:  #223-D: function "ComputeBaseSpeed" declared implicitly
compiling core_cm3.c...
compiling system_stm32f10x.c...
linking...
Program Size: Code=44000 RO-data=864 RW-data=808 ZI-data=9512  
FromELF: creating hex file...
"..\Output\STM32-DEMO.axf" - 0 Errors, 56 Warning(s).
Load "..\\Output\\STM32-DEMO.axf" 
Set JLink Project File to "C:\Users\Administrator\Desktop\HandyBot v1.0 8.13 +江苏卫视(1120初步可用)\USER\JLinkSettings.ini"
* JLink Info: Device "STM32F103VE" selected (512 KB flash, 64 KB RAM).
 
JLink info:
------------
DLL: V4.68a, compiled Apr 12 2013 13:26:50
Firmware: J-Link ARM V8 compiled Sep 20 2013 15:09:45
Hardware: V8.00
S/N : 128537720 
Feature(s) : RDI,FlashDL,FlashBP,JFlash,GDBFULL 
 
* JLink Info: Found SWD-DP with ID 0x1BA01477
* JLink Info: Found SWD-DP with ID 0x1BA01477
* JLink Info: TPIU fitted.
* JLink Info: ETM fitted.
* JLink Info: FPUnit: 6 code (BP) slots and 2 literal slots
* JLink Info: Found Cortex-M3 r1p1, Little endian.
ROMTableAddr = 0xE00FF003
 
Target info:
------------
Device: STM32F103VE
VTarget = 3.287V
State of Pins: 
TCK: 0, TDI: 0, TDO: 0, TMS: 1, TRES: 1, TRST: 1
Hardware-Breakpoints: 6
Software-Breakpoints: 8192
Watchpoints:          4
JTAG speed: 1000 kHz
 
Erase Done.
Programming Done.
Verify OK.
Application running ...
Rebuild target 'Target 1'
assembling startup_stm32f10x_hd.s...
compiling main.c...
main.c(26): warning:  #9-D: nested comment is not allowed
main.c(58): warning:  #68-D: integer conversion resulted in a change of sign
main.c(83): warning:  #223-D: function "flash_init" declared implicitly
main.c(64): warning:  #177-D: variable "a" was declared but never referenced
main.c(65): warning:  #177-D: variable "rate" was declared but never referenced
main.c(66): warning:  #177-D: variable "wheelspeed" was declared but never referenced
compiling stm32f10x_it.c...
compiling OSQMem.c...
compiling USART1.c...
USART1.c(228): warning:  #223-D: function "USART1DMAConfig" declared implicitly
compiling USART1ConFig.c...
USART1ConFig.c(45): warning:  #177-D: variable "USART_ClockInitStructure" was declared but never referenced
compiling Time.c...
Time.c(189): warning:  #1-D: last line of file ends without a newline
compiling CAN1Config.c...
CAN1Config.c(219): warning:  #177-D: variable "ack" was declared but never referenced
compiling CAN.c...
CAN.c(72): warning:  #223-D: function "CAN1SendByte" declared implicitly
CAN.c(77): warning:  #223-D: function "CAN1SendByte" declared implicitly
CAN.c(93): warning:  #223-D: function "CAN1SendByte" declared implicitly
CAN.c(98): warning:  #223-D: function "CAN1SendByte" declared implicitly
compiling UART4Config.c...
compiling UART4.c...
UART4.c(416): warning:  #223-D: function "memcmp" declared implicitly
UART4.c(426): warning:  #223-D: function "make_frame" declared implicitly
UART4.c(427): warning:  #223-D: function "USART3WriteDataToBuffer" declared implicitly
UART4.c(433): warning:  #223-D: function "memcpy" declared implicitly
UART4.c(404): warning:  #177-D: variable "flag" was declared but never referenced
UART4.c(405): warning:  #177-D: variable "i" was declared but never referenced
UART4.c(449): warning:  #223-D: function "memcpy" declared implicitly
compiling MotorControl.c...
MotorControl.c(280): warning:  #223-D: function "CANSendMessage" declared implicitly
compiling LED.c...
LED.c(20): warning:  #1-D: last line of file ends without a newline
compiling USART2.c...
USART2.c(327): warning:  #167-D: argument of type "u8 *" is incompatible with parameter of type "char *restrict"
USART2.c(329): warning:  #167-D: argument of type "u8 *" is incompatible with parameter of type "char *restrict"
USART2.c(332): warning:  #167-D: argument of type "u8 *" is incompatible with parameter of type "char *restrict"
USART2.c(334): warning:  #167-D: argument of type "u8 *" is incompatible with parameter of type "char *restrict"
USART2.c(337): warning:  #167-D: argument of type "u8 *" is incompatible with parameter of type "char *restrict"
USART2.c(339): warning:  #167-D: argument of type "u8 *" is incompatible with parameter of type "char *restrict"
USART2.c(342): warning:  #167-D: argument of type "u8 *" is incompatible with parameter of type "char *restrict"
USART2.c(344): warning:  #167-D: argument of type "u8 *" is incompatible with parameter of type "char *restrict"
USART2.c(347): warning:  #167-D: argument of type "u8 *" is incompatible with parameter of type "char *restrict"
USART2.c(349): warning:  #167-D: argument of type "u8 *" is incompatible with parameter of type "char *restrict"
USART2.c(352): warning:  #167-D: argument of type "u8 *" is incompatible with parameter of type "char *restrict"
USART2.c(354): warning:  #167-D: argument of type "u8 *" is incompatible with parameter of type "char *restrict"
USART2.c(357): warning:  #167-D: argument of type "u8 *" is incompatible with parameter of type "char *restrict"
USART2.c(255): warning:  #177-D: variable "j" was declared but never referenced
USART2.c(256): warning:  #177-D: variable "robotrate" was declared but never referenced
compiling USART2Config.c...
compiling magnav.c...
magnav.c(72): warning:  #177-D: variable "mag_state" was declared but never referenced
magnav.c(73): warning:  #177-D: variable "status" was declared but never referenced
magnav.c(74): warning:  #177-D: variable "i" was declared but never referenced
magnav.c(108): warning:  #177-D: variable "wheelspeed" was declared but never referenced
compiling task.c...
compiling sensors.c...
sensors.c(72): warning:  #940-D: missing return statement at end of non-void function "base_cmd"
sensors.c(163): warning:  #177-D: variable "rate" was declared but never referenced
compiling USART3.c...
USART3.c(401): warning:  #177-D: variable "val" was declared but never referenced
USART3.c(676): warning:  #111-D: statement is unreachable
USART3.c(427): warning:  #550-D: variable "robotrate" was set but never used
USART3.c(429): warning:  #177-D: variable "speed_temp" was declared but never referenced
USART3.c(431): warning:  #177-D: variable "mag_sensor_status" was declared but never referenced
USART3.c(432): warning:  #177-D: variable "mag_sensor_data" was declared but never referenced
USART3.c(433): warning:  #177-D: variable "dir" was declared but never referenced
USART3.c(439): warning:  #177-D: variable "realspeed" was declared but never referenced
compiling USART3Config.c...
compiling FLASH.c...
compiling AHRS.c...
AHRS.c(144): warning:  #940-D: missing return statement at end of non-void function "AHRSCheckDataFrame"
AHRS.c(632): warning:  #1134-D: literal treated as "long long"
AHRS.c(447): warning:  #550-D: variable "q0q0" was set but never used
compiling misc.c...
compiling stm32f10x_adc.c...
compiling stm32f10x_bkp.c...
compiling stm32f10x_can.c...
compiling stm32f10x_cec.c...
compiling stm32f10x_crc.c...
compiling stm32f10x_dac.c...
compiling stm32f10x_dbgmcu.c...
compiling stm32f10x_dma.c...
compiling stm32f10x_exti.c...
compiling stm32f10x_flash.c...
compiling stm32f10x_fsmc.c...
compiling stm32f10x_gpio.c...
compiling stm32f10x_i2c.c...
compiling stm32f10x_iwdg.c...
compiling stm32f10x_pwr.c...
compiling stm32f10x_rcc.c...
compiling stm32f10x_rtc.c...
compiling stm32f10x_sdio.c...
compiling stm32f10x_spi.c...
compiling stm32f10x_tim.c...
compiling stm32f10x_usart.c...
compiling stm32f10x_wwdg.c...
compiling odometry.c...
odometry.c(24): warning:  #223-D: function "ComputeBaseSpeed" declared implicitly
compiling core_cm3.c...
compiling system_stm32f10x.c...
linking...
Program Size: Code=44000 RO-data=864 RW-data=808 ZI-data=9512  
FromELF: creating hex file...
"..\Output\STM32-DEMO.axf" - 0 Errors, 56 Warning(s).
Load "..\\Output\\STM32-DEMO.axf" 
Set JLink Project File to "C:\Users\Administrator\Desktop\HandyBot v1.0 8.13 +江苏卫视(1120初步可用)\USER\JLinkSettings.ini"
* JLink Info: Device "STM32F103VE" selected (512 KB flash, 64 KB RAM).
 
JLink info:
------------
DLL: V4.68a, compiled Apr 12 2013 13:26:50
Firmware: J-Link ARM V8 compiled Sep 20 2013 15:09:45
Hardware: V8.00
S/N : 128537720 
Feature(s) : RDI,FlashDL,FlashBP,JFlash,GDBFULL 
 
* JLink Info: Found SWD-DP with ID 0x1BA01477
* JLink Info: Found SWD-DP with ID 0x1BA01477
* JLink Info: TPIU fitted.
* JLink Info: ETM fitted.
* JLink Info: FPUnit: 6 code (BP) slots and 2 literal slots
* JLink Info: Found Cortex-M3 r1p1, Little endian.
ROMTableAddr = 0xE00FF003
 
Target info:
------------
Device: STM32F103VE
VTarget = 3.287V
State of Pins: 
TCK: 0, TDI: 0, TDO: 0, TMS: 1, TRES: 1, TRST: 1
Hardware-Breakpoints: 6
Software-Breakpoints: 8192
Watchpoints:          4
JTAG speed: 1000 kHz
 
Erase Done.
Programming Done.
Verify OK.
Application running ...
Rebuild target 'Target 1'
assembling startup_stm32f10x_hd.s...
compiling main.c...
main.c(26): warning:  #9-D: nested comment is not allowed
main.c(58): warning:  #68-D: integer conversion resulted in a change of sign
main.c(83): warning:  #223-D: function "flash_init" declared implicitly
main.c(64): warning:  #177-D: variable "a" was declared but never referenced
main.c(65): warning:  #177-D: variable "rate" was declared but never referenced
main.c(66): warning:  #177-D: variable "wheelspeed" was declared but never referenced
compiling stm32f10x_it.c...
compiling OSQMem.c...
compiling USART1.c...
USART1.c(228): warning:  #223-D: function "USART1DMAConfig" declared implicitly
compiling USART1ConFig.c...
USART1ConFig.c(45): warning:  #177-D: variable "USART_ClockInitStructure" was declared but never referenced
compiling Time.c...
Time.c(189): warning:  #1-D: last line of file ends without a newline
compiling CAN1Config.c...
CAN1Config.c(219): warning:  #177-D: variable "ack" was declared but never referenced
compiling CAN.c...
CAN.c(72): warning:  #223-D: function "CAN1SendByte" declared implicitly
CAN.c(77): warning:  #223-D: function "CAN1SendByte" declared implicitly
CAN.c(93): warning:  #223-D: function "CAN1SendByte" declared implicitly
CAN.c(98): warning:  #223-D: function "CAN1SendByte" declared implicitly
compiling UART4Config.c...
compiling UART4.c...
UART4.c(416): warning:  #223-D: function "memcmp" declared implicitly
UART4.c(426): warning:  #223-D: function "make_frame" declared implicitly
UART4.c(427): warning:  #223-D: function "USART3WriteDataToBuffer" declared implicitly
UART4.c(433): warning:  #223-D: function "memcpy" declared implicitly
UART4.c(404): warning:  #177-D: variable "flag" was declared but never referenced
UART4.c(405): warning:  #177-D: variable "i" was declared but never referenced
UART4.c(449): warning:  #223-D: function "memcpy" declared implicitly
compiling MotorControl.c...
MotorControl.c(280): warning:  #223-D: function "CANSendMessage" declared implicitly
compiling LED.c...
LED.c(20): warning:  #1-D: last line of file ends without a newline
compiling USART2.c...
USART2.c(327): warning:  #167-D: argument of type "u8 *" is incompatible with parameter of type "char *restrict"
USART2.c(329): warning:  #167-D: argument of type "u8 *" is incompatible with parameter of type "char *restrict"
USART2.c(332): warning:  #167-D: argument of type "u8 *" is incompatible with parameter of type "char *restrict"
USART2.c(334): warning:  #167-D: argument of type "u8 *" is incompatible with parameter of type "char *restrict"
USART2.c(337): warning:  #167-D: argument of type "u8 *" is incompatible with parameter of type "char *restrict"
USART2.c(339): warning:  #167-D: argument of type "u8 *" is incompatible with parameter of type "char *restrict"
USART2.c(342): warning:  #167-D: argument of type "u8 *" is incompatible with parameter of type "char *restrict"
USART2.c(344): warning:  #167-D: argument of type "u8 *" is incompatible with parameter of type "char *restrict"
USART2.c(347): warning:  #167-D: argument of type "u8 *" is incompatible with parameter of type "char *restrict"
USART2.c(349): warning:  #167-D: argument of type "u8 *" is incompatible with parameter of type "char *restrict"
USART2.c(352): warning:  #167-D: argument of type "u8 *" is incompatible with parameter of type "char *restrict"
USART2.c(354): warning:  #167-D: argument of type "u8 *" is incompatible with parameter of type "char *restrict"
USART2.c(357): warning:  #167-D: argument of type "u8 *" is incompatible with parameter of type "char *restrict"
USART2.c(255): warning:  #177-D: variable "j" was declared but never referenced
USART2.c(256): warning:  #177-D: variable "robotrate" was declared but never referenced
compiling USART2Config.c...
compiling magnav.c...
magnav.c(72): warning:  #177-D: variable "mag_state" was declared but never referenced
magnav.c(73): warning:  #177-D: variable "status" was declared but never referenced
magnav.c(74): warning:  #177-D: variable "i" was declared but never referenced
magnav.c(108): warning:  #177-D: variable "wheelspeed" was declared but never referenced
compiling task.c...
compiling sensors.c...
sensors.c(72): warning:  #940-D: missing return statement at end of non-void function "base_cmd"
sensors.c(163): warning:  #177-D: variable "rate" was declared but never referenced
compiling USART3.c...
USART3.c(401): warning:  #177-D: variable "val" was declared but never referenced
USART3.c(676): warning:  #111-D: statement is unreachable
USART3.c(427): warning:  #550-D: variable "robotrate" was set but never used
USART3.c(429): warning:  #177-D: variable "speed_temp" was declared but never referenced
USART3.c(431): warning:  #177-D: variable "mag_sensor_status" was declared but never referenced
USART3.c(432): warning:  #177-D: variable "mag_sensor_data" was declared but never referenced
USART3.c(433): warning:  #177-D: variable "dir" was declared but never referenced
USART3.c(439): warning:  #177-D: variable "realspeed" was declared but never referenced
compiling USART3Config.c...
compiling FLASH.c...
compiling AHRS.c...
AHRS.c(144): warning:  #940-D: missing return statement at end of non-void function "AHRSCheckDataFrame"
AHRS.c(632): warning:  #1134-D: literal treated as "long long"
AHRS.c(447): warning:  #550-D: variable "q0q0" was set but never used
compiling misc.c...
compiling stm32f10x_adc.c...
compiling stm32f10x_bkp.c...
compiling stm32f10x_can.c...
compiling stm32f10x_cec.c...
compiling stm32f10x_crc.c...
compiling stm32f10x_dac.c...
compiling stm32f10x_dbgmcu.c...
compiling stm32f10x_dma.c...
compiling stm32f10x_exti.c...
compiling stm32f10x_flash.c...
compiling stm32f10x_fsmc.c...
compiling stm32f10x_gpio.c...
compiling stm32f10x_i2c.c...
compiling stm32f10x_iwdg.c...
compiling stm32f10x_pwr.c...
compiling stm32f10x_rcc.c...
compiling stm32f10x_rtc.c...
compiling stm32f10x_sdio.c...
compiling stm32f10x_spi.c...
compiling stm32f10x_tim.c...
compiling stm32f10x_usart.c...
compiling stm32f10x_wwdg.c...
compiling odometry.c...
odometry.c(24): warning:  #223-D: function "ComputeBaseSpeed" declared implicitly
compiling core_cm3.c...
compiling system_stm32f10x.c...
linking...
Program Size: Code=44000 RO-data=864 RW-data=808 ZI-data=9512  
FromELF: creating hex file...
"..\Output\STM32-DEMO.axf" - 0 Errors, 56 Warning(s).
Load "..\\Output\\STM32-DEMO.axf" 
Set JLink Project File to "C:\Users\Administrator\Desktop\HandyBot v1.0 8.13 +江苏卫视(1120初步可用)\USER\JLinkSettings.ini"
* JLink Info: Device "STM32F103VE" selected (512 KB flash, 64 KB RAM).
 
JLink info:
------------
DLL: V4.68a, compiled Apr 12 2013 13:26:50
Firmware: J-Link ARM V8 compiled Sep 20 2013 15:09:45
Hardware: V8.00
S/N : 128537720 
Feature(s) : RDI,FlashDL,FlashBP,JFlash,GDBFULL 
 
* JLink Info: Found SWD-DP with ID 0x1BA01477
* JLink Info: Found SWD-DP with ID 0x1BA01477
* JLink Info: TPIU fitted.
* JLink Info: ETM fitted.
* JLink Info: FPUnit: 6 code (BP) slots and 2 literal slots
* JLink Info: Found Cortex-M3 r1p1, Little endian.
ROMTableAddr = 0xE00FF003
 
Target info:
------------
Device: STM32F103VE
VTarget = 3.287V
State of Pins: 
TCK: 0, TDI: 0, TDO: 0, TMS: 1, TRES: 1, TRST: 1
Hardware-Breakpoints: 6
Software-Breakpoints: 8192
Watchpoints:          4
JTAG speed: 1000 kHz
 
Erase Done.
Programming Done.
Verify OK.
Application running ...
Rebuild target 'Target 1'
assembling startup_stm32f10x_hd.s...
compiling main.c...
main.c(26): warning:  #9-D: nested comment is not allowed
main.c(58): warning:  #68-D: integer conversion resulted in a change of sign
main.c(83): warning:  #223-D: function "flash_init" declared implicitly
main.c(64): warning:  #177-D: variable "a" was declared but never referenced
main.c(65): warning:  #177-D: variable "rate" was declared but never referenced
main.c(66): warning:  #177-D: variable "wheelspeed" was declared but never referenced
compiling stm32f10x_it.c...
compiling OSQMem.c...
compiling USART1.c...
USART1.c(228): warning:  #223-D: function "USART1DMAConfig" declared implicitly
compiling USART1ConFig.c...
USART1ConFig.c(45): warning:  #177-D: variable "USART_ClockInitStructure" was declared but never referenced
compiling Time.c...
Time.c(189): warning:  #1-D: last line of file ends without a newline
compiling CAN1Config.c...
CAN1Config.c(219): warning:  #177-D: variable "ack" was declared but never referenced
compiling CAN.c...
CAN.c(72): warning:  #223-D: function "CAN1SendByte" declared implicitly
CAN.c(77): warning:  #223-D: function "CAN1SendByte" declared implicitly
CAN.c(93): warning:  #223-D: function "CAN1SendByte" declared implicitly
CAN.c(98): warning:  #223-D: function "CAN1SendByte" declared implicitly
compiling UART4Config.c...
compiling UART4.c...
UART4.c(416): warning:  #223-D: function "memcmp" declared implicitly
UART4.c(426): warning:  #223-D: function "make_frame" declared implicitly
UART4.c(427): warning:  #223-D: function "USART3WriteDataToBuffer" declared implicitly
UART4.c(433): warning:  #223-D: function "memcpy" declared implicitly
UART4.c(404): warning:  #177-D: variable "flag" was declared but never referenced
UART4.c(405): warning:  #177-D: variable "i" was declared but never referenced
UART4.c(449): warning:  #223-D: function "memcpy" declared implicitly
compiling MotorControl.c...
MotorControl.c(280): warning:  #223-D: function "CANSendMessage" declared implicitly
compiling LED.c...
LED.c(20): warning:  #1-D: last line of file ends without a newline
compiling USART2.c...
USART2.c(327): warning:  #167-D: argument of type "u8 *" is incompatible with parameter of type "char *restrict"
USART2.c(329): warning:  #167-D: argument of type "u8 *" is incompatible with parameter of type "char *restrict"
USART2.c(332): warning:  #167-D: argument of type "u8 *" is incompatible with parameter of type "char *restrict"
USART2.c(334): warning:  #167-D: argument of type "u8 *" is incompatible with parameter of type "char *restrict"
USART2.c(337): warning:  #167-D: argument of type "u8 *" is incompatible with parameter of type "char *restrict"
USART2.c(339): warning:  #167-D: argument of type "u8 *" is incompatible with parameter of type "char *restrict"
USART2.c(342): warning:  #167-D: argument of type "u8 *" is incompatible with parameter of type "char *restrict"
USART2.c(344): warning:  #167-D: argument of type "u8 *" is incompatible with parameter of type "char *restrict"
USART2.c(347): warning:  #167-D: argument of type "u8 *" is incompatible with parameter of type "char *restrict"
USART2.c(349): warning:  #167-D: argument of type "u8 *" is incompatible with parameter of type "char *restrict"
USART2.c(352): warning:  #167-D: argument of type "u8 *" is incompatible with parameter of type "char *restrict"
USART2.c(354): warning:  #167-D: argument of type "u8 *" is incompatible with parameter of type "char *restrict"
USART2.c(357): warning:  #167-D: argument of type "u8 *" is incompatible with parameter of type "char *restrict"
USART2.c(255): warning:  #177-D: variable "j" was declared but never referenced
USART2.c(256): warning:  #177-D: variable "robotrate" was declared but never referenced
compiling USART2Config.c...
compiling magnav.c...
magnav.c(72): warning:  #177-D: variable "mag_state" was declared but never referenced
magnav.c(73): warning:  #177-D: variable "status" was declared but never referenced
magnav.c(74): warning:  #177-D: variable "i" was declared but never referenced
magnav.c(108): warning:  #177-D: variable "wheelspeed" was declared but never referenced
compiling task.c...
compiling sensors.c...
sensors.c(72): warning:  #940-D: missing return statement at end of non-void function "base_cmd"
sensors.c(163): warning:  #177-D: variable "rate" was declared but never referenced
compiling USART3.c...
USART3.c(401): warning:  #177-D: variable "val" was declared but never referenced
USART3.c(676): warning:  #111-D: statement is unreachable
USART3.c(427): warning:  #550-D: variable "robotrate" was set but never used
USART3.c(429): warning:  #177-D: variable "speed_temp" was declared but never referenced
USART3.c(431): warning:  #177-D: variable "mag_sensor_status" was declared but never referenced
USART3.c(432): warning:  #177-D: variable "mag_sensor_data" was declared but never referenced
USART3.c(433): warning:  #177-D: variable "dir" was declared but never referenced
USART3.c(439): warning:  #177-D: variable "realspeed" was declared but never referenced
compiling USART3Config.c...
compiling FLASH.c...
compiling AHRS.c...
AHRS.c(144): warning:  #940-D: missing return statement at end of non-void function "AHRSCheckDataFrame"
AHRS.c(632): warning:  #1134-D: literal treated as "long long"
AHRS.c(447): warning:  #550-D: variable "q0q0" was set but never used
compiling misc.c...
compiling stm32f10x_adc.c...
compiling stm32f10x_bkp.c...
compiling stm32f10x_can.c...
compiling stm32f10x_cec.c...
compiling stm32f10x_crc.c...
compiling stm32f10x_dac.c...
compiling stm32f10x_dbgmcu.c...
compiling stm32f10x_dma.c...
compiling stm32f10x_exti.c...
compiling stm32f10x_flash.c...
compiling stm32f10x_fsmc.c...
compiling stm32f10x_gpio.c...
compiling stm32f10x_i2c.c...
compiling stm32f10x_iwdg.c...
compiling stm32f10x_pwr.c...
compiling stm32f10x_rcc.c...
compiling stm32f10x_rtc.c...
compiling stm32f10x_sdio.c...
compiling stm32f10x_spi.c...
compiling stm32f10x_tim.c...
compiling stm32f10x_usart.c...
compiling stm32f10x_wwdg.c...
compiling odometry.c...
odometry.c(24): warning:  #223-D: function "ComputeBaseSpeed" declared implicitly
compiling core_cm3.c...
compiling system_stm32f10x.c...
linking...
Program Size: Code=44000 RO-data=864 RW-data=808 ZI-data=9512  
FromELF: creating hex file...
"..\Output\STM32-DEMO.axf" - 0 Errors, 56 Warning(s).
Load "..\\Output\\STM32-DEMO.axf" 
Set JLink Project File to "C:\Users\Administrator\Desktop\HandyBot v1.0 8.13 +江苏卫视(1120初步可用)\USER\JLinkSettings.ini"
* JLink Info: Device "STM32F103VE" selected (512 KB flash, 64 KB RAM).
 
JLink info:
------------
DLL: V4.68a, compiled Apr 12 2013 13:26:50
Firmware: J-Link ARM V8 compiled Sep 20 2013 15:09:45
Hardware: V8.00
S/N : 128537720 
Feature(s) : RDI,FlashDL,FlashBP,JFlash,GDBFULL 
 
* JLink Info: Found SWD-DP with ID 0x1BA01477
* JLink Info: Found SWD-DP with ID 0x1BA01477
* JLink Info: TPIU fitted.
* JLink Info: ETM fitted.
* JLink Info: FPUnit: 6 code (BP) slots and 2 literal slots
* JLink Info: Found Cortex-M3 r1p1, Little endian.
ROMTableAddr = 0xE00FF003
 
Target info:
------------
Device: STM32F103VE
VTarget = 3.287V
State of Pins: 
TCK: 0, TDI: 0, TDO: 0, TMS: 1, TRES: 1, TRST: 1
Hardware-Breakpoints: 6
Software-Breakpoints: 8192
Watchpoints:          4
JTAG speed: 1000 kHz
 
Erase Done.
Programming Done.
Verify OK.
Application running ...
Rebuild target 'Target 1'
assembling startup_stm32f10x_hd.s...
compiling main.c...
main.c(26): warning:  #9-D: nested comment is not allowed
main.c(58): warning:  #68-D: integer conversion resulted in a change of sign
main.c(83): warning:  #223-D: function "flash_init" declared implicitly
main.c(64): warning:  #177-D: variable "a" was declared but never referenced
main.c(65): warning:  #177-D: variable "rate" was declared but never referenced
main.c(66): warning:  #177-D: variable "wheelspeed" was declared but never referenced
compiling stm32f10x_it.c...
compiling OSQMem.c...
compiling USART1.c...
USART1.c(228): warning:  #223-D: function "USART1DMAConfig" declared implicitly
compiling USART1ConFig.c...
USART1ConFig.c(45): warning:  #177-D: variable "USART_ClockInitStructure" was declared but never referenced
compiling Time.c...
Time.c(189): warning:  #1-D: last line of file ends without a newline
compiling CAN1Config.c...
CAN1Config.c(219): warning:  #177-D: variable "ack" was declared but never referenced
compiling CAN.c...
CAN.c(72): warning:  #223-D: function "CAN1SendByte" declared implicitly
CAN.c(77): warning:  #223-D: function "CAN1SendByte" declared implicitly
CAN.c(93): warning:  #223-D: function "CAN1SendByte" declared implicitly
CAN.c(98): warning:  #223-D: function "CAN1SendByte" declared implicitly
compiling UART4Config.c...
compiling UART4.c...
UART4.c(416): warning:  #223-D: function "memcmp" declared implicitly
UART4.c(426): warning:  #223-D: function "make_frame" declared implicitly
UART4.c(427): warning:  #223-D: function "USART3WriteDataToBuffer" declared implicitly
UART4.c(433): warning:  #223-D: function "memcpy" declared implicitly
UART4.c(404): warning:  #177-D: variable "flag" was declared but never referenced
UART4.c(405): warning:  #177-D: variable "i" was declared but never referenced
UART4.c(449): warning:  #223-D: function "memcpy" declared implicitly
compiling MotorControl.c...
MotorControl.c(280): warning:  #223-D: function "CANSendMessage" declared implicitly
compiling LED.c...
LED.c(20): warning:  #1-D: last line of file ends without a newline
compiling USART2.c...
USART2.c(327): warning:  #167-D: argument of type "u8 *" is incompatible with parameter of type "char *restrict"
USART2.c(329): warning:  #167-D: argument of type "u8 *" is incompatible with parameter of type "char *restrict"
USART2.c(332): warning:  #167-D: argument of type "u8 *" is incompatible with parameter of type "char *restrict"
USART2.c(334): warning:  #167-D: argument of type "u8 *" is incompatible with parameter of type "char *restrict"
USART2.c(337): warning:  #167-D: argument of type "u8 *" is incompatible with parameter of type "char *restrict"
USART2.c(339): warning:  #167-D: argument of type "u8 *" is incompatible with parameter of type "char *restrict"
USART2.c(342): warning:  #167-D: argument of type "u8 *" is incompatible with parameter of type "char *restrict"
USART2.c(344): warning:  #167-D: argument of type "u8 *" is incompatible with parameter of type "char *restrict"
USART2.c(347): warning:  #167-D: argument of type "u8 *" is incompatible with parameter of type "char *restrict"
USART2.c(349): warning:  #167-D: argument of type "u8 *" is incompatible with parameter of type "char *restrict"
USART2.c(352): warning:  #167-D: argument of type "u8 *" is incompatible with parameter of type "char *restrict"
USART2.c(354): warning:  #167-D: argument of type "u8 *" is incompatible with parameter of type "char *restrict"
USART2.c(357): warning:  #167-D: argument of type "u8 *" is incompatible with parameter of type "char *restrict"
USART2.c(255): warning:  #177-D: variable "j" was declared but never referenced
USART2.c(256): warning:  #177-D: variable "robotrate" was declared but never referenced
compiling USART2Config.c...
compiling magnav.c...
magnav.c(72): warning:  #177-D: variable "mag_state" was declared but never referenced
magnav.c(73): warning:  #177-D: variable "status" was declared but never referenced
magnav.c(74): warning:  #177-D: variable "i" was declared but never referenced
magnav.c(108): warning:  #177-D: variable "wheelspeed" was declared but never referenced
compiling task.c...
compiling sensors.c...
sensors.c(72): warning:  #940-D: missing return statement at end of non-void function "base_cmd"
sensors.c(163): warning:  #177-D: variable "rate" was declared but never referenced
compiling USART3.c...
USART3.c(401): warning:  #177-D: variable "val" was declared but never referenced
USART3.c(676): warning:  #111-D: statement is unreachable
USART3.c(427): warning:  #550-D: variable "robotrate" was set but never used
USART3.c(429): warning:  #177-D: variable "speed_temp" was declared but never referenced
USART3.c(431): warning:  #177-D: variable "mag_sensor_status" was declared but never referenced
USART3.c(432): warning:  #177-D: variable "mag_sensor_data" was declared but never referenced
USART3.c(433): warning:  #177-D: variable "dir" was declared but never referenced
USART3.c(439): warning:  #177-D: variable "realspeed" was declared but never referenced
compiling USART3Config.c...
compiling FLASH.c...
compiling AHRS.c...
AHRS.c(144): warning:  #940-D: missing return statement at end of non-void function "AHRSCheckDataFrame"
AHRS.c(632): warning:  #1134-D: literal treated as "long long"
AHRS.c(447): warning:  #550-D: variable "q0q0" was set but never used
compiling misc.c...
compiling stm32f10x_adc.c...
compiling stm32f10x_bkp.c...
compiling stm32f10x_can.c...
compiling stm32f10x_cec.c...
compiling stm32f10x_crc.c...
compiling stm32f10x_dac.c...
compiling stm32f10x_dbgmcu.c...
compiling stm32f10x_dma.c...
compiling stm32f10x_exti.c...
compiling stm32f10x_flash.c...
compiling stm32f10x_fsmc.c...
compiling stm32f10x_gpio.c...
compiling stm32f10x_i2c.c...
compiling stm32f10x_iwdg.c...
compiling stm32f10x_pwr.c...
compiling stm32f10x_rcc.c...
compiling stm32f10x_rtc.c...
compiling stm32f10x_sdio.c...
compiling stm32f10x_spi.c...
compiling stm32f10x_tim.c...
compiling stm32f10x_usart.c...
compiling stm32f10x_wwdg.c...
compiling odometry.c...
odometry.c(24): warning:  #223-D: function "ComputeBaseSpeed" declared implicitly
compiling core_cm3.c...
compiling system_stm32f10x.c...
linking...
Program Size: Code=44000 RO-data=864 RW-data=808 ZI-data=9512  
FromELF: creating hex file...
"..\Output\STM32-DEMO.axf" - 0 Errors, 56 Warning(s).
Load "..\\Output\\STM32-DEMO.axf" 
Set JLink Project File to "C:\Users\Administrator\Desktop\HandyBot v1.0 8.13 +江苏卫视(1120初步可用)\USER\JLinkSettings.ini"
* JLink Info: Device "STM32F103VE" selected (512 KB flash, 64 KB RAM).
 
JLink info:
------------
DLL: V4.68a, compiled Apr 12 2013 13:26:50
Firmware: J-Link ARM V8 compiled Sep 20 2013 15:09:45
Hardware: V8.00
S/N : 128537720 
Feature(s) : RDI,FlashDL,FlashBP,JFlash,GDBFULL 
 
* JLink Info: Found SWD-DP with ID 0x1BA01477
* JLink Info: Found SWD-DP with ID 0x1BA01477
* JLink Info: TPIU fitted.
* JLink Info: ETM fitted.
* JLink Info: FPUnit: 6 code (BP) slots and 2 literal slots
* JLink Info: Found Cortex-M3 r1p1, Little endian.
ROMTableAddr = 0xE00FF003
 
Target info:
------------
Device: STM32F103VE
VTarget = 3.287V
State of Pins: 
TCK: 0, TDI: 0, TDO: 0, TMS: 1, TRES: 1, TRST: 1
Hardware-Breakpoints: 6
Software-Breakpoints: 8192
Watchpoints:          4
JTAG speed: 1000 kHz
 
Erase Done.
Programming Done.
Verify OK.
Application running ...
Rebuild target 'Target 1'
assembling startup_stm32f10x_hd.s...
compiling main.c...
main.c(26): warning:  #9-D: nested comment is not allowed
main.c(58): warning:  #68-D: integer conversion resulted in a change of sign
main.c(83): warning:  #223-D: function "flash_init" declared implicitly
main.c(64): warning:  #177-D: variable "a" was declared but never referenced
main.c(65): warning:  #177-D: variable "rate" was declared but never referenced
main.c(66): warning:  #177-D: variable "wheelspeed" was declared but never referenced
compiling stm32f10x_it.c...
compiling OSQMem.c...
compiling USART1.c...
USART1.c(228): warning:  #223-D: function "USART1DMAConfig" declared implicitly
compiling USART1ConFig.c...
USART1ConFig.c(45): warning:  #177-D: variable "USART_ClockInitStructure" was declared but never referenced
compiling Time.c...
Time.c(189): warning:  #1-D: last line of file ends without a newline
compiling CAN1Config.c...
CAN1Config.c(219): warning:  #177-D: variable "ack" was declared but never referenced
compiling CAN.c...
CAN.c(72): warning:  #223-D: function "CAN1SendByte" declared implicitly
CAN.c(77): warning:  #223-D: function "CAN1SendByte" declared implicitly
CAN.c(93): warning:  #223-D: function "CAN1SendByte" declared implicitly
CAN.c(98): warning:  #223-D: function "CAN1SendByte" declared implicitly
compiling UART4Config.c...
compiling UART4.c...
UART4.c(416): warning:  #223-D: function "memcmp" declared implicitly
UART4.c(426): warning:  #223-D: function "make_frame" declared implicitly
UART4.c(427): warning:  #223-D: function "USART3WriteDataToBuffer" declared implicitly
UART4.c(433): warning:  #223-D: function "memcpy" declared implicitly
UART4.c(404): warning:  #177-D: variable "flag" was declared but never referenced
UART4.c(405): warning:  #177-D: variable "i" was declared but never referenced
UART4.c(449): warning:  #223-D: function "memcpy" declared implicitly
compiling MotorControl.c...
MotorControl.c(280): warning:  #223-D: function "CANSendMessage" declared implicitly
compiling LED.c...
LED.c(20): warning:  #1-D: last line of file ends without a newline
compiling USART2.c...
USART2.c(327): warning:  #167-D: argument of type "u8 *" is incompatible with parameter of type "char *restrict"
USART2.c(329): warning:  #167-D: argument of type "u8 *" is incompatible with parameter of type "char *restrict"
USART2.c(332): warning:  #167-D: argument of type "u8 *" is incompatible with parameter of type "char *restrict"
USART2.c(334): warning:  #167-D: argument of type "u8 *" is incompatible with parameter of type "char *restrict"
USART2.c(337): warning:  #167-D: argument of type "u8 *" is incompatible with parameter of type "char *restrict"
USART2.c(339): warning:  #167-D: argument of type "u8 *" is incompatible with parameter of type "char *restrict"
USART2.c(342): warning:  #167-D: argument of type "u8 *" is incompatible with parameter of type "char *restrict"
USART2.c(344): warning:  #167-D: argument of type "u8 *" is incompatible with parameter of type "char *restrict"
USART2.c(347): warning:  #167-D: argument of type "u8 *" is incompatible with parameter of type "char *restrict"
USART2.c(349): warning:  #167-D: argument of type "u8 *" is incompatible with parameter of type "char *restrict"
USART2.c(352): warning:  #167-D: argument of type "u8 *" is incompatible with parameter of type "char *restrict"
USART2.c(354): warning:  #167-D: argument of type "u8 *" is incompatible with parameter of type "char *restrict"
USART2.c(357): warning:  #167-D: argument of type "u8 *" is incompatible with parameter of type "char *restrict"
USART2.c(255): warning:  #177-D: variable "j" was declared but never referenced
USART2.c(256): warning:  #177-D: variable "robotrate" was declared but never referenced
compiling USART2Config.c...
compiling magnav.c...
magnav.c(72): warning:  #177-D: variable "mag_state" was declared but never referenced
magnav.c(73): warning:  #177-D: variable "status" was declared but never referenced
magnav.c(74): warning:  #177-D: variable "i" was declared but never referenced
magnav.c(108): warning:  #177-D: variable "wheelspeed" was declared but never referenced
compiling task.c...
compiling sensors.c...
sensors.c(72): warning:  #940-D: missing return statement at end of non-void function "base_cmd"
[...]
magnav.c(74): warning:  #177-D: variable "i" was declared but never referenced
magnav.c(108): warning:  #177-D: variable "wheelspeed" was declared but never referenced
compiling task.c...
compiling sensors.c...
sensors.c(72): warning:  #940-D: missing return statement at end of non-void function "base_cmd"
sensors.c(163): warning:  #177-D: variable "rate" was declared but never referenced
compiling USART3.c...
USART3.c(401): warning:  #177-D: variable "val" was declared but never referenced
USART3.c(676): warning:  #111-D: statement is unreachable
USART3.c(427): warning:  #550-D: variable "robotrate" was set but never used
USART3.c(429): warning:  #177-D: variable "speed_temp" was declared but never referenced
USART3.c(431): warning:  #177-D: variable "mag_sensor_status" was declared but never referenced
USART3.c(432): warning:  #177-D: variable "mag_sensor_data" was declared but never referenced
USART3.c(433): warning:  #177-D: variable "dir" was declared but never referenced
USART3.c(439): warning:  #177-D: variable "realspeed" was declared but never referenced
compiling USART3Config.c...
compiling FLASH.c...
compiling AHRS.c...
AHRS.c(144): warning:  #940-D: missing return statement at end of non-void function "AHRSCheckDataFrame"
AHRS.c(632): warning:  #1134-D: literal treated as "long long"
AHRS.c(447): warning:  #550-D: variable "q0q0" was set but never used
compiling misc.c...
compiling stm32f10x_adc.c...
compiling stm32f10x_bkp.c...
compiling stm32f10x_can.c...
compiling stm32f10x_cec.c...
compiling stm32f10x_crc.c...
compiling stm32f10x_dac.c...
compiling stm32f10x_dbgmcu.c...
compiling stm32f10x_dma.c...
compiling stm32f10x_exti.c...
compiling stm32f10x_flash.c...
compiling stm32f10x_fsmc.c...
compiling stm32f10x_gpio.c...
compiling stm32f10x_i2c.c...
compiling stm32f10x_iwdg.c...
compiling stm32f10x_pwr.c...
compiling stm32f10x_rcc.c...
compiling stm32f10x_rtc.c...
compiling stm32f10x_sdio.c...
compiling stm32f10x_spi.c...
compiling stm32f10x_tim.c...
compiling stm32f10x_usart.c...
compiling stm32f10x_wwdg.c...
compiling odometry.c...
odometry.c(24): warning:  #223-D: function "ComputeBaseSpeed" declared implicitly
compiling core_cm3.c...
compiling system_stm32f10x.c...
linking...
Program Size: Code=44096 RO-data=864 RW-data=808 ZI-data=9512  
FromELF: creating hex file...
"..\Output\STM32-DEMO.axf" - 0 Errors, 56 Warning(s).
Load "..\\Output\\STM32-DEMO.axf" 
Set JLink Project File to "C:\Users\Administrator\Desktop\HandyBot v1.0 8.13 +江苏卫视(1120初步可用)\USER\JLinkSettings.ini"
* JLink Info: Device "STM32F103VE" selected (512 KB flash, 64 KB RAM).
 
JLink info:
------------
DLL: V4.68a, compiled Apr 12 2013 13:26:50
Firmware: J-Link ARM V8 compiled Sep 20 2013 15:09:45
Hardware: V8.00
S/N : 128537720 
Feature(s) : RDI,FlashDL,FlashBP,JFlash,GDBFULL 
 
* JLink Info: Found SWD-DP with ID 0x1BA01477
* JLink Info: Found SWD-DP with ID 0x1BA01477
* JLink Info: TPIU fitted.
* JLink Info: ETM fitted.
* JLink Info: FPUnit: 6 code (BP) slots and 2 literal slots
* JLink Info: Found Cortex-M3 r1p1, Little endian.
ROMTableAddr = 0xE00FF003
 
Target info:
------------
Device: STM32F103VE
VTarget = 3.287V
State of Pins: 
TCK: 0, TDI: 0, TDO: 0, TMS: 1, TRES: 1, TRST: 1
Hardware-Breakpoints: 6
Software-Breakpoints: 8192
Watchpoints:          4
JTAG speed: 1000 kHz
 
Erase Done.
***JLink Error: Could not start CPU core. (ErrorCode: -1)
***JLink Error: Can not read register 15 (R15) while CPU is running
**JLink Warning: CPU could not be halted
***JLink Error: Could not read memory location 0x20000000 when trying to clear soft RAM BP
Could not start CPU core. (ErrorCode: -1)
***JLink Error: Can not read register 20 (CFBP) while CPU is running
**JLink Warning: CPU could not be halted
***JLink Error: Could not start CPU core. (ErrorCode: -1)
***JLink Error: CPU is not halted
***JLink Error: Can not read register 15 (R15) while CPU is running
**JLink Warning: CPU could not be halted
***JLink Error: Could not read memory location 0x20000000 when trying to clear soft RAM BP
Could not start CPU core. (ErrorCode: -1)
Programming Failed!
***JLink Error: Could not read memory location 0x20000000 when trying to clear soft RAM BP
Load "..\\Output\\STM32-DEMO.axf" 
Set JLink Project File to "C:\Users\Administrator\Desktop\HandyBot v1.0 8.13 +江苏卫视(1120初步可用)\USER\JLinkSettings.ini"
* JLink Info: Device "STM32F103VE" selected (512 KB flash, 64 KB RAM).
 
JLink info:
------------
DLL: V4.68a, compiled Apr 12 2013 13:26:50
Firmware: J-Link ARM V8 compiled Sep 20 2013 15:09:45
Hardware: V8.00
S/N : 128537720 
Feature(s) : RDI,FlashDL,FlashBP,JFlash,GDBFULL 
 
* JLink Info: Found SWD-DP with ID 0x1BA01477
* JLink Info: Found SWD-DP with ID 0x1BA01477
* JLink Info: TPIU fitted.
* JLink Info: ETM fitted.
* JLink Info: FPUnit: 6 code (BP) slots and 2 literal slots
* JLink Info: Found Cortex-M3 r1p1, Little endian.
ROMTableAddr = 0xE00FF003
 
Target info:
------------
Device: STM32F103VE
VTarget = 3.287V
State of Pins: 
TCK: 0, TDI: 0, TDO: 0, TMS: 1, TRES: 1, TRST: 1
Hardware-Breakpoints: 6
Software-Breakpoints: 8192
Watchpoints:          4
JTAG speed: 1000 kHz
 
Erase Done.
Programming Done.
Verify OK.
Application running ...
Rebuild target 'Target 1'
assembling startup_stm32f10x_hd.s...
compiling main.c...
main.c(26): warning:  #9-D: nested comment is not allowed
main.c(58): warning:  #68-D: integer conversion resulted in a change of sign
main.c(83): warning:  #223-D: function "flash_init" declared implicitly
main.c(64): warning:  #177-D: variable "a" was declared but never referenced
main.c(65): warning:  #177-D: variable "rate" was declared but never referenced
main.c(66): warning:  #177-D: variable "wheelspeed" was declared but never referenced
compiling stm32f10x_it.c...
compiling OSQMem.c...
compiling USART1.c...
USART1.c(228): warning:  #223-D: function "USART1DMAConfig" declared implicitly
compiling USART1ConFig.c...
USART1ConFig.c(45): warning:  #177-D: variable "USART_ClockInitStructure" was declared but never referenced
compiling Time.c...
Time.c(189): warning:  #1-D: last line of file ends without a newline
compiling CAN1Config.c...
CAN1Config.c(219): warning:  #177-D: variable "ack" was declared but never referenced
compiling CAN.c...
CAN.c(72): warning:  #223-D: function "CAN1SendByte" declared implicitly
CAN.c(77): warning:  #223-D: function "CAN1SendByte" declared implicitly
CAN.c(93): warning:  #223-D: function "CAN1SendByte" declared implicitly
CAN.c(98): warning:  #223-D: function "CAN1SendByte" declared implicitly
compiling UART4Config.c...
compiling UART4.c...
UART4.c(416): warning:  #223-D: function "memcmp" declared implicitly
UART4.c(426): warning:  #223-D: function "make_frame" declared implicitly
UART4.c(427): warning:  #223-D: function "USART3WriteDataToBuffer" declared implicitly
UART4.c(433): warning:  #223-D: function "memcpy" declared implicitly
UART4.c(404): warning:  #177-D: variable "flag" was declared but never referenced
UART4.c(405): warning:  #177-D: variable "i" was declared but never referenced
UART4.c(449): warning:  #223-D: function "memcpy" declared implicitly
compiling MotorControl.c...
MotorControl.c(280): warning:  #223-D: function "CANSendMessage" declared implicitly
compiling LED.c...
LED.c(20): warning:  #1-D: last line of file ends without a newline
compiling USART2.c...
USART2.c(327): warning:  #167-D: argument of type "u8 *" is incompatible with parameter of type "char *restrict"
USART2.c(329): warning:  #167-D: argument of type "u8 *" is incompatible with parameter of type "char *restrict"
USART2.c(332): warning:  #167-D: argument of type "u8 *" is incompatible with parameter of type "char *restrict"
USART2.c(334): warning:  #167-D: argument of type "u8 *" is incompatible with parameter of type "char *restrict"
USART2.c(337): warning:  #167-D: argument of type "u8 *" is incompatible with parameter of type "char *restrict"
USART2.c(339): warning:  #167-D: argument of type "u8 *" is incompatible with parameter of type "char *restrict"
USART2.c(342): warning:  #167-D: argument of type "u8 *" is incompatible with parameter of type "char *restrict"
USART2.c(344): warning:  #167-D: argument of type "u8 *" is incompatible with parameter of type "char *restrict"
USART2.c(347): warning:  #167-D: argument of type "u8 *" is incompatible with parameter of type "char *restrict"
USART2.c(349): warning:  #167-D: argument of type "u8 *" is incompatible with parameter of type "char *restrict"
USART2.c(352): warning:  #167-D: argument of type "u8 *" is incompatible with parameter of type "char *restrict"
USART2.c(354): warning:  #167-D: argument of type "u8 *" is incompatible with parameter of type "char *restrict"
USART2.c(357): warning:  #167-D: argument of type "u8 *" is incompatible with parameter of type "char *restrict"
USART2.c(255): warning:  #177-D: variable "j" was declared but never referenced
USART2.c(256): warning:  #177-D: variable "robotrate" was declared but never referenced
compiling USART2Config.c...
compiling magnav.c...
magnav.c(72): warning:  #177-D: variable "mag_state" was declared but never referenced
magnav.c(73): warning:  #177-D: variable "status" was declared but never referenced
magnav.c(74): warning:  #177-D: variable "i" was declared but never referenced
magnav.c(108): warning:  #177-D: variable "wheelspeed" was declared but never referenced
compiling task.c...
compiling sensors.c...
sensors.c(72): warning:  #940-D: missing return statement at end of non-void function "base_cmd"
sensors.c(163): warning:  #177-D: variable "rate" was declared but never referenced
compiling USART3.c...
USART3.c(401): warning:  #177-D: variable "val" was declared but never referenced
USART3.c(676): warning:  #111-D: statement is unreachable
USART3.c(427): warning:  #550-D: variable "robotrate" was set but never used
USART3.c(429): warning:  #177-D: variable "speed_temp" was declared but never referenced
USART3.c(431): warning:  #177-D: variable "mag_sensor_status" was declared but never referenced
USART3.c(432): warning:  #177-D: variable "mag_sensor_data" was declared but never referenced
USART3.c(433): warning:  #177-D: variable "dir" was declared but never referenced
USART3.c(439): warning:  #177-D: variable "realspeed" was declared but never referenced
compiling USART3Config.c...
compiling FLASH.c...
compiling AHRS.c...
AHRS.c(144): warning:  #940-D: missing return statement at end of non-void function "AHRSCheckDataFrame"
AHRS.c(632): warning:  #1134-D: literal treated as "long long"
AHRS.c(447): warning:  #550-D: variable "q0q0" was set but never used
compiling misc.c...
compiling stm32f10x_adc.c...
compiling stm32f10x_bkp.c...
compiling stm32f10x_can.c...
compiling stm32f10x_cec.c...
compiling stm32f10x_crc.c...
compiling stm32f10x_dac.c...
compiling stm32f10x_dbgmcu.c...
compiling stm32f10x_dma.c...
compiling stm32f10x_exti.c...
compiling stm32f10x_flash.c...
compiling stm32f10x_fsmc.c...
compiling stm32f10x_gpio.c...
compiling stm32f10x_i2c.c...
compiling stm32f10x_iwdg.c...
compiling stm32f10x_pwr.c...
compiling stm32f10x_rcc.c...
compiling stm32f10x_rtc.c...
compiling stm32f10x_sdio.c...
compiling stm32f10x_spi.c...
compiling stm32f10x_tim.c...
compiling stm32f10x_usart.c...
compiling stm32f10x_wwdg.c...
compiling odometry.c...
odometry.c(24): warning:  #223-D: function "ComputeBaseSpeed" declared implicitly
compiling core_cm3.c...
compiling system_stm32f10x.c...
linking...
Program Size: Code=44096 RO-data=864 RW-data=808 ZI-data=9512  
FromELF: creating hex file...
"..\Output\STM32-DEMO.axf" - 0 Errors, 56 Warning(s).
Load "..\\Output\\STM32-DEMO.axf" 
Set JLink Project File to "C:\Users\Administrator\Desktop\HandyBot v1.0 8.13 +江苏卫视(1120初步可用)\USER\JLinkSettings.ini"
* JLink Info: Device "STM32F103VE" selected (512 KB flash, 64 KB RAM).
 
JLink info:
------------
DLL: V4.68a, compiled Apr 12 2013 13:26:50
Firmware: J-Link ARM V8 compiled Sep 20 2013 15:09:45
Hardware: V8.00
S/N : 128537720 
Feature(s) : RDI,FlashDL,FlashBP,JFlash,GDBFULL 
 
* JLink Info: Found SWD-DP with ID 0x1BA01477
* JLink Info: Found SWD-DP with ID 0x1BA01477
* JLink Info: TPIU fitted.
* JLink Info: ETM fitted.
* JLink Info: FPUnit: 6 code (BP) slots and 2 literal slots
* JLink Info: Found Cortex-M3 r1p1, Little endian.
ROMTableAddr = 0xE00FF003
 
Target info:
------------
Device: STM32F103VE
VTarget = 3.287V
State of Pins: 
TCK: 0, TDI: 0, TDO: 0, TMS: 1, TRES: 1, TRST: 1
Hardware-Breakpoints: 6
Software-Breakpoints: 8192
Watchpoints:          4
JTAG speed: 1000 kHz
 
Erase Done.
Programming Done.
Verify OK.
Application running ...
Rebuild target 'Target 1'
assembling startup_stm32f10x_hd.s...
compiling main.c...
main.c(26): warning:  #9-D: nested comment is not allowed
main.c(58): warning:  #68-D: integer conversion resulted in a change of sign
main.c(83): warning:  #223-D: function "flash_init" declared implicitly
main.c(64): warning:  #177-D: variable "a" was declared but never referenced
main.c(65): warning:  #177-D: variable "rate" was declared but never referenced
main.c(66): warning:  #177-D: variable "wheelspeed" was declared but never referenced
compiling stm32f10x_it.c...
compiling OSQMem.c...
compiling USART1.c...
USART1.c(228): warning:  #223-D: function "USART1DMAConfig" declared implicitly
compiling USART1ConFig.c...
USART1ConFig.c(45): warning:  #177-D: variable "USART_ClockInitStructure" was declared but never referenced
compiling Time.c...
Time.c(189): warning:  #1-D: last line of file ends without a newline
compiling CAN1Config.c...
CAN1Config.c(219): warning:  #177-D: variable "ack" was declared but never referenced
compiling CAN.c...
CAN.c(72): warning:  #223-D: function "CAN1SendByte" declared implicitly
CAN.c(77): warning:  #223-D: function "CAN1SendByte" declared implicitly
CAN.c(93): warning:  #223-D: function "CAN1SendByte" declared implicitly
CAN.c(98): warning:  #223-D: function "CAN1SendByte" declared implicitly
compiling UART4Config.c...
compiling UART4.c...
UART4.c(416): warning:  #223-D: function "memcmp" declared implicitly
UART4.c(426): warning:  #223-D: function "make_frame" declared implicitly
UART4.c(427): warning:  #223-D: function "USART3WriteDataToBuffer" declared implicitly
UART4.c(433): warning:  #223-D: function "memcpy" declared implicitly
UART4.c(404): warning:  #177-D: variable "flag" was declared but never referenced
UART4.c(405): warning:  #177-D: variable "i" was declared but never referenced
UART4.c(449): warning:  #223-D: function "memcpy" declared implicitly
compiling MotorControl.c...
MotorControl.c(280): warning:  #223-D: function "CANSendMessage" declared implicitly
compiling LED.c...
LED.c(20): warning:  #1-D: last line of file ends without a newline
compiling USART2.c...
USART2.c(327): warning:  #167-D: argument of type "u8 *" is incompatible with parameter of type "char *restrict"
USART2.c(329): warning:  #167-D: argument of type "u8 *" is incompatible with parameter of type "char *restrict"
USART2.c(332): warning:  #167-D: argument of type "u8 *" is incompatible with parameter of type "char *restrict"
USART2.c(334): warning:  #167-D: argument of type "u8 *" is incompatible with parameter of type "char *restrict"
USART2.c(337): warning:  #167-D: argument of type "u8 *" is incompatible with parameter of type "char *restrict"
USART2.c(339): warning:  #167-D: argument of type "u8 *" is incompatible with parameter of type "char *restrict"
USART2.c(342): warning:  #167-D: argument of type "u8 *" is incompatible with parameter of type "char *restrict"
USART2.c(344): warning:  #167-D: argument of type "u8 *" is incompatible with parameter of type "char *restrict"
USART2.c(347): warning:  #167-D: argument of type "u8 *" is incompatible with parameter of type "char *restrict"
USART2.c(349): warning:  #167-D: argument of type "u8 *" is incompatible with parameter of type "char *restrict"
USART2.c(352): warning:  #167-D: argument of type "u8 *" is incompatible with parameter of type "char *restrict"
USART2.c(354): warning:  #167-D: argument of type "u8 *" is incompatible with parameter of type "char *restrict"
USART2.c(357): warning:  #167-D: argument of type "u8 *" is incompatible with parameter of type "char *restrict"
USART2.c(255): warning:  #177-D: variable "j" was declared but never referenced
USART2.c(256): warning:  #177-D: variable "robotrate" was declared but never referenced
compiling USART2Config.c...
compiling magnav.c...
magnav.c(72): warning:  #177-D: variable "mag_state" was declared but never referenced
magnav.c(73): warning:  #177-D: variable "status" was declared but never referenced
magnav.c(74): warning:  #177-D: variable "i" was declared but never referenced
magnav.c(108): warning:  #177-D: variable "wheelspeed" was declared but never referenced
compiling task.c...
compiling sensors.c...
sensors.c(72): warning:  #940-D: missing return statement at end of non-void function "base_cmd"
sensors.c(163): warning:  #177-D: variable "rate" was declared but never referenced
compiling USART3.c...
USART3.c(401): warning:  #177-D: variable "val" was declared but never referenced
USART3.c(676): warning:  #111-D: statement is unreachable
USART3.c(427): warning:  #550-D: variable "robotrate" was set but never used
USART3.c(429): warning:  #177-D: variable "speed_temp" was declared but never referenced
USART3.c(431): warning:  #177-D: variable "mag_sensor_status" was declared but never referenced
USART3.c(432): warning:  #177-D: variable "mag_sensor_data" was declared but never referenced
USART3.c(433): warning:  #177-D: variable "dir" was declared but never referenced
USART3.c(439): warning:  #177-D: variable "realspeed" was declared but never referenced
compiling USART3Config.c...
compiling FLASH.c...
compiling AHRS.c...
AHRS.c(144): warning:  #940-D: missing return statement at end of non-void function "AHRSCheckDataFrame"
AHRS.c(632): warning:  #1134-D: literal treated as "long long"
AHRS.c(447): warning:  #550-D: variable "q0q0" was set but never used
compiling misc.c...
compiling stm32f10x_adc.c...
compiling stm32f10x_bkp.c...
compiling stm32f10x_can.c...
compiling stm32f10x_cec.c...
compiling stm32f10x_crc.c...
compiling stm32f10x_dac.c...
compiling stm32f10x_dbgmcu.c...
compiling stm32f10x_dma.c...
compiling stm32f10x_exti.c...
compiling stm32f10x_flash.c...
compiling stm32f10x_fsmc.c...
compiling stm32f10x_gpio.c...
compiling stm32f10x_i2c.c...
compiling stm32f10x_iwdg.c...
compiling stm32f10x_pwr.c...
compiling stm32f10x_rcc.c...
compiling stm32f10x_rtc.c...
compiling stm32f10x_sdio.c...
compiling stm32f10x_spi.c...
compiling stm32f10x_tim.c...
compiling stm32f10x_usart.c...
compiling stm32f10x_wwdg.c...
compiling odometry.c...
odometry.c(24): warning:  #223-D: function "ComputeBaseSpeed" declared implicitly
compiling core_cm3.c...
compiling system_stm32f10x.c...
linking...
Program Size: Code=44096 RO-data=864 RW-data=808 ZI-data=9512  
FromELF: creating hex file...
"..\Output\STM32-DEMO.axf" - 0 Errors, 56 Warning(s).
Load "..\\Output\\STM32-DEMO.axf" 
Set JLink Project File to "C:\Users\Administrator\Desktop\HandyBot v1.0 8.13 +江苏卫视(1120初步可用)\USER\JLinkSettings.ini"
* JLink Info: Device "STM32F103VE" selected (512 KB flash, 64 KB RAM).
 
JLink info:
------------
DLL: V4.68a, compiled Apr 12 2013 13:26:50
Firmware: J-Link ARM V8 compiled Sep 20 2013 15:09:45
Hardware: V8.00
S/N : 128537720 
Feature(s) : RDI,FlashDL,FlashBP,JFlash,GDBFULL 
 
* JLink Info: Found SWD-DP with ID 0x1BA01477
* JLink Info: Found SWD-DP with ID 0x1BA01477
* JLink Info: TPIU fitted.
* JLink Info: ETM fitted.
* JLink Info: FPUnit: 6 code (BP) slots and 2 literal slots
* JLink Info: Found Cortex-M3 r1p1, Little endian.
ROMTableAddr = 0xE00FF003
 
Target info:
------------
Device: STM32F103VE
VTarget = 3.287V
State of Pins: 
TCK: 0, TDI: 0, TDO: 0, TMS: 1, TRES: 1, TRST: 1
Hardware-Breakpoints: 6
Software-Breakpoints: 8192
Watchpoints:          4
JTAG speed: 1000 kHz
 
Erase Done.
Programming Done.
Verify OK.
Application running ...
