ARM Linker, 5.03 [Build 76] [MDK-ARM Standard]

==============================================================================

Section Cross References

    startup_stm32f10x_hd.o(RESET) refers to startup_stm32f10x_hd.o(STACK) for __initial_sp
    startup_stm32f10x_hd.o(RESET) refers to startup_stm32f10x_hd.o(.text) for Reset_Handler
    startup_stm32f10x_hd.o(RESET) refers to stm32f10x_it.o(.text) for NMI_Handler
    startup_stm32f10x_hd.o(RESET) refers to usart1config.o(.text) for DMA1_Channel4_IRQHandler
    startup_stm32f10x_hd.o(RESET) refers to can1config.o(.text) for USB_HP_CAN1_TX_IRQHandler
    startup_stm32f10x_hd.o(RESET) refers to time.o(.text) for TIM2_IRQHandler
    startup_stm32f10x_hd.o(RESET) refers to usart2config.o(.text) for USART2_IRQHandler
    startup_stm32f10x_hd.o(RESET) refers to usart3config.o(.text) for USART3_IRQHandler
    startup_stm32f10x_hd.o(RESET) refers to uart4config.o(.text) for UART4_IRQHandler
    startup_stm32f10x_hd.o(.text) refers to system_stm32f10x.o(.text) for SystemInit
    startup_stm32f10x_hd.o(.text) refers to entry.o(.ARM.Collect$$$$00000000) for __main
    main.o(.text) refers to system_stm32f10x.o(.text) for SystemInit
    main.o(.text) refers to usart1.o(.text) for USART1_Init
    main.o(.text) refers to usart2.o(.text) for USART2_Init
    main.o(.text) refers to usart3.o(.text) for USART3_Init
    main.o(.text) refers to uart4.o(.text) for UART4_Init
    main.o(.text) refers to can.o(.text) for CAN1_Init
    main.o(.text) refers to led.o(.text) for LED_Init
    main.o(.text) refers to time.o(.text) for TIM3_Init
    main.o(.text) refers to motorcontrol.o(.text) for Motor_init
    main.o(.text) refers to sensors.o(.text) for amp_init
    main.o(.text) refers to magnav.o(.text) for mag_sensor_init
    main.o(.text) refers to flash.o(.text) for flash_init
    main.o(.text) refers to ahrs.o(.text) for AHRSCheckDataFrame
    main.o(.text) refers to ffltui.o(.text) for __aeabi_ui2f
    main.o(.text) refers to cfrcmple.o(.text) for __aeabi_cfrcmple
    main.o(.text) refers to task.o(.text) for sch_init
    main.o(.text) refers to main.o(.data) for t3
    main.o(.text) refers to uart4.o(.data) for UART4RecvPtrR
    stm32f10x_it.o(.text) refers to task.o(.text) for sch_update
    osqmem.o(.text) refers to osqmem.o(.bss) for OSMemTcb
    usart1.o(.text) refers to usart1config.o(.text) for USART1_Configuration
    usart1.o(.text) refers to osqmem.o(.text) for OSMemCreate
    usart1.o(.text) refers to stm32f10x_usart.o(.text) for USART_ITConfig
    usart1.o(.text) refers to usart1.o(.data) for USART1RecvPtrW
    usart1.o(.text) refers to usart1.o(.bss) for OSUSART1MemQ
    usart1config.o(.text) refers to misc.o(.text) for NVIC_Init
    usart1config.o(.text) refers to stm32f10x_rcc.o(.text) for RCC_APB2PeriphClockCmd
    usart1config.o(.text) refers to stm32f10x_gpio.o(.text) for GPIO_StructInit
    usart1config.o(.text) refers to stm32f10x_usart.o(.text) for USART_DeInit
    usart1config.o(.text) refers to usart1.o(.text) for USART1RecvUpdate
    usart1config.o(.text) refers to stm32f10x_dma.o(.text) for DMA_DeInit
    usart1config.o(.text) refers to usart1config.o(.data) for Flag
    time.o(.text) refers to misc.o(.text) for NVIC_PriorityGroupConfig
    time.o(.text) refers to stm32f10x_rcc.o(.text) for RCC_APB1PeriphClockCmd
    time.o(.text) refers to stm32f10x_tim.o(.text) for TIM_DeInit
    time.o(.text) refers to system_stm32f10x.o(.data) for SystemCoreClock
    time.o(.text) refers to time.o(.data) for time
    can1config.o(.text) refers to misc.o(.text) for NVIC_Init
    can1config.o(.text) refers to stm32f10x_can.o(.text) for CAN_DeInit
    can1config.o(.text) refers to stm32f10x_rcc.o(.text) for RCC_APB1PeriphClockCmd
    can1config.o(.text) refers to stm32f10x_gpio.o(.text) for GPIO_Init
    can1config.o(.text) refers to can.o(.text) for CAN1SendUpdate
    can1config.o(.text) refers to fflti.o(.text) for __aeabi_i2f
    can1config.o(.text) refers to odometry.o(.bss) for encoder_data
    can.o(.text) refers to can1config.o(.text) for CAN1_Configuration
    can.o(.text) refers to osqmem.o(.text) for OSMemCreate
    can.o(.text) refers to stm32f10x_can.o(.text) for CAN_ITConfig
    can.o(.text) refers to can.o(.data) for CAN1RecvPtrW
    can.o(.text) refers to can.o(.bss) for OSCAN1MemQ
    uart4config.o(.text) refers to misc.o(.text) for NVIC_Init
    uart4config.o(.text) refers to stm32f10x_rcc.o(.text) for RCC_APB2PeriphClockCmd
    uart4config.o(.text) refers to stm32f10x_gpio.o(.text) for GPIO_Init
    uart4config.o(.text) refers to stm32f10x_usart.o(.text) for USART_Init
    uart4config.o(.text) refers to uart4.o(.text) for UART4RecvUpdate
    uart4config.o(.text) refers to uart4config.o(.data) for Flag
    uart4.o(.text) refers to uart4config.o(.text) for UART4_Configuration
    uart4.o(.text) refers to osqmem.o(.text) for OSMemCreate
    uart4.o(.text) refers to stm32f10x_usart.o(.text) for USART_ITConfig
[...]
    DMA2_Channel1_IRQHandler                 0x0800015f   Thumb Code     0  startup_stm32f10x_hd.o(.text)
    DMA2_Channel2_IRQHandler                 0x0800015f   Thumb Code     0  startup_stm32f10x_hd.o(.text)
    DMA2_Channel3_IRQHandler                 0x0800015f   Thumb Code     0  startup_stm32f10x_hd.o(.text)
    DMA2_Channel4_5_IRQHandler               0x0800015f   Thumb Code     0  startup_stm32f10x_hd.o(.text)
    EXTI0_IRQHandler                         0x0800015f   Thumb Code     0  startup_stm32f10x_hd.o(.text)
    EXTI15_10_IRQHandler                     0x0800015f   Thumb Code     0  startup_stm32f10x_hd.o(.text)
    EXTI1_IRQHandler                         0x0800015f   Thumb Code     0  startup_stm32f10x_hd.o(.text)
    EXTI2_IRQHandler                         0x0800015f   Thumb Code     0  startup_stm32f10x_hd.o(.text)
    EXTI3_IRQHandler                         0x0800015f   Thumb Code     0  startup_stm32f10x_hd.o(.text)
    EXTI4_IRQHandler                         0x0800015f   Thumb Code     0  startup_stm32f10x_hd.o(.text)
    EXTI9_5_IRQHandler                       0x0800015f   Thumb Code     0  startup_stm32f10x_hd.o(.text)
    FLASH_IRQHandler                         0x0800015f   Thumb Code     0  startup_stm32f10x_hd.o(.text)
    FSMC_IRQHandler                          0x0800015f   Thumb Code     0  startup_stm32f10x_hd.o(.text)
    I2C1_ER_IRQHandler                       0x0800015f   Thumb Code     0  startup_stm32f10x_hd.o(.text)
    I2C1_EV_IRQHandler                       0x0800015f   Thumb Code     0  startup_stm32f10x_hd.o(.text)
    I2C2_ER_IRQHandler                       0x0800015f   Thumb Code     0  startup_stm32f10x_hd.o(.text)
    I2C2_EV_IRQHandler                       0x0800015f   Thumb Code     0  startup_stm32f10x_hd.o(.text)
    PVD_IRQHandler                           0x0800015f   Thumb Code     0  startup_stm32f10x_hd.o(.text)
    RCC_IRQHandler                           0x0800015f   Thumb Code     0  startup_stm32f10x_hd.o(.text)
    RTCAlarm_IRQHandler                      0x0800015f   Thumb Code     0  startup_stm32f10x_hd.o(.text)
    RTC_IRQHandler                           0x0800015f   Thumb Code     0  startup_stm32f10x_hd.o(.text)
    SDIO_IRQHandler                          0x0800015f   Thumb Code     0  startup_stm32f10x_hd.o(.text)
    SPI1_IRQHandler                          0x0800015f   Thumb Code     0  startup_stm32f10x_hd.o(.text)
    SPI2_IRQHandler                          0x0800015f   Thumb Code     0  startup_stm32f10x_hd.o(.text)
    SPI3_IRQHandler                          0x0800015f   Thumb Code     0  startup_stm32f10x_hd.o(.text)
    TAMPER_IRQHandler                        0x0800015f   Thumb Code     0  startup_stm32f10x_hd.o(.text)
    TIM1_BRK_IRQHandler                      0x0800015f   Thumb Code     0  startup_stm32f10x_hd.o(.text)
    TIM1_CC_IRQHandler                       0x0800015f   Thumb Code     0  startup_stm32f10x_hd.o(.text)
    TIM1_TRG_COM_IRQHandler                  0x0800015f   Thumb Code     0  startup_stm32f10x_hd.o(.text)
    TIM1_UP_IRQHandler                       0x0800015f   Thumb Code     0  startup_stm32f10x_hd.o(.text)
    TIM3_IRQHandler                          0x0800015f   Thumb Code     0  startup_stm32f10x_hd.o(.text)
    TIM4_IRQHandler                          0x0800015f   Thumb Code     0  startup_stm32f10x_hd.o(.text)
    TIM5_IRQHandler                          0x0800015f   Thumb Code     0  startup_stm32f10x_hd.o(.text)
    TIM6_IRQHandler                          0x0800015f   Thumb Code     0  startup_stm32f10x_hd.o(.text)
    TIM7_IRQHandler                          0x0800015f   Thumb Code     0  startup_stm32f10x_hd.o(.text)
    TIM8_BRK_IRQHandler                      0x0800015f   Thumb Code     0  startup_stm32f10x_hd.o(.text)
    TIM8_CC_IRQHandler                       0x0800015f   Thumb Code     0  startup_stm32f10x_hd.o(.text)
    TIM8_TRG_COM_IRQHandler                  0x0800015f   Thumb Code     0  startup_stm32f10x_hd.o(.text)
    TIM8_UP_IRQHandler                       0x0800015f   Thumb Code     0  startup_stm32f10x_hd.o(.text)
    UART5_IRQHandler                         0x0800015f   Thumb Code     0  startup_stm32f10x_hd.o(.text)
    USBWakeUp_IRQHandler                     0x0800015f   Thumb Code     0  startup_stm32f10x_hd.o(.text)
    WWDG_IRQHandler                          0x0800015f   Thumb Code     0  startup_stm32f10x_hd.o(.text)
    main                                     0x08000169   Thumb Code   254  main.o(.text)
    NMI_Handler                              0x0800029d   Thumb Code     2  stm32f10x_it.o(.text)
    HardFault_Handler                        0x0800029f   Thumb Code     4  stm32f10x_it.o(.text)
    MemManage_Handler                        0x080002a3   Thumb Code     4  stm32f10x_it.o(.text)
    BusFault_Handler                         0x080002a7   Thumb Code     4  stm32f10x_it.o(.text)
    UsageFault_Handler                       0x080002ab   Thumb Code     4  stm32f10x_it.o(.text)
    SVC_Handler                              0x080002af   Thumb Code     2  stm32f10x_it.o(.text)
    DebugMon_Handler                         0x080002b1   Thumb Code     2  stm32f10x_it.o(.text)
    PendSV_Handler                           0x080002b3   Thumb Code     2  stm32f10x_it.o(.text)
    SysTick_Handler                          0x080002b5   Thumb Code     8  stm32f10x_it.o(.text)
    OSMemInit                                0x080002bd   Thumb Code    20  osqmem.o(.text)
    OSMemCreate                              0x080002d1   Thumb Code   126  osqmem.o(.text)
    OSMemGet                                 0x0800034f   Thumb Code    44  osqmem.o(.text)
    OSMemDelete                              0x0800037b   Thumb Code    28  osqmem.o(.text)
    USART1_Init                              0x0800039d   Thumb Code    52  usart1.o(.text)
    USART1SendUpdate                         0x080003d1   Thumb Code   308  usart1.o(.text)
    USART1RecvUpdate                         0x08000505   Thumb Code    50  usart1.o(.text)
    USART1WriteDataToBuffer                  0x08000537   Thumb Code   296  usart1.o(.text)
    USART1DispFun                            0x0800065f   Thumb Code    26  usart1.o(.text)
    USART1DMAUpdate                          0x08000679   Thumb Code   188  usart1.o(.text)
    USART1GetRadarData                       0x08000735   Thumb Code   204  usart1.o(.text)
    USART1NVIC_Configuration                 0x08000811   Thumb Code    34  usart1config.o(.text)
    USART1_Configuration                     0x08000833   Thumb Code   166  usart1config.o(.text)
    USART1_IRQHandler                        0x080008d9   Thumb Code    70  usart1config.o(.text)
    USART1DMAConfig                          0x0800091f   Thumb Code   138  usart1config.o(.text)
    DMA1_Channel4_IRQHandler                 0x080009a9   Thumb Code    26  usart1config.o(.text)
    DelayMs                                  0x080009d5   Thumb Code    26  time.o(.text)
    DelayUs                                  0x080009ef   Thumb Code    22  time.o(.text)
    SysTick_Init                             0x08000a05   Thumb Code   108  time.o(.text)
    SysTick_Start                            0x08000a71   Thumb Code    18  time.o(.text)
    TIM2_NVIC_Configuration                  0x08000a83   Thumb Code    42  time.o(.text)
    TIM2_Init                                0x08000aad   Thumb Code    92  time.o(.text)
    TIM3_Init                                0x08000b09   Thumb Code   186  time.o(.text)
    micros                                   0x08000bc3   Thumb Code    20  time.o(.text)
    TIM2_IRQHandler                          0x08000bd7   Thumb Code    46  time.o(.text)
    CAN1_Configuration                       0x08000c1d   Thumb Code   308  can1config.o(.text)
    CAN1SendByte                             0x08000d51   Thumb Code    66  can1config.o(.text)
    CANSendMessage                           0x08000d93   Thumb Code    92  can1config.o(.text)
    USB_HP_CAN1_TX_IRQHandler                0x08000def   Thumb Code    28  can1config.o(.text)
    USB_LP_CAN1_RX0_IRQHandler               0x08000e0b   Thumb Code   248  can1config.o(.text)
    CAN1_Init                                0x08000f15   Thumb Code    34  can.o(.text)
    CAN1SendUpdate                           0x08000f37   Thumb Code   476  can.o(.text)
    CAN1WriteDataToBuffer                    0x08001113   Thumb Code   356  can.o(.text)
    CAN1RecvResetBufferIndex                 0x08001277   Thumb Code    26  can.o(.text)
    CAN1RecvFun                              0x08001291   Thumb Code    24  can.o(.text)
    CAN1RecvUpdate                           0x080012a9   Thumb Code    72  can.o(.text)
    CAN1RecvData                             0x080012f1   Thumb Code    90  can.o(.text)
    UART4_Configuration                      0x0800134d   Thumb Code   164  uart4config.o(.text)
    UART4_IRQHandler                         0x080013f1   Thumb Code    70  uart4config.o(.text)
    UART4_Init                               0x08001445   Thumb Code    52  uart4.o(.text)
    UART4SendUpdate                          0x08001479   Thumb Code   308  uart4.o(.text)
    UART4RecvUpdate                          0x080015ad   Thumb Code    50  uart4.o(.text)
    UART4WriteDataToBuffer                   0x080015df   Thumb Code   296  uart4.o(.text)
    UART4DispFun                             0x08001707   Thumb Code    26  uart4.o(.text)
    USART4CheckDataFrame                     0x08001721   Thumb Code   514  uart4.o(.text)
    GetRFIDNum                               0x08001923   Thumb Code   114  uart4.o(.text)
    FRIDCheck                                0x08001995   Thumb Code   102  uart4.o(.text)
    FRIDCpyData                              0x080019fb   Thumb Code    44  uart4.o(.text)
    Motor_init                               0x08001a55   Thumb Code    84  motorcontrol.o(.text)
    abs                                      0x08001aa9   Thumb Code    22  motorcontrol.o(.text)
    GetRobotRate                             0x08001abf   Thumb Code   172  motorcontrol.o(.text)
    ComputeEachWheelSpeed                    0x08001b6b   Thumb Code   132  motorcontrol.o(.text)
    ComputeBaseSpeed                         0x08001bef   Thumb Code   140  motorcontrol.o(.text)
    HandleMotorMessage                       0x08001c7b   Thumb Code    82  motorcontrol.o(.text)
    set_motorspeed                           0x08001ccd   Thumb Code    54  motorcontrol.o(.text)
    turn                                     0x08001d03   Thumb Code     2  motorcontrol.o(.text)
    stop_base                                0x08001d05   Thumb Code    36  motorcontrol.o(.text)
    SendCmdToMotorDriver                     0x08001d29   Thumb Code   120  motorcontrol.o(.text)
    LED_Init                                 0x08001dc5   Thumb Code    46  led.o(.text)
    led_task                                 0x08001df3   Thumb Code    28  led.o(.text)
    USART2_Init                              0x08001e15   Thumb Code    52  usart2.o(.text)
    USART2SendUpdate                         0x08001e49   Thumb Code   306  usart2.o(.text)
    USART2RecvUpdate                         0x08001f7b   Thumb Code    50  usart2.o(.text)
    USART2WriteDataToBuffer                  0x08001fad   Thumb Code   296  usart2.o(.text)
    USART2DispFun                            0x080020d5   Thumb Code    26  usart2.o(.text)
    GetIntData                               0x080020ef   Thumb Code    28  usart2.o(.text)
    USART2CheckDataFrame                     0x080024ed   Thumb Code   224  usart2.o(.text)
    UART2Proc                                0x080025cd   Thumb Code    28  usart2.o(.text)
    USART2NVIC_Configuration                 0x08002681   Thumb Code    34  usart2config.o(.text)
    USART2_Configuration                     0x080026a3   Thumb Code   176  usart2config.o(.text)
    USART2_IRQHandler                        0x08002753   Thumb Code    70  usart2config.o(.text)
    mag_sensor_init                          0x080027a5   Thumb Code   220  magnav.o(.text)
    pid_cal                                  0x08002881   Thumb Code   298  magnav.o(.text)
    mag_nav                                  0x080029ab   Thumb Code   232  magnav.o(.text)
    sch_delete_task                          0x08002b0d   Thumb Code    64  task.o(.text)
    sch_init                                 0x08002b4d   Thumb Code    26  task.o(.text)
    sch_start                                0x08002b67   Thumb Code     8  task.o(.text)
    sch_add_task                             0x08002b6f   Thumb Code    86  task.o(.text)
    sch_go_to_sleep                          0x08002bc5   Thumb Code     2  task.o(.text)
    sch_dispatch_tasks                       0x08002bc7   Thumb Code    82  task.o(.text)
    sch_update                               0x08002c19   Thumb Code   114  task.o(.text)
    amp_init                                 0x08002c91   Thumb Code    42  sensors.o(.text)
    base_cmd                                 0x08002cbb   Thumb Code    50  sensors.o(.text)
    arbitrator                               0x08002ced   Thumb Code    62  sensors.o(.text)
    bluetooth_task                           0x08002d2b   Thumb Code   126  sensors.o(.text)
    Mag_Sensor_Checked                       0x08002da9   Thumb Code    38  sensors.o(.text)
    Mag_Sensor_Checked1                      0x08002dcf   Thumb Code    30  sensors.o(.text)
    magnav_task                              0x08002ded   Thumb Code    54  sensors.o(.text)
    sensors                                  0x08002e23   Thumb Code    12  sensors.o(.text)
    USART3_Init                              0x08002e6d   Thumb Code    52  usart3.o(.text)
    USART3SendUpdate                         0x08002ea1   Thumb Code   306  usart3.o(.text)
    USART3RecvUpdate                         0x08002fd3   Thumb Code    50  usart3.o(.text)
    USART3WriteDataToBuffer                  0x08003005   Thumb Code   296  usart3.o(.text)
    USART3DispFun                            0x0800312d   Thumb Code    26  usart3.o(.text)
    USART3CheckDataFrame                     0x08003147   Thumb Code   220  usart3.o(.text)
    make_frame                               0x08003223   Thumb Code   240  usart3.o(.text)
    value_to_speed                           0x08003313   Thumb Code    52  usart3.o(.text)
    GetWordData                              0x08003347   Thumb Code    26  usart3.o(.text)
    UART3Proc                                0x080037bb   Thumb Code    28  usart3.o(.text)
    value_to_angular                         0x080037d7   Thumb Code    30  usart3.o(.text)
    mag_status_to_data                       0x080037f5   Thumb Code    30  usart3.o(.text)
    USART3NVIC_Configuration                 0x0800382d   Thumb Code    34  usart3config.o(.text)
    USART3_Configuration                     0x0800384f   Thumb Code   180  usart3config.o(.text)
    USART3_IRQHandler                        0x08003903   Thumb Code    78  usart3config.o(.text)
    FlashWriteWord                           0x08003959   Thumb Code    54  flash.o(.text)
    FlashWriteStr                            0x0800398f   Thumb Code   108  flash.o(.text)
    FlashReadStr                             0x080039fb   Thumb Code    56  flash.o(.text)
    FLASH_write                              0x08003a33   Thumb Code   150  flash.o(.text)
    FLASH_read                               0x08003ac9   Thumb Code    20  flash.o(.text)
    flash_init                               0x08003add   Thumb Code   310  flash.o(.text)
    invSqrt                                  0x08003c39   Thumb Code    72  ahrs.o(.text)
    AHRSCheckDataFrame                       0x08003c81   Thumb Code   258  ahrs.o(.text)
    SensorDataProcess                        0x08003d83   Thumb Code   930  ahrs.o(.text)
    SensorInitial                            0x08004125   Thumb Code  3264  ahrs.o(.text)
    AHRS_iteration                           0x08004de5   Thumb Code  5206  ahrs.o(.text)
    AHRS_computeEuler                        0x0800623b   Thumb Code   498  ahrs.o(.text)
    AHRS_compute                             0x0800642d   Thumb Code    84  ahrs.o(.text)
    NVIC_PriorityGroupConfig                 0x08006481   Thumb Code    10  misc.o(.text)
    NVIC_Init                                0x0800648b   Thumb Code   102  misc.o(.text)
    NVIC_SetVectorTable                      0x080064f1   Thumb Code    14  misc.o(.text)
    NVIC_SystemLPConfig                      0x080064ff   Thumb Code    34  misc.o(.text)
    SysTick_CLKSourceConfig                  0x08006521   Thumb Code    40  misc.o(.text)
    CAN_DeInit                               0x0800655d   Thumb Code    50  stm32f10x_can.o(.text)
    CAN_Init                                 0x0800658f   Thumb Code   276  stm32f10x_can.o(.text)
    CAN_FilterInit                           0x080066a3   Thumb Code   258  stm32f10x_can.o(.text)
    CAN_StructInit                           0x080067a5   Thumb Code    32  stm32f10x_can.o(.text)
    CAN_SlaveStartBank                       0x080067c5   Thumb Code    48  stm32f10x_can.o(.text)
    CAN_DBGFreeze                            0x080067f5   Thumb Code    22  stm32f10x_can.o(.text)
    CAN_TTComModeCmd                         0x0800680b   Thumb Code   118  stm32f10x_can.o(.text)
    CAN_Transmit                             0x08006881   Thumb Code   304  stm32f10x_can.o(.text)
    CAN_TransmitStatus                       0x080069b1   Thumb Code   138  stm32f10x_can.o(.text)
    CAN_CancelTransmit                       0x08006a3b   Thumb Code    48  stm32f10x_can.o(.text)
    CAN_Receive                              0x08006a6b   Thumb Code   240  stm32f10x_can.o(.text)
    CAN_FIFORelease                          0x08006b5b   Thumb Code    22  stm32f10x_can.o(.text)
    CAN_MessagePending                       0x08006b71   Thumb Code    30  stm32f10x_can.o(.text)
    CAN_OperatingModeRequest                 0x08006b8f   Thumb Code   162  stm32f10x_can.o(.text)
    CAN_Sleep                                0x08006c31   Thumb Code    30  stm32f10x_can.o(.text)
    CAN_WakeUp                               0x08006c4f   Thumb Code    48  stm32f10x_can.o(.text)
    CAN_GetLastErrorCode                     0x08006c7f   Thumb Code    12  stm32f10x_can.o(.text)
    CAN_GetReceiveErrorCounter               0x08006c8b   Thumb Code    10  stm32f10x_can.o(.text)
    CAN_GetLSBTransmitErrorCounter           0x08006c95   Thumb Code    12  stm32f10x_can.o(.text)
    CAN_ITConfig                             0x08006ca1   Thumb Code    18  stm32f10x_can.o(.text)
    CAN_GetFlagStatus                        0x08006cb3   Thumb Code   120  stm32f10x_can.o(.text)
    CAN_ClearFlag                            0x08006d2b   Thumb Code    52  stm32f10x_can.o(.text)
    CAN_GetITStatus                          0x08006d6f   Thumb Code   308  stm32f10x_can.o(.text)
    CAN_ClearITPendingBit                    0x08006ea3   Thumb Code   162  stm32f10x_can.o(.text)
    DMA_DeInit                               0x08006f49   Thumb Code   324  stm32f10x_dma.o(.text)
    DMA_Init                                 0x0800708d   Thumb Code    60  stm32f10x_dma.o(.text)
    DMA_StructInit                           0x080070c9   Thumb Code    26  stm32f10x_dma.o(.text)
    DMA_Cmd                                  0x080070e3   Thumb Code    24  stm32f10x_dma.o(.text)
    DMA_ITConfig                             0x080070fb   Thumb Code    18  stm32f10x_dma.o(.text)
    DMA_SetCurrDataCounter                   0x0800710d   Thumb Code     4  stm32f10x_dma.o(.text)
    DMA_GetCurrDataCounter                   0x08007111   Thumb Code     8  stm32f10x_dma.o(.text)
    DMA_GetFlagStatus                        0x08007119   Thumb Code    38  stm32f10x_dma.o(.text)
    DMA_ClearFlag                            0x0800713f   Thumb Code    22  stm32f10x_dma.o(.text)
    DMA_GetITStatus                          0x08007155   Thumb Code    38  stm32f10x_dma.o(.text)
    DMA_ClearITPendingBit                    0x0800717b   Thumb Code    22  stm32f10x_dma.o(.text)
    FLASH_SetLatency                         0x08007199   Thumb Code    18  stm32f10x_flash.o(.text)
    FLASH_HalfCycleAccessCmd                 0x080071ab   Thumb Code    22  stm32f10x_flash.o(.text)
    FLASH_PrefetchBufferCmd                  0x080071c1   Thumb Code    22  stm32f10x_flash.o(.text)
    FLASH_Unlock                             0x080071d7   Thumb Code    12  stm32f10x_flash.o(.text)
    FLASH_UnlockBank1                        0x080071e3   Thumb Code    12  stm32f10x_flash.o(.text)
    FLASH_Lock                               0x080071ef   Thumb Code    14  stm32f10x_flash.o(.text)
    FLASH_LockBank1                          0x080071fd   Thumb Code    14  stm32f10x_flash.o(.text)
    FLASH_GetBank1Status                     0x0800720b   Thumb Code    48  stm32f10x_flash.o(.text)
    FLASH_WaitForLastOperation               0x0800723b   Thumb Code    38  stm32f10x_flash.o(.text)
    FLASH_ErasePage                          0x08007261   Thumb Code    72  stm32f10x_flash.o(.text)
    FLASH_EraseAllPages                      0x080072a9   Thumb Code    68  stm32f10x_flash.o(.text)
    FLASH_WaitForLastBank1Operation          0x080072ed   Thumb Code    38  stm32f10x_flash.o(.text)
    FLASH_EraseAllBank1Pages                 0x08007313   Thumb Code    68  stm32f10x_flash.o(.text)
    FLASH_GetReadOutProtectionStatus         0x08007357   Thumb Code    20  stm32f10x_flash.o(.text)
    FLASH_EraseOptionBytes                   0x0800736b   Thumb Code   150  stm32f10x_flash.o(.text)
    FLASH_ProgramWord                        0x08007401   Thumb Code   102  stm32f10x_flash.o(.text)
    FLASH_ProgramHalfWord                    0x08007467   Thumb Code    60  stm32f10x_flash.o(.text)
    FLASH_ProgramOptionByteData              0x080074a3   Thumb Code    72  stm32f10x_flash.o(.text)
    FLASH_EnableWriteProtection              0x080074eb   Thumb Code   200  stm32f10x_flash.o(.text)
    FLASH_ReadOutProtection                  0x080075b3   Thumb Code   156  stm32f10x_flash.o(.text)
    FLASH_UserOptionByteConfig               0x0800764f   Thumb Code    88  stm32f10x_flash.o(.text)
    FLASH_GetUserOptionByte                  0x080076a7   Thumb Code     8  stm32f10x_flash.o(.text)
    FLASH_GetWriteProtectionOptionByte       0x080076af   Thumb Code     6  stm32f10x_flash.o(.text)
    FLASH_GetPrefetchBufferStatus            0x080076b5   Thumb Code    20  stm32f10x_flash.o(.text)
    FLASH_ITConfig                           0x080076c9   Thumb Code    26  stm32f10x_flash.o(.text)
    FLASH_GetFlagStatus                      0x080076e3   Thumb Code    42  stm32f10x_flash.o(.text)
    FLASH_ClearFlag                          0x0800770d   Thumb Code     6  stm32f10x_flash.o(.text)
    FLASH_GetStatus                          0x08007713   Thumb Code    48  stm32f10x_flash.o(.text)
    GPIO_DeInit                              0x08007755   Thumb Code   172  stm32f10x_gpio.o(.text)
    GPIO_AFIODeInit                          0x08007801   Thumb Code    20  stm32f10x_gpio.o(.text)
    GPIO_Init                                0x08007815   Thumb Code   274  stm32f10x_gpio.o(.text)
    GPIO_StructInit                          0x08007927   Thumb Code    16  stm32f10x_gpio.o(.text)
    GPIO_ReadInputDataBit                    0x08007937   Thumb Code    18  stm32f10x_gpio.o(.text)
    GPIO_ReadInputData                       0x08007949   Thumb Code     8  stm32f10x_gpio.o(.text)
    GPIO_ReadOutputDataBit                   0x08007951   Thumb Code    18  stm32f10x_gpio.o(.text)
    GPIO_ReadOutputData                      0x08007963   Thumb Code     8  stm32f10x_gpio.o(.text)
    GPIO_SetBits                             0x0800796b   Thumb Code     4  stm32f10x_gpio.o(.text)
    GPIO_ResetBits                           0x0800796f   Thumb Code     4  stm32f10x_gpio.o(.text)
    GPIO_WriteBit                            0x08007973   Thumb Code    10  stm32f10x_gpio.o(.text)
    GPIO_Write                               0x0800797d   Thumb Code     4  stm32f10x_gpio.o(.text)
    GPIO_PinLockConfig                       0x08007981   Thumb Code    18  stm32f10x_gpio.o(.text)
    GPIO_EventOutputConfig                   0x08007993   Thumb Code    26  stm32f10x_gpio.o(.text)
    GPIO_EventOutputCmd                      0x080079ad   Thumb Code     6  stm32f10x_gpio.o(.text)
    GPIO_PinRemapConfig                      0x080079b3   Thumb Code   138  stm32f10x_gpio.o(.text)
    GPIO_EXTILineConfig                      0x08007a3d   Thumb Code    66  stm32f10x_gpio.o(.text)
    GPIO_ETH_MediaInterfaceConfig            0x08007a7f   Thumb Code     6  stm32f10x_gpio.o(.text)
    RCC_DeInit                               0x08007aad   Thumb Code    64  stm32f10x_rcc.o(.text)
    RCC_HSEConfig                            0x08007aed   Thumb Code    70  stm32f10x_rcc.o(.text)
    RCC_GetFlagStatus                        0x08007b33   Thumb Code    56  stm32f10x_rcc.o(.text)
    RCC_WaitForHSEStartUp                    0x08007b6b   Thumb Code    56  stm32f10x_rcc.o(.text)
    RCC_AdjustHSICalibrationValue            0x08007ba3   Thumb Code    20  stm32f10x_rcc.o(.text)
    RCC_HSICmd                               0x08007bb7   Thumb Code     6  stm32f10x_rcc.o(.text)
    RCC_PLLConfig                            0x08007bbd   Thumb Code    24  stm32f10x_rcc.o(.text)
    RCC_PLLCmd                               0x08007bd5   Thumb Code     6  stm32f10x_rcc.o(.text)
    RCC_SYSCLKConfig                         0x08007bdb   Thumb Code    18  stm32f10x_rcc.o(.text)
    RCC_GetSYSCLKSource                      0x08007bed   Thumb Code    10  stm32f10x_rcc.o(.text)
    RCC_HCLKConfig                           0x08007bf7   Thumb Code    18  stm32f10x_rcc.o(.text)
    RCC_PCLK1Config                          0x08007c09   Thumb Code    18  stm32f10x_rcc.o(.text)
    RCC_PCLK2Config                          0x08007c1b   Thumb Code    20  stm32f10x_rcc.o(.text)
    RCC_ITConfig                             0x08007c2f   Thumb Code    26  stm32f10x_rcc.o(.text)
    RCC_USBCLKConfig                         0x08007c49   Thumb Code     6  stm32f10x_rcc.o(.text)
    RCC_ADCCLKConfig                         0x08007c4f   Thumb Code    18  stm32f10x_rcc.o(.text)
    RCC_LSEConfig                            0x08007c61   Thumb Code    44  stm32f10x_rcc.o(.text)
    RCC_LSICmd                               0x08007c8d   Thumb Code     6  stm32f10x_rcc.o(.text)
    RCC_RTCCLKConfig                         0x08007c93   Thumb Code    12  stm32f10x_rcc.o(.text)
    RCC_RTCCLKCmd                            0x08007c9f   Thumb Code     8  stm32f10x_rcc.o(.text)
    RCC_GetClocksFreq                        0x08007ca7   Thumb Code   192  stm32f10x_rcc.o(.text)
    RCC_AHBPeriphClockCmd                    0x08007d67   Thumb Code    26  stm32f10x_rcc.o(.text)
    RCC_APB2PeriphClockCmd                   0x08007d81   Thumb Code    26  stm32f10x_rcc.o(.text)
    RCC_APB1PeriphClockCmd                   0x08007d9b   Thumb Code    26  stm32f10x_rcc.o(.text)
    RCC_APB2PeriphResetCmd                   0x08007db5   Thumb Code    26  stm32f10x_rcc.o(.text)
    RCC_APB1PeriphResetCmd                   0x08007dcf   Thumb Code    26  stm32f10x_rcc.o(.text)
    RCC_BackupResetCmd                       0x08007de9   Thumb Code     8  stm32f10x_rcc.o(.text)
    RCC_ClockSecuritySystemCmd               0x08007df1   Thumb Code     6  stm32f10x_rcc.o(.text)
    RCC_MCOConfig                            0x08007df7   Thumb Code     6  stm32f10x_rcc.o(.text)
    RCC_ClearFlag                            0x08007dfd   Thumb Code    14  stm32f10x_rcc.o(.text)
    RCC_GetITStatus                          0x08007e0b   Thumb Code    20  stm32f10x_rcc.o(.text)
    RCC_ClearITPendingBit                    0x08007e1f   Thumb Code     6  stm32f10x_rcc.o(.text)
    TIM_DeInit                               0x08007e51   Thumb Code   424  stm32f10x_tim.o(.text)
    TIM_TimeBaseInit                         0x08007ff9   Thumb Code   122  stm32f10x_tim.o(.text)
    TIM_OC1Init                              0x08008073   Thumb Code   132  stm32f10x_tim.o(.text)
    TIM_OC2Init                              0x080080f7   Thumb Code   154  stm32f10x_tim.o(.text)
    TIM_OC3Init                              0x08008191   Thumb Code   150  stm32f10x_tim.o(.text)
    TIM_OC4Init                              0x08008227   Thumb Code   182  stm32f10x_tim.o(.text)
    TIM_SetIC4Prescaler                      0x080082dd   Thumb Code    26  stm32f10x_tim.o(.text)
    TIM_SetIC3Prescaler                      0x08008379   Thumb Code    18  stm32f10x_tim.o(.text)
    TIM_SetIC2Prescaler                      0x08008405   Thumb Code    26  stm32f10x_tim.o(.text)
    TIM_SetIC1Prescaler                      0x080084a1   Thumb Code    18  stm32f10x_tim.o(.text)
    TIM_ICInit                               0x0800851f   Thumb Code   150  stm32f10x_tim.o(.text)
    TIM_PWMIConfig                           0x080085b5   Thumb Code   124  stm32f10x_tim.o(.text)
    TIM_BDTRConfig                           0x08008631   Thumb Code    32  stm32f10x_tim.o(.text)
    TIM_TimeBaseStructInit                   0x08008651   Thumb Code    18  stm32f10x_tim.o(.text)
    TIM_OCStructInit                         0x08008663   Thumb Code    20  stm32f10x_tim.o(.text)
    TIM_ICStructInit                         0x08008677   Thumb Code    18  stm32f10x_tim.o(.text)
    TIM_BDTRStructInit                       0x08008689   Thumb Code    40  stm32f10x_tim.o(.text)
    TIM_Cmd                                  0x080086b1   Thumb Code    24  stm32f10x_tim.o(.text)
    TIM_CtrlPWMOutputs                       0x080086c9   Thumb Code    30  stm32f10x_tim.o(.text)
    TIM_ITConfig                             0x080086e7   Thumb Code    18  stm32f10x_tim.o(.text)
    TIM_GenerateEvent                        0x080086f9   Thumb Code     4  stm32f10x_tim.o(.text)
    TIM_DMAConfig                            0x080086fd   Thumb Code    10  stm32f10x_tim.o(.text)
    TIM_DMACmd                               0x08008707   Thumb Code    18  stm32f10x_tim.o(.text)
    TIM_InternalClockConfig                  0x08008719   Thumb Code    12  stm32f10x_tim.o(.text)
    TIM_SelectInputTrigger                   0x08008725   Thumb Code    18  stm32f10x_tim.o(.text)
    TIM_ITRxExternalClockConfig              0x08008737   Thumb Code    24  stm32f10x_tim.o(.text)
    TIM_TIxExternalClockConfig               0x0800874f   Thumb Code    62  stm32f10x_tim.o(.text)
    TIM_ETRConfig                            0x0800878d   Thumb Code    28  stm32f10x_tim.o(.text)
    TIM_ETRClockMode1Config                  0x080087a9   Thumb Code    54  stm32f10x_tim.o(.text)
    TIM_ETRClockMode2Config                  0x080087df   Thumb Code    32  stm32f10x_tim.o(.text)
    TIM_PrescalerConfig                      0x080087ff   Thumb Code     6  stm32f10x_tim.o(.text)
    TIM_CounterModeConfig                    0x08008805   Thumb Code    18  stm32f10x_tim.o(.text)
    TIM_EncoderInterfaceConfig               0x08008817   Thumb Code    66  stm32f10x_tim.o(.text)
    TIM_ForcedOC1Config                      0x08008859   Thumb Code    18  stm32f10x_tim.o(.text)
    TIM_ForcedOC2Config                      0x0800886b   Thumb Code    26  stm32f10x_tim.o(.text)
    TIM_ForcedOC3Config                      0x08008885   Thumb Code    18  stm32f10x_tim.o(.text)
    TIM_ForcedOC4Config                      0x08008897   Thumb Code    26  stm32f10x_tim.o(.text)
    TIM_ARRPreloadConfig                     0x080088b1   Thumb Code    24  stm32f10x_tim.o(.text)
    TIM_SelectCOM                            0x080088c9   Thumb Code    24  stm32f10x_tim.o(.text)
    TIM_SelectCCDMA                          0x080088e1   Thumb Code    24  stm32f10x_tim.o(.text)
    TIM_CCPreloadControl                     0x080088f9   Thumb Code    24  stm32f10x_tim.o(.text)
    TIM_OC1PreloadConfig                     0x08008911   Thumb Code    18  stm32f10x_tim.o(.text)
    TIM_OC2PreloadConfig                     0x08008923   Thumb Code    26  stm32f10x_tim.o(.text)
    TIM_OC3PreloadConfig                     0x0800893d   Thumb Code    18  stm32f10x_tim.o(.text)
    TIM_OC4PreloadConfig                     0x0800894f   Thumb Code    26  stm32f10x_tim.o(.text)
    TIM_OC1FastConfig                        0x08008969   Thumb Code    18  stm32f10x_tim.o(.text)
    TIM_OC2FastConfig                        0x0800897b   Thumb Code    26  stm32f10x_tim.o(.text)
    TIM_OC3FastConfig                        0x08008995   Thumb Code    18  stm32f10x_tim.o(.text)
    TIM_OC4FastConfig                        0x080089a7   Thumb Code    26  stm32f10x_tim.o(.text)
    TIM_ClearOC1Ref                          0x080089c1   Thumb Code    18  stm32f10x_tim.o(.text)
    TIM_ClearOC2Ref                          0x080089d3   Thumb Code    24  stm32f10x_tim.o(.text)
    TIM_ClearOC3Ref                          0x080089eb   Thumb Code    18  stm32f10x_tim.o(.text)
    TIM_ClearOC4Ref                          0x080089fd   Thumb Code    24  stm32f10x_tim.o(.text)
    TIM_OC1PolarityConfig                    0x08008a15   Thumb Code    18  stm32f10x_tim.o(.text)
    TIM_OC1NPolarityConfig                   0x08008a27   Thumb Code    18  stm32f10x_tim.o(.text)
    TIM_OC2PolarityConfig                    0x08008a39   Thumb Code    26  stm32f10x_tim.o(.text)
    TIM_OC2NPolarityConfig                   0x08008a53   Thumb Code    26  stm32f10x_tim.o(.text)
    TIM_OC3PolarityConfig                    0x08008a6d   Thumb Code    26  stm32f10x_tim.o(.text)
    TIM_OC3NPolarityConfig                   0x08008a87   Thumb Code    26  stm32f10x_tim.o(.text)
    TIM_OC4PolarityConfig                    0x08008aa1   Thumb Code    26  stm32f10x_tim.o(.text)
    TIM_CCxCmd                               0x08008abb   Thumb Code    30  stm32f10x_tim.o(.text)
    TIM_CCxNCmd                              0x08008ad9   Thumb Code    30  stm32f10x_tim.o(.text)
    TIM_SelectOCxM                           0x08008af7   Thumb Code    82  stm32f10x_tim.o(.text)
    TIM_UpdateDisableConfig                  0x08008b49   Thumb Code    24  stm32f10x_tim.o(.text)
    TIM_UpdateRequestConfig                  0x08008b61   Thumb Code    24  stm32f10x_tim.o(.text)
    TIM_SelectHallSensor                     0x08008b79   Thumb Code    24  stm32f10x_tim.o(.text)
    TIM_SelectOnePulseMode                   0x08008b91   Thumb Code    18  stm32f10x_tim.o(.text)
    TIM_SelectOutputTrigger                  0x08008ba3   Thumb Code    18  stm32f10x_tim.o(.text)
    TIM_SelectSlaveMode                      0x08008bb5   Thumb Code    18  stm32f10x_tim.o(.text)
    TIM_SelectMasterSlaveMode                0x08008bc7   Thumb Code    18  stm32f10x_tim.o(.text)
    TIM_SetCounter                           0x08008bd9   Thumb Code     4  stm32f10x_tim.o(.text)
    TIM_SetAutoreload                        0x08008bdd   Thumb Code     4  stm32f10x_tim.o(.text)
    TIM_SetCompare1                          0x08008be1   Thumb Code     4  stm32f10x_tim.o(.text)
    TIM_SetCompare2                          0x08008be5   Thumb Code     4  stm32f10x_tim.o(.text)
    TIM_SetCompare3                          0x08008be9   Thumb Code     4  stm32f10x_tim.o(.text)
    TIM_SetCompare4                          0x08008bed   Thumb Code     6  stm32f10x_tim.o(.text)
    TIM_SetClockDivision                     0x08008bf3   Thumb Code    18  stm32f10x_tim.o(.text)
    TIM_GetCapture1                          0x08008c05   Thumb Code     6  stm32f10x_tim.o(.text)
    TIM_GetCapture2                          0x08008c0b   Thumb Code     6  stm32f10x_tim.o(.text)
    TIM_GetCapture3                          0x08008c11   Thumb Code     6  stm32f10x_tim.o(.text)
    TIM_GetCapture4                          0x08008c17   Thumb Code     8  stm32f10x_tim.o(.text)
    TIM_GetCounter                           0x08008c1f   Thumb Code     6  stm32f10x_tim.o(.text)
    TIM_GetPrescaler                         0x08008c25   Thumb Code     6  stm32f10x_tim.o(.text)
    TIM_GetFlagStatus                        0x08008c2b   Thumb Code    18  stm32f10x_tim.o(.text)
    TIM_ClearFlag                            0x08008c3d   Thumb Code     6  stm32f10x_tim.o(.text)
    TIM_GetITStatus                          0x08008c43   Thumb Code    34  stm32f10x_tim.o(.text)
    TIM_ClearITPendingBit                    0x08008c65   Thumb Code     6  stm32f10x_tim.o(.text)
    USART_DeInit                             0x08008c6d   Thumb Code   134  stm32f10x_usart.o(.text)
    USART_Init                               0x08008cf3   Thumb Code   210  stm32f10x_usart.o(.text)
    USART_StructInit                         0x08008dc5   Thumb Code    24  stm32f10x_usart.o(.text)
    USART_ClockInit                          0x08008ddd   Thumb Code    34  stm32f10x_usart.o(.text)
    USART_ClockStructInit                    0x08008dff   Thumb Code    12  stm32f10x_usart.o(.text)
    USART_Cmd                                0x08008e0b   Thumb Code    24  stm32f10x_usart.o(.text)
    USART_ITConfig                           0x08008e23   Thumb Code    74  stm32f10x_usart.o(.text)
    USART_DMACmd                             0x08008e6d   Thumb Code    18  stm32f10x_usart.o(.text)
    USART_SetAddress                         0x08008e7f   Thumb Code    18  stm32f10x_usart.o(.text)
    USART_WakeUpConfig                       0x08008e91   Thumb Code    18  stm32f10x_usart.o(.text)
    USART_ReceiverWakeUpCmd                  0x08008ea3   Thumb Code    24  stm32f10x_usart.o(.text)
    USART_LINBreakDetectLengthConfig         0x08008ebb   Thumb Code    18  stm32f10x_usart.o(.text)
    USART_LINCmd                             0x08008ecd   Thumb Code    24  stm32f10x_usart.o(.text)
    USART_SendData                           0x08008ee5   Thumb Code     8  stm32f10x_usart.o(.text)
    USART_ReceiveData                        0x08008eed   Thumb Code    10  stm32f10x_usart.o(.text)
    USART_SendBreak                          0x08008ef7   Thumb Code    10  stm32f10x_usart.o(.text)
    USART_SetGuardTime                       0x08008f01   Thumb Code    16  stm32f10x_usart.o(.text)
    USART_SetPrescaler                       0x08008f11   Thumb Code    16  stm32f10x_usart.o(.text)
    USART_SmartCardCmd                       0x08008f21   Thumb Code    24  stm32f10x_usart.o(.text)
    USART_SmartCardNACKCmd                   0x08008f39   Thumb Code    24  stm32f10x_usart.o(.text)
    USART_HalfDuplexCmd                      0x08008f51   Thumb Code    24  stm32f10x_usart.o(.text)
    USART_OverSampling8Cmd                   0x08008f69   Thumb Code    22  stm32f10x_usart.o(.text)
    USART_OneBitMethodCmd                    0x08008f7f   Thumb Code    24  stm32f10x_usart.o(.text)
    USART_IrDAConfig                         0x08008f97   Thumb Code    18  stm32f10x_usart.o(.text)
    USART_IrDACmd                            0x08008fa9   Thumb Code    24  stm32f10x_usart.o(.text)
    USART_GetFlagStatus                      0x08008fc1   Thumb Code    26  stm32f10x_usart.o(.text)
    USART_ClearFlag                          0x08008fdb   Thumb Code    18  stm32f10x_usart.o(.text)
    USART_GetITStatus                        0x08008fed   Thumb Code    84  stm32f10x_usart.o(.text)
    USART_ClearITPendingBit                  0x08009041   Thumb Code    52  stm32f10x_usart.o(.text)
    SystemInit                               0x08009151   Thumb Code    78  system_stm32f10x.o(.text)
    SystemCoreClockUpdate                    0x0800919f   Thumb Code   142  system_stm32f10x.o(.text)
    __aeabi_memcpy                           0x08009251   Thumb Code    36  memcpya.o(.text)
    __aeabi_memcpy4                          0x08009251   Thumb Code     0  memcpya.o(.text)
    __aeabi_memcpy8                          0x08009251   Thumb Code     0  memcpya.o(.text)
    __aeabi_memset                           0x08009275   Thumb Code    14  memseta.o(.text)
    __aeabi_memset4                          0x08009275   Thumb Code     0  memseta.o(.text)
    __aeabi_memset8                          0x08009275   Thumb Code     0  memseta.o(.text)
    __aeabi_memclr                           0x08009283   Thumb Code     4  memseta.o(.text)
    __aeabi_memclr4                          0x08009283   Thumb Code     0  memseta.o(.text)
    __aeabi_memclr8                          0x08009283   Thumb Code     0  memseta.o(.text)
    _memset$wrapper                          0x08009287   Thumb Code    18  memseta.o(.text)
    memcmp                                   0x08009299   Thumb Code    26  memcmp.o(.text)
    __aeabi_fadd                             0x080092b3   Thumb Code   164  fadd.o(.text)
    __aeabi_fsub                             0x08009357   Thumb Code     6  fadd.o(.text)
    __aeabi_frsub                            0x0800935d   Thumb Code     6  fadd.o(.text)
    __aeabi_fmul                             0x08009363   Thumb Code   108  fmul.o(.text)
    __aeabi_fdiv                             0x080093cf   Thumb Code   128  fdiv.o(.text)
    __aeabi_dadd                             0x0800944f   Thumb Code   322  dadd.o(.text)
    __aeabi_dsub                             0x08009591   Thumb Code     6  dadd.o(.text)
    __aeabi_drsub                            0x08009597   Thumb Code     6  dadd.o(.text)
    __aeabi_dmul                             0x0800959d   Thumb Code   228  dmul.o(.text)
    __aeabi_ddiv                             0x08009681   Thumb Code   222  ddiv.o(.text)
    __aeabi_i2f                              0x0800975f   Thumb Code    18  fflti.o(.text)
    __aeabi_ui2f                             0x08009771   Thumb Code    10  ffltui.o(.text)
    __aeabi_i2d                              0x0800977b   Thumb Code    34  dflti.o(.text)
    __aeabi_ui2d                             0x0800979d   Thumb Code    26  dfltui.o(.text)
    __aeabi_f2iz                             0x080097b7   Thumb Code    50  ffixi.o(.text)
    __aeabi_f2d                              0x080097e9   Thumb Code    38  f2d.o(.text)
    __aeabi_cdcmpeq                          0x08009811   Thumb Code     0  cdcmple.o(.text)
    __aeabi_cdcmple                          0x08009811   Thumb Code    38  cdcmple.o(.text)
    __aeabi_cdrcmple                         0x08009839   Thumb Code    38  cdrcmple.o(.text)
    __aeabi_d2f                              0x08009861   Thumb Code    56  d2f.o(.text)
    __aeabi_cfcmpeq                          0x08009899   Thumb Code     0  cfcmple.o(.text)
    __aeabi_cfcmple                          0x08009899   Thumb Code    20  cfcmple.o(.text)
    __aeabi_cfrcmple                         0x080098ad   Thumb Code    20  cfrcmple.o(.text)
    __aeabi_uidiv                            0x080098c1   Thumb Code     0  uidiv.o(.text)
    __aeabi_uidivmod                         0x080098c1   Thumb Code    44  uidiv.o(.text)
    __aeabi_uldivmod                         0x080098ed   Thumb Code    98  uldiv.o(.text)
    __aeabi_llsl                             0x0800994f   Thumb Code    30  llshl.o(.text)
    _ll_shift_l                              0x0800994f   Thumb Code     0  llshl.o(.text)
    __aeabi_lasr                             0x0800996d   Thumb Code    36  llsshr.o(.text)
    _ll_sshift_r                             0x0800996d   Thumb Code     0  llsshr.o(.text)
    __I$use$fp                               0x08009991   Thumb Code     0  iusefp.o(.text)
    _float_round                             0x08009991   Thumb Code    18  fepilogue.o(.text)
    _float_epilogue                          0x080099a3   Thumb Code    90  fepilogue.o(.text)
    _double_round                            0x080099fd   Thumb Code    26  depilogue.o(.text)
    _double_epilogue                         0x08009a17   Thumb Code   164  depilogue.o(.text)
    __ARM_scalbn                             0x08009abb   Thumb Code    46  dscalb.o(.text)
    scalbn                                   0x08009abb   Thumb Code     0  dscalb.o(.text)
    _dsqrt                                   0x08009ae9   Thumb Code   162  dsqrt.o(.text)
    __aeabi_d2ulz                            0x08009b8b   Thumb Code    48  dfixul.o(.text)
    __scatterload                            0x08009bbd   Thumb Code    28  init.o(.text)
    __scatterload_rt2                        0x08009bbd   Thumb Code     0  init.o(.text)
    __aeabi_llsr                             0x08009be1   Thumb Code    32  llushr.o(.text)
    _ll_ushift_r                             0x08009be1   Thumb Code     0  llushr.o(.text)
    __aeabi_d2iz                             0x08009c01   Thumb Code    62  dfixi.o(.text)
    __decompress                             0x08009c3f   Thumb Code     0  __dczerorl2.o(.text)
    __decompress1                            0x08009c3f   Thumb Code    92  __dczerorl2.o(.text)
    __0sprintf                               0x08009c9d   Thumb Code    34  printfa.o(i.__0sprintf)
    __1sprintf                               0x08009c9d   Thumb Code     0  printfa.o(i.__0sprintf)
    __2sprintf                               0x08009c9d   Thumb Code     0  printfa.o(i.__0sprintf)
    __c89sprintf                             0x08009c9d   Thumb Code     0  printfa.o(i.__0sprintf)
    sprintf                                  0x08009c9d   Thumb Code     0  printfa.o(i.__0sprintf)
    __ARM_fpclassify                         0x08009cc5   Thumb Code    40  fpclassify.o(i.__ARM_fpclassify)
    __ieee754_rem_pio2                       0x08009ced   Thumb Code   832  rred.o(i.__ieee754_rem_pio2)
    __kernel_cos                             0x0800a075   Thumb Code   230  cos_i.o(i.__kernel_cos)
    __kernel_poly                            0x0800a171   Thumb Code   170  poly.o(i.__kernel_poly)
    __kernel_sin                             0x0800a21d   Thumb Code   224  sin_i.o(i.__kernel_sin)
    __mathlib_dbl_underflow                  0x0800a309   Thumb Code    10  dunder.o(i.__mathlib_dbl_underflow)
    __scatterload_copy                       0x0800a319   Thumb Code    14  handlers.o(i.__scatterload_copy)
    __scatterload_null                       0x0800a327   Thumb Code     2  handlers.o(i.__scatterload_null)
    __scatterload_zeroinit                   0x0800a329   Thumb Code    14  handlers.o(i.__scatterload_zeroinit)
    __set_errno                              0x0800a339   Thumb Code     6  errno.o(i.__set_errno)
    asin                                     0x0800abf1   Thumb Code   584  asin.o(i.asin)
    atan                                     0x0800ae6d   Thumb Code   478  atan.o(i.atan)
    atan2                                    0x0800b091   Thumb Code   346  atan2.o(i.atan2)
    cos                                      0x0800b211   Thumb Code   164  cos.o(i.cos)
    sin                                      0x0800b2bd   Thumb Code   166  sin.o(i.sin)
    sqrt                                     0x0800b36d   Thumb Code    76  sqrt.o(i.sqrt)
    __mathlib_zero                           0x0800b4d0   Data           8  qnan.o(.constdata)
    Region$$Table$$Base                      0x0800b5c8   Number         0  anon$$obj.o(Region$$Table)
    Region$$Table$$Limit                     0x0800b5e8   Number         0  anon$$obj.o(Region$$Table)
    t                                        0x20000000   Data           1  main.o(.data)
    time_taken                               0x20000004   Data           4  main.o(.data)
    t3                                       0x20000008   Data           4  main.o(.data)
    t4                                       0x2000000c   Data           4  main.o(.data)
    op                                       0x20000010   Data           1  main.o(.data)
    USART1RunningFlag                        0x20000014   Data           1  usart1.o(.data)
    USART1RecvOVF                            0x20000015   Data           1  usart1.o(.data)
    Recv1Index                               0x20000018   Data           4  usart1.o(.data)
    Recv1Count                               0x2000001c   Data           4  usart1.o(.data)
    UART1RecvFlag                            0x20000020   Data           1  usart1.o(.data)
    USART1SendQBoxHost                       0x20000022   Data           1  usart1.o(.data)
    USART1SendQBoxTail                       0x20000023   Data           1  usart1.o(.data)
    USART1SendQFree                          0x20000024   Data           1  usart1.o(.data)
    USART1RecvPtrW                           0x20000025   Data           1  usart1.o(.data)
    USART1RecvPtrR                           0x20000026   Data           1  usart1.o(.data)
    UART1RecvBufStart                        0x20000027   Data           1  usart1.o(.data)
    UART1RecvBufEnd                          0x20000028   Data           1  usart1.o(.data)
    OSQUSART1Index                           0x2000002c   Data           4  usart1.o(.data)
    time                                     0x20000034   Data           4  time.o(.data)
    CAN1SendQBoxHost                         0x20000038   Data           1  can.o(.data)
    CAN1SendQBoxTail                         0x20000039   Data           1  can.o(.data)
    CAN1SendQFree                            0x2000003c   Data           4  can.o(.data)
    CAN1SendOVF                              0x20000040   Data           1  can.o(.data)
    CAN1RunningFlag                          0x20000041   Data           1  can.o(.data)
    CAN1RecvOVF                              0x20000042   Data           1  can.o(.data)
    CAN1Recv1Index                           0x20000044   Data           4  can.o(.data)
    CAN1Recv1Count                           0x20000048   Data           4  can.o(.data)
    CAN1RecvFlag                             0x2000004c   Data           1  can.o(.data)
    CAN1SendQBoxPre                          0x2000004d   Data           1  can.o(.data)
    CAN1RecvPtrW                             0x20000054   Data           1  can.o(.data)
    CAN1RecvPtrR                             0x20000055   Data           1  can.o(.data)
    OSQCAN1Index                             0x20000058   Data           4  can.o(.data)
    UART4RunningFlag                         0x20000060   Data           1  uart4.o(.data)
    RFIDData                                 0x20000061   Data           5  uart4.o(.data)
    g_rfid_num                               0x20000066   Data           1  uart4.o(.data)
    g_rfid_num_last                          0x20000067   Data           1  uart4.o(.data)
    g_rfid_data_flag                         0x20000068   Data           1  uart4.o(.data)
    last_data                                0x20000069   Data           5  uart4.o(.data)
    UART4RecvOVF                             0x2000006e   Data           1  uart4.o(.data)
    Recv4Index                               0x20000070   Data           4  uart4.o(.data)
    Recv4Count                               0x20000074   Data           4  uart4.o(.data)
    UART4RecvFlag                            0x20000078   Data           1  uart4.o(.data)
    UART4RecvFrameLen                        0x20000079   Data           1  uart4.o(.data)
    RFIDCardData                             0x2000007a   Data         100  uart4.o(.data)
    UART4SendQBoxHost                        0x200000e0   Data           1  uart4.o(.data)
    UART4SendQBoxTail                        0x200000e1   Data           1  uart4.o(.data)
    UART4SendQFree                           0x200000e4   Data           4  uart4.o(.data)
    UART4RecvPtrW                            0x200000e8   Data           1  uart4.o(.data)
    UART4RecvPtrR                            0x200000e9   Data           1  uart4.o(.data)
    UART4RecvBufStart                        0x200000ea   Data           1  uart4.o(.data)
    UART4RecvBufEnd                          0x200000eb   Data           1  uart4.o(.data)
    UART4RecvState                           0x200000ec   Data           1  uart4.o(.data)
    OSQUART4Index                            0x200000f0   Data           4  uart4.o(.data)
    temprate                                 0x200000f4   Data           4  motorcontrol.o(.data)
    lasttime                                 0x200000f8   Data           4  motorcontrol.o(.data)
    nowtime                                  0x200000fc   Data           4  motorcontrol.o(.data)
    USART2RunningFlag                        0x20000100   Data           1  usart2.o(.data)
    USART2RecvOVF                            0x20000101   Data           1  usart2.o(.data)
    Recv2Index                               0x20000104   Data           4  usart2.o(.data)
    Recv2Count                               0x20000108   Data           4  usart2.o(.data)
    USART2RecvFlag                           0x2000010c   Data           1  usart2.o(.data)
    rateIndex                                0x2000010d   Data           1  usart2.o(.data)
    g_bt_manual_botrate                      0x20000110   Data           4  usart2.o(.data)
    g_bt_manual_flag                         0x20000114   Data           1  usart2.o(.data)
    USART2SendQBoxHost                       0x20000116   Data           1  usart2.o(.data)
    USART2SendQBoxTail                       0x20000117   Data           1  usart2.o(.data)
    USART2SendQFree                          0x20000118   Data           4  usart2.o(.data)
    USART2RecvPtrW                           0x2000011c   Data           1  usart2.o(.data)
    USART2RecvPtrR                           0x2000011d   Data           1  usart2.o(.data)
    USART2RecvBufStart                       0x2000011e   Data           1  usart2.o(.data)
    USART2RecvBufEnd                         0x2000011f   Data           1  usart2.o(.data)
    USART2RecvState                          0x20000120   Data           1  usart2.o(.data)
    USART2RecvFrameLen                       0x20000121   Data           1  usart2.o(.data)
    OSQUSART2Index                           0x20000124   Data           4  usart2.o(.data)
    last_dir                                 0x2000012c   Data           1  magnav.o(.data)
    g_pd_flag                                0x20000138   Data           1  magnav.o(.data)
    error                                    0x2000013c   Data           4  magnav.o(.data)
    error_p                                  0x20000140   Data           4  magnav.o(.data)
    g_last_dis                               0x20000144   Data           4  sensors.o(.data)
    g_front_distance                         0x20000148   Data           4  sensors.o(.data)
    g_mid_distance                           0x2000014c   Data           4  sensors.o(.data)
    g_back_distance                          0x20000150   Data           4  sensors.o(.data)
    g_mid_distance_1                         0x20000154   Data           4  sensors.o(.data)
    amp                                      0x20000158   Data          16  sensors.o(.data)
    this_layer                               0x20000168   Data           4  sensors.o(.data)
    test_flag                                0x2000016c   Data           1  sensors.o(.data)
    move_all_flag                            0x2000016d   Data           1  sensors.o(.data)
    move_target_flag                         0x2000016e   Data           1  sensors.o(.data)
    rfid_back1                               0x2000016f   Data           2  sensors.o(.data)
    rfid_back2                               0x20000171   Data           1  sensors.o(.data)
    u3_data_test                             0x20000172   Data           5  sensors.o(.data)
    p_amp                                    0x20000178   Data           4  sensors.o(.data)
    amp_size                                 0x2000017c   Data           4  sensors.o(.data)
    arbitrate                                0x20000180   Data           1  sensors.o(.data)
    halt                                     0x20000181   Data           1  sensors.o(.data)
    USART3RunningFlag                        0x20000184   Data           1  usart3.o(.data)
    USART3RecvOVF                            0x20000185   Data           1  usart3.o(.data)
    Recv3Index                               0x20000186   Data           1  usart3.o(.data)
    Recv3Count                               0x20000187   Data           1  usart3.o(.data)
    USART3RecvFlag                           0x20000188   Data           1  usart3.o(.data)
    g_zigbee_manual_flag                     0x20000189   Data           1  usart3.o(.data)
    g_magnav_auto_flag                       0x2000018a   Data           1  usart3.o(.data)
    g_done_flag                              0x2000018b   Data           1  usart3.o(.data)
    g_magnav_action_flag                     0x2000018c   Data           1  usart3.o(.data)
    g_magnav_auto_botrate                    0x20000190   Data           4  usart3.o(.data)
    error_code2                              0x20000194   Data           5  usart3.o(.data)
    lose_flag                                0x20000199   Data           1  usart3.o(.data)
    USART3SendQBoxHost                       0x2000019b   Data           1  usart3.o(.data)
    USART3SendQBoxTail                       0x2000019c   Data           1  usart3.o(.data)
    USART3SendQFree                          0x200001a0   Data           4  usart3.o(.data)
    USART3RecvPtrW                           0x200001a4   Data           1  usart3.o(.data)
    USART3RecvPtrR                           0x200001a5   Data           1  usart3.o(.data)
    USART3RecvBufStart                       0x200001a6   Data           1  usart3.o(.data)
    USART3RecvBufEnd                         0x200001a7   Data           1  usart3.o(.data)
    USART3RecvState                          0x200001a8   Data           1  usart3.o(.data)
    USART3RecvFrameLen                       0x200001a9   Data           1  usart3.o(.data)
    OSQUSART3Index                           0x200001ac   Data           4  usart3.o(.data)
    g_dir                                    0x200001b0   Data           1  usart3.o(.data)
    hold_yaw                                 0x200001b4   Data           4  usart3.o(.data)
    g_from                                   0x200001b8   Data           1  usart3.o(.data)
    g_to                                     0x200001b9   Data           1  usart3.o(.data)
    last_cmd_type                            0x200001ba   Data           1  usart3.o(.data)
    my_unTemp16                              0x200001bc   Data           4  flash.o(.data)
    cut_off                                  0x200001c0   Data           1  ahrs.o(.data)
    acc_x_raw                                0x200001c2   Data           2  ahrs.o(.data)
    acc_y_raw                                0x200001c4   Data           2  ahrs.o(.data)
    acc_z_raw                                0x200001c6   Data           2  ahrs.o(.data)
    gyro_x_raw                               0x200001c8   Data           2  ahrs.o(.data)
    gyro_y_raw                               0x200001ca   Data           2  ahrs.o(.data)
    gyro_z_raw                               0x200001cc   Data           2  ahrs.o(.data)
    mag_x_raw                                0x200001ce   Data           2  ahrs.o(.data)
    mag_y_raw                                0x200001d0   Data           2  ahrs.o(.data)
    mag_z_raw                                0x200001d2   Data           2  ahrs.o(.data)
    acc_x                                    0x200001d4   Data           4  ahrs.o(.data)
    acc_y                                    0x200001d8   Data           4  ahrs.o(.data)
    acc_z                                    0x200001dc   Data           4  ahrs.o(.data)
    gyro_x                                   0x200001e0   Data           4  ahrs.o(.data)
    gyro_y                                   0x200001e4   Data           4  ahrs.o(.data)
    gyro_z                                   0x200001e8   Data           4  ahrs.o(.data)
    mag_x                                    0x200001ec   Data           4  ahrs.o(.data)
    mag_y                                    0x200001f0   Data           4  ahrs.o(.data)
    mag_z                                    0x200001f4   Data           4  ahrs.o(.data)
    gyro_x_0                                 0x200001f8   Data           4  ahrs.o(.data)
    gyro_y_0                                 0x200001fc   Data           4  ahrs.o(.data)
    gyro_z_0                                 0x20000200   Data           4  ahrs.o(.data)
    gyro_x_f                                 0x20000204   Data           4  ahrs.o(.data)
    gyro_y_f                                 0x20000208   Data           4  ahrs.o(.data)
    gyro_z_f                                 0x2000020c   Data           4  ahrs.o(.data)
    gyro_x_p                                 0x20000210   Data           4  ahrs.o(.data)
    gyro_y_p                                 0x20000214   Data           4  ahrs.o(.data)
    gyro_z_p                                 0x20000218   Data           4  ahrs.o(.data)
    a_x                                      0x2000021c   Data           4  ahrs.o(.data)
    a_y                                      0x20000220   Data           4  ahrs.o(.data)
    a_z                                      0x20000224   Data           4  ahrs.o(.data)
    w_x                                      0x20000228   Data           4  ahrs.o(.data)
    w_y                                      0x2000022c   Data           4  ahrs.o(.data)
    w_z                                      0x20000230   Data           4  ahrs.o(.data)
    m_x                                      0x20000234   Data           4  ahrs.o(.data)
    m_y                                      0x20000238   Data           4  ahrs.o(.data)
    m_z                                      0x2000023c   Data           4  ahrs.o(.data)
    b_x                                      0x20000240   Data           4  ahrs.o(.data)
    b_z                                      0x20000244   Data           4  ahrs.o(.data)
    h_x                                      0x20000248   Data           4  ahrs.o(.data)
    h_y                                      0x2000024c   Data           4  ahrs.o(.data)
    h_z                                      0x20000250   Data           4  ahrs.o(.data)
    SEq_1                                    0x20000254   Data           4  ahrs.o(.data)
    SEq_2                                    0x20000258   Data           4  ahrs.o(.data)
    SEq_3                                    0x2000025c   Data           4  ahrs.o(.data)
    SEq_4                                    0x20000260   Data           4  ahrs.o(.data)
    twoKp_z                                  0x20000264   Data           4  ahrs.o(.data)
    twoKp_x                                  0x20000268   Data           4  ahrs.o(.data)
    twoKp_y                                  0x2000026c   Data           4  ahrs.o(.data)
    twoKi_z                                  0x20000270   Data           4  ahrs.o(.data)
    twoKi_x                                  0x20000274   Data           4  ahrs.o(.data)
    twoKi_y                                  0x20000278   Data           4  ahrs.o(.data)
    twoKd_x                                  0x2000027c   Data           4  ahrs.o(.data)
    twoKd_y                                  0x20000280   Data           4  ahrs.o(.data)
    twoKd_z                                  0x20000284   Data           4  ahrs.o(.data)
    vx                                       0x20000288   Data           4  ahrs.o(.data)
    vy                                       0x2000028c   Data           4  ahrs.o(.data)
    vz                                       0x20000290   Data           4  ahrs.o(.data)
    wx                                       0x20000294   Data           4  ahrs.o(.data)
    wy                                       0x20000298   Data           4  ahrs.o(.data)
    wz                                       0x2000029c   Data           4  ahrs.o(.data)
    roll                                     0x200002a0   Data           4  ahrs.o(.data)
    pitch                                    0x200002a4   Data           4  ahrs.o(.data)
    yaw                                      0x200002a8   Data           4  ahrs.o(.data)
    counter                                  0x200002ac   Data           1  ahrs.o(.data)
    bias                                     0x200002b0   Data           4  ahrs.o(.data)
    qua_init                                 0x200002b4   Data           1  ahrs.o(.data)
    cal_ready                                0x200002b5   Data           1  ahrs.o(.data)
    w_x_bias                                 0x200002b8   Data           4  ahrs.o(.data)
    w_y_bias                                 0x200002bc   Data           4  ahrs.o(.data)
    w_z_bias                                 0x200002c0   Data           4  ahrs.o(.data)
    a_x_bias                                 0x200002c4   Data           4  ahrs.o(.data)
    a_y_bias                                 0x200002c8   Data           4  ahrs.o(.data)
    a_z_bias                                 0x200002cc   Data           4  ahrs.o(.data)
    m_x_bias                                 0x200002d0   Data           4  ahrs.o(.data)
    m_y_bias                                 0x200002d4   Data           4  ahrs.o(.data)
    m_z_bias                                 0x200002d8   Data           4  ahrs.o(.data)
    AHRSRecvState                            0x200002dc   Data           1  ahrs.o(.data)
    ex                                       0x200002e0   Data           4  ahrs.o(.data)
    ey                                       0x200002e4   Data           4  ahrs.o(.data)
    ez                                       0x200002e8   Data           4  ahrs.o(.data)
    integralFb_x                             0x200002ec   Data           4  ahrs.o(.data)
    integralFb_y                             0x200002f0   Data           4  ahrs.o(.data)
    integralFb_z                             0x200002f4   Data           4  ahrs.o(.data)
    pex                                      0x200002f8   Data           4  ahrs.o(.data)
    pey                                      0x200002fc   Data           4  ahrs.o(.data)
    pez                                      0x20000300   Data           4  ahrs.o(.data)
    dex                                      0x20000304   Data           4  ahrs.o(.data)
    dey                                      0x20000308   Data           4  ahrs.o(.data)
    dez                                      0x2000030c   Data           4  ahrs.o(.data)
    t1                                       0x20000310   Data           4  ahrs.o(.data)
    t2                                       0x20000314   Data           4  ahrs.o(.data)
    interval                                 0x20000318   Data           4  ahrs.o(.data)
    counter1                                 0x2000031d   Data           1  ahrs.o(.data)
    counter2                                 0x2000031e   Data           1  ahrs.o(.data)
    counter3                                 0x2000031f   Data           1  ahrs.o(.data)
    g_distance                               0x20000334   Data           4  odometry.o(.data)
    SystemCoreClock                          0x20000338   Data           4  system_stm32f10x.o(.data)
    AHBPrescTable                            0x2000033c   Data          16  system_stm32f10x.o(.data)
    OSMemTcb                                 0x20000350   Data          64  osqmem.o(.bss)
    USART1tempBuffer                         0x20000390   Data          28  usart1.o(.bss)
    USART1SendTCB                            0x200003ac   Data         160  usart1.o(.bss)
    USART1RecvBuffer                         0x2000044c   Data         256  usart1.o(.bss)
    OSUSART1MemQ                             0x2000054c   Data        1024  usart1.o(.bss)
    g_RcvWheelSpeed                          0x2000094c   Data          16  can1config.o(.bss)
    g_PreRcvWheelSpeed                       0x2000095c   Data          16  can1config.o(.bss)
    CAN1SendTCB                              0x2000096c   Data         512  can.o(.bss)
    CAN1QRecvBuffer                          0x20000b6c   Data         256  can.o(.bss)
    OSCAN1MemQ                               0x20000c6c   Data        1024  can.o(.bss)
    UART4SendTCB                             0x2000106c   Data         160  uart4.o(.bss)
    UART4RecvBuffer                          0x2000110c   Data         256  uart4.o(.bss)
    OSUART4MemQ                              0x2000120c   Data        1024  uart4.o(.bss)
    USART2SendTCB                            0x2000160c   Data         160  usart2.o(.bss)
    USART2RecvBuffer                         0x200016ac   Data         256  usart2.o(.bss)
    OSUSART2MemQ                             0x200017ac   Data        1024  usart2.o(.bss)
    ucTranslateRate                          0x20001bac   Data          12  usart2.o(.bss)
    ucAngle                                  0x20001bb8   Data          12  usart2.o(.bss)
    ucRotateRate                             0x20001bc4   Data          12  usart2.o(.bss)
    g_pd                                     0x20001bd0   Data          48  magnav.o(.bss)
    pd                                       0x20001c00   Data          48  magnav.o(.bss)
    yaw_pid                                  0x20001c30   Data          12  magnav.o(.bss)
    SCH_tasks                                0x20001c3c   Data         192  task.o(.bss)
    zerorate                                 0x20001cfc   Data          12  sensors.o(.bss)
    bluetooth_manual                         0x20001d08   Data          20  sensors.o(.bss)
    zigbee_manual                            0x20001d1c   Data          20  sensors.o(.bss)
    magnav                                   0x20001d30   Data          20  sensors.o(.bss)
    stop                                     0x20001d44   Data          20  sensors.o(.bss)
    g_zigbee_manual_botrate                  0x20001d58   Data          12  usart3.o(.bss)
    USART3SendTCB                            0x20001d64   Data         160  usart3.o(.bss)
    USART3RecvBuffer                         0x20001e04   Data         256  usart3.o(.bss)
    OSUSART3MemQ                             0x20001f04   Data        1024  usart3.o(.bss)
    writeflashdata                           0x20002304   Data          16  flash.o(.bss)
    rawdata                                  0x20002314   Data          11  ahrs.o(.bss)
    buffer1                                  0x20002320   Data          32  ahrs.o(.bss)
    buffer2                                  0x20002340   Data          32  ahrs.o(.bss)
    buffer3                                  0x20002360   Data          32  ahrs.o(.bss)
    buffer4                                  0x20002380   Data          32  ahrs.o(.bss)
    buffer5                                  0x200023a0   Data          32  ahrs.o(.bss)
    buffer6                                  0x200023c0   Data          32  ahrs.o(.bss)
    buffer7                                  0x200023e0   Data          32  ahrs.o(.bss)
    buffer8                                  0x20002400   Data          32  ahrs.o(.bss)
    buffer9                                  0x20002420   Data          32  ahrs.o(.bss)
    encoder_data                             0x20002440   Data          32  odometry.o(.bss)
    feedback_wheelspeed                      0x20002460   Data          16  odometry.o(.bss)
    g_robotrate                              0x20002470   Data          12  odometry.o(.bss)
    __initial_sp                             0x20002880   Data           0  startup_stm32f10x_hd.o(STACK)



==============================================================================

Memory Map of the image

  Image Entry point : 0x08000145

  Load Region LR_1 (Base: 0x08000000, Size: 0x0000b938, Max: 0xffffffff, ABSOLUTE, COMPRESSED[0x0000b698])

    Execution Region ER_RO (Base: 0x08000000, Size: 0x0000b5e8, Max: 0xffffffff, ABSOLUTE)

    Base Addr    Size         Type   Attr      Idx    E Section Name        Object

    0x08000000   0x00000130   Data   RO            3    RESET               startup_stm32f10x_hd.o
    0x08000130   0x00000000   Code   RO          925  * .ARM.Collect$$$$00000000  mc_w.l(entry.o)
    0x08000130   0x00000004   Code   RO         1252    .ARM.Collect$$$$00000001  mc_w.l(entry2.o)
    0x08000134   0x00000004   Code   RO         1255    .ARM.Collect$$$$00000004  mc_w.l(entry5.o)
    0x08000138   0x00000000   Code   RO         1257    .ARM.Collect$$$$00000008  mc_w.l(entry7b.o)
    0x08000138   0x00000000   Code   RO         1259    .ARM.Collect$$$$0000000A  mc_w.l(entry8b.o)
    0x08000138   0x00000008   Code   RO         1260    .ARM.Collect$$$$0000000B  mc_w.l(entry9a.o)
    0x08000140   0x00000000   Code   RO         1262    .ARM.Collect$$$$0000000D  mc_w.l(entry10a.o)
    0x08000140   0x00000000   Code   RO         1264    .ARM.Collect$$$$0000000F  mc_w.l(entry11a.o)
    0x08000140   0x00000004   Code   RO         1253    .ARM.Collect$$$$00002712  mc_w.l(entry2.o)
    0x08000144   0x00000024   Code   RO            4  * .text               startup_stm32f10x_hd.o
    0x08000168   0x00000134   Code   RO           10    .text               main.o
    0x0800029c   0x00000020   Code   RO          197    .text               stm32f10x_it.o
    0x080002bc   0x000000e0   Code   RO          212    .text               osqmem.o
    0x0800039c   0x00000474   Code   RO          227    .text               usart1.o
    0x08000810   0x000001c4   Code   RO          249    .text               usart1config.o
    0x080009d4   0x00000248   Code   RO          262    .text               time.o
    0x08000c1c   0x000002f8   Code   RO          284    .text               can1config.o
    0x08000f14   0x00000436   Code   RO          303    .text               can.o
    0x0800134a   0x00000002   PAD
    0x0800134c   0x000000f8   Code   RO          322    .text               uart4config.o
    0x08001444   0x00000610   Code   RO          335    .text               uart4.o
    0x08001a54   0x00000370   Code   RO          354    .text               motorcontrol.o
    0x08001dc4   0x00000050   Code   RO          378    .text               led.o
    0x08001e14   0x0000086c   Code   RO          390    .text               usart2.o
    0x08002680   0x00000124   Code   RO          411    .text               usart2config.o
    0x080027a4   0x00000368   Code   RO          424    .text               magnav.o
    0x08002b0c   0x00000184   Code   RO          445    .text               task.o
    0x08002c90   0x000001dc   Code   RO          460    .text               sensors.o
    0x08002e6c   0x000009c0   Code   RO          480    .text               usart3.o
    0x0800382c   0x0000012c   Code   RO          499    .text               usart3config.o
    0x08003958   0x000002e0   Code   RO          511    .text               flash.o
    0x08003c38   0x00002848   Code   RO          530    .text               ahrs.o
    0x08006480   0x000000dc   Code   RO          554    .text               misc.o
    0x0800655c   0x000009ec   Code   RO          590    .text               stm32f10x_can.o
    0x08006f48   0x00000250   Code   RO          650    .text               stm32f10x_dma.o
    0x08007198   0x000005bc   Code   RO          674    .text               stm32f10x_flash.o
    0x08007754   0x00000358   Code   RO          698    .text               stm32f10x_gpio.o
    0x08007aac   0x000003a4   Code   RO          746    .text               stm32f10x_rcc.o
    0x08007e50   0x00000e1a   Code   RO          796    .text               stm32f10x_tim.o
    0x08008c6a   0x00000002   PAD
    0x08008c6c   0x00000408   Code   RO          808    .text               stm32f10x_usart.o
    0x08009074   0x000001dc   Code   RO          855    .text               system_stm32f10x.o
    0x08009250   0x00000024   Code   RO          928    .text               mc_w.l(memcpya.o)
    0x08009274   0x00000024   Code   RO          930    .text               mc_w.l(memseta.o)
    0x08009298   0x0000001a   Code   RO          932    .text               mc_w.l(memcmp.o)
    0x080092b2   0x000000b0   Code   RO         1197    .text               mf_w.l(fadd.o)
    0x08009362   0x0000006c   Code   RO         1199    .text               mf_w.l(fmul.o)
    0x080093ce   0x00000080   Code   RO         1201    .text               mf_w.l(fdiv.o)
    0x0800944e   0x0000014e   Code   RO         1203    .text               mf_w.l(dadd.o)
    0x0800959c   0x000000e4   Code   RO         1205    .text               mf_w.l(dmul.o)
    0x08009680   0x000000de   Code   RO         1207    .text               mf_w.l(ddiv.o)
    0x0800975e   0x00000012   Code   RO         1209    .text               mf_w.l(fflti.o)
    0x08009770   0x0000000a   Code   RO         1211    .text               mf_w.l(ffltui.o)
    0x0800977a   0x00000022   Code   RO         1213    .text               mf_w.l(dflti.o)
    0x0800979c   0x0000001a   Code   RO         1215    .text               mf_w.l(dfltui.o)
    0x080097b6   0x00000032   Code   RO         1217    .text               mf_w.l(ffixi.o)
    0x080097e8   0x00000026   Code   RO         1219    .text               mf_w.l(f2d.o)
    0x0800980e   0x00000002   PAD
    0x08009810   0x00000028   Code   RO         1221    .text               mf_w.l(cdcmple.o)
    0x08009838   0x00000028   Code   RO         1223    .text               mf_w.l(cdrcmple.o)
    0x08009860   0x00000038   Code   RO         1225    .text               mf_w.l(d2f.o)
    0x08009898   0x00000014   Code   RO         1227    .text               mf_w.l(cfcmple.o)
    0x080098ac   0x00000014   Code   RO         1229    .text               mf_w.l(cfrcmple.o)
    0x080098c0   0x0000002c   Code   RO         1269    .text               mc_w.l(uidiv.o)
    0x080098ec   0x00000062   Code   RO         1271    .text               mc_w.l(uldiv.o)
    0x0800994e   0x0000001e   Code   RO         1273    .text               mc_w.l(llshl.o)
    0x0800996c   0x00000024   Code   RO         1275    .text               mc_w.l(llsshr.o)
    0x08009990   0x00000000   Code   RO         1284    .text               mc_w.l(iusefp.o)
    0x08009990   0x0000006c   Code   RO         1285    .text               mf_w.l(fepilogue.o)
    0x080099fc   0x000000be   Code   RO         1287    .text               mf_w.l(depilogue.o)
    0x08009aba   0x0000002e   Code   RO         1289    .text               mf_w.l(dscalb.o)
    0x08009ae8   0x000000a2   Code   RO         1291    .text               mf_w.l(dsqrt.o)
    0x08009b8a   0x00000030   Code   RO         1293    .text               mf_w.l(dfixul.o)
    0x08009bba   0x00000002   PAD
    0x08009bbc   0x00000024   Code   RO         1295    .text               mc_w.l(init.o)
    0x08009be0   0x00000020   Code   RO         1298    .text               mc_w.l(llushr.o)
    0x08009c00   0x0000003e   Code   RO         1301    .text               mf_w.l(dfixi.o)
    0x08009c3e   0x0000005c   Code   RO         1311    .text               mc_w.l(__dczerorl2.o)
    0x08009c9a   0x00000002   PAD
    0x08009c9c   0x00000028   Code   RO         1171    i.__0sprintf        mc_w.l(printfa.o)
    0x08009cc4   0x00000028   Code   RO         1236    i.__ARM_fpclassify  m_ws.l(fpclassify.o)
    0x08009cec   0x00000388   Code   RO         1241    i.__ieee754_rem_pio2  m_ws.l(rred.o)
    0x0800a074   0x000000fc   Code   RO         1231    i.__kernel_cos      m_ws.l(cos_i.o)
    0x0800a170   0x000000aa   Code   RO         1238    i.__kernel_poly     m_ws.l(poly.o)
    0x0800a21a   0x00000002   PAD
    0x0800a21c   0x000000ec   Code   RO         1246    i.__kernel_sin      m_ws.l(sin_i.o)
    0x0800a308   0x00000010   Code   RO         1234    i.__mathlib_dbl_underflow  m_ws.l(dunder.o)
    0x0800a318   0x0000000e   Code   RO         1305    i.__scatterload_copy  mc_w.l(handlers.o)
    0x0800a326   0x00000002   Code   RO         1306    i.__scatterload_null  mc_w.l(handlers.o)
    0x0800a328   0x0000000e   Code   RO         1307    i.__scatterload_zeroinit  mc_w.l(handlers.o)
    0x0800a336   0x00000002   PAD
    0x0800a338   0x0000000c   Code   RO         1279    i.__set_errno       mc_w.l(errno.o)
    0x0800a344   0x0000015c   Code   RO         1176    i._fp_digits        mc_w.l(printfa.o)
    0x0800a4a0   0x000006f0   Code   RO         1177    i._printf_core      mc_w.l(printfa.o)
    0x0800ab90   0x00000026   Code   RO         1178    i._printf_post_padding  mc_w.l(printfa.o)
    0x0800abb6   0x00000030   Code   RO         1179    i._printf_pre_padding  mc_w.l(printfa.o)
    0x0800abe6   0x0000000a   Code   RO         1181    i._sputc            mc_w.l(printfa.o)
    0x0800abf0   0x0000027c   Code   RO          874    i.asin              m_ws.l(asin.o)
    0x0800ae6c   0x00000224   Code   RO          884    i.atan              m_ws.l(atan.o)
    0x0800b090   0x00000180   Code   RO          894    i.atan2             m_ws.l(atan2.o)
    0x0800b210   0x000000ac   Code   RO          902    i.cos               m_ws.l(cos.o)
    0x0800b2bc   0x000000b0   Code   RO          910    i.sin               m_ws.l(sin.o)
    0x0800b36c   0x0000004c   Code   RO          918    i.sqrt              m_ws.l(sqrt.o)
    0x0800b3b8   0x00000050   Data   RO          875    .constdata          m_ws.l(asin.o)
    0x0800b408   0x00000098   Data   RO          885    .constdata          m_ws.l(atan.o)
    0x0800b4a0   0x00000030   Data   RO         1232    .constdata          m_ws.l(cos_i.o)
    0x0800b4d0   0x00000008   Data   RO         1240    .constdata          m_ws.l(qnan.o)
    0x0800b4d8   0x000000c8   Data   RO         1243    .constdata          m_ws.l(rred.o)
    0x0800b5a0   0x00000028   Data   RO         1247    .constdata          m_ws.l(sin_i.o)
    0x0800b5c8   0x00000020   Data   RO         1303    Region$$Table       anon$$obj.o


    Execution Region ER_RW (Base: 0x20000000, Size: 0x00000350, Max: 0xffffffff, ABSOLUTE, COMPRESSED[0x000000b0])

    Base Addr    Size         Type   Attr      Idx    E Section Name        Object

    0x20000000   0x00000011   Data   RW           11    .data               main.o
    0x20000011   0x00000003   PAD
    0x20000014   0x0000001c   Data   RW          229    .data               usart1.o
    0x20000030   0x00000001   Data   RW          250    .data               usart1config.o
    0x20000031   0x00000003   PAD
    0x20000034   0x00000004   Data   RW          263    .data               time.o
    0x20000038   0x00000024   Data   RW          305    .data               can.o
    0x2000005c   0x00000001   Data   RW          323    .data               uart4config.o
    0x2000005d   0x00000003   PAD
    0x20000060   0x00000094   Data   RW          337    .data               uart4.o
    0x200000f4   0x0000000c   Data   RW          356    .data               motorcontrol.o
    0x20000100   0x00000028   Data   RW          392    .data               usart2.o
    0x20000128   0x00000001   Data   RW          412    .data               usart2config.o
    0x20000129   0x00000003   PAD
    0x2000012c   0x00000018   Data   RW          426    .data               magnav.o
    0x20000144   0x0000003e   Data   RW          462    .data               sensors.o
    0x20000182   0x00000002   PAD
    0x20000184   0x00000037   Data   RW          482    .data               usart3.o
    0x200001bb   0x00000001   PAD
    0x200001bc   0x00000004   Data   RW          513    .data               flash.o
    0x200001c0   0x00000160   Data   RW          532    .data               ahrs.o
    0x20000320   0x00000014   Data   RW          747    .data               stm32f10x_rcc.o
    0x20000334   0x00000004   Data   RW          833    .data               odometry.o
    0x20000338   0x00000014   Data   RW          856    .data               system_stm32f10x.o
    0x2000034c   0x00000004   Data   RW         1280    .data               mc_w.l(errno.o)


    Execution Region ER_ZI (Base: 0x20000350, Size: 0x00002530, Max: 0xffffffff, ABSOLUTE)

    Base Addr    Size         Type   Attr      Idx    E Section Name        Object

    0x20000350   0x00000040   Zero   RW          213    .bss                osqmem.o
    0x20000390   0x000005bc   Zero   RW          228    .bss                usart1.o
    0x2000094c   0x00000020   Zero   RW          285    .bss                can1config.o
    0x2000096c   0x00000700   Zero   RW          304    .bss                can.o
    0x2000106c   0x000005a0   Zero   RW          336    .bss                uart4.o
    0x2000160c   0x000005c4   Zero   RW          391    .bss                usart2.o
    0x20001bd0   0x0000006c   Zero   RW          425    .bss                magnav.o
    0x20001c3c   0x000000c0   Zero   RW          446    .bss                task.o
    0x20001cfc   0x0000005c   Zero   RW          461    .bss                sensors.o
    0x20001d58   0x000005ac   Zero   RW          481    .bss                usart3.o
    0x20002304   0x00000010   Zero   RW          512    .bss                flash.o
    0x20002314   0x0000012c   Zero   RW          531    .bss                ahrs.o
    0x20002440   0x0000003c   Zero   RW          832    .bss                odometry.o
    0x2000247c   0x00000004   PAD
    0x20002480   0x00000400   Zero   RW            1    STACK               startup_stm32f10x_hd.o


==============================================================================

Image component sizes


      Code (inc. data)   RO Data    RW Data    ZI Data      Debug   Object Name

     10312       1062          0        352        300       9016   ahrs.o
      1078         60          0         36       1792       4293   can.o
       760         18          0          0         32       3489   can1config.o
       736         38          0          4         16       3199   flash.o
        80          6          0          0          0        608   led.o
       872        122          0         24        108       3893   magnav.o
       308         54          0         17          0     282744   main.o
       220         20          0          0          0       1841   misc.o
       880         36          0         12          0       4730   motorcontrol.o
         0          0          0          4         60        806   odometry.o
       224          6          0          0         64       2356   osqmem.o
       476         62          0         62         92       3948   sensors.o
        36          8        304          0       1024        848   startup_stm32f10x_hd.o
      2540         38          0          0          0       7896   stm32f10x_can.o
       592          8          0          0          0       4370   stm32f10x_dma.o
      1468         34          0          0          0       8074   stm32f10x_flash.o
       856         40          0          0          0       5689   stm32f10x_gpio.o
        32          0          0          0          0       1314   stm32f10x_it.o
       932         44          0         20          0       8892   stm32f10x_rcc.o
      3610         88          0          0          0      22172   stm32f10x_tim.o
      1032         22          0          0          0       8408   stm32f10x_usart.o
       476         36          0         20          0       1923   system_stm32f10x.o
       388          6          0          0        192       2428   task.o
       584         24          0          4          0      17750   time.o
      1552        110          0        148       1440       4924   uart4.o
       248         14          0          1          0        935   uart4config.o
      1140         76          0         28       1468       3705   usart1.o
       452         18          0          1          0       1663   usart1config.o
      2156        278          0         40       1476       5475   usart2.o
       292         12          0          1          0       1142   usart2config.o
      2496        186          0         55       1452       7606   usart3.o
       300          8          0          0          0       1118   usart3config.o

    ----------------------------------------------------------------------
     37132       2534        336        844       9520     437255   Object Totals
         0          0         32          0          0          0   (incl. Generated)
         4          0          0         15          4          0   (incl. Padding)

    ----------------------------------------------------------------------

      Code (inc. data)   RO Data    RW Data    ZI Data      Debug   Library Member Name

       636         52         80          0          0        168   asin.o
       548         70        152          0          0        124   atan.o
       384         38          0          0          0        144   atan2.o
       172          8          0          0          0        112   cos.o
       252         22         48          0          0        124   cos_i.o
        16          6          0          0          0         68   dunder.o
        40          0          0          0          0         68   fpclassify.o
       170          0          0          0          0         96   poly.o
         0          0          8          0          0          0   qnan.o
       904         72        200          0          0        140   rred.o
       176         10          0          0          0        116   sin.o
       236         12         40          0          0        128   sin_i.o
        76          0          0          0          0         84   sqrt.o
        92          0          0          0          0          0   __dczerorl2.o
         0          0          0          0          0          0   entry.o
         0          0          0          0          0          0   entry10a.o
         0          0          0          0          0          0   entry11a.o
         8          4          0          0          0          0   entry2.o
         4          0          0          0          0          0   entry5.o
         0          0          0          0          0          0   entry7b.o
         0          0          0          0          0          0   entry8b.o
         8          4          0          0          0          0   entry9a.o
        12          6          0          4          0         68   errno.o
        30          0          0          0          0          0   handlers.o
        36          8          0          0          0         68   init.o
         0          0          0          0          0          0   iusefp.o
        30          0          0          0          0         68   llshl.o
        36          0          0          0          0         68   llsshr.o
        32          0          0          0          0         68   llushr.o
        26          0          0          0          0         80   memcmp.o
        36          0          0          0          0         68   memcpya.o
        36          0          0          0          0        108   memseta.o
      2260         86          0          0          0        512   printfa.o
        44          0          0          0          0         80   uidiv.o
        98          0          0          0          0         92   uldiv.o
        40          2          0          0          0         68   cdcmple.o
        40          2          0          0          0         68   cdrcmple.o
        20          0          0          0          0         68   cfcmple.o
        20          0          0          0          0         68   cfrcmple.o
        56          0          0          0          0         88   d2f.o
       334          0          0          0          0        148   dadd.o
       222          0          0          0          0        100   ddiv.o
       190          0          0          0          0        176   depilogue.o
        62          0          0          0          0         80   dfixi.o
        48          0          0          0          0         68   dfixul.o
        34          0          0          0          0         76   dflti.o
        26          0          0          0          0         76   dfltui.o
       228          0          0          0          0         96   dmul.o
        46          0          0          0          0         80   dscalb.o
       162          0          0          0          0        100   dsqrt.o
        38          0          0          0          0         68   f2d.o
       176          0          0          0          0        140   fadd.o
       128          0          0          0          0         88   fdiv.o
       108          0          0          0          0        168   fepilogue.o
        50          0          0          0          0         68   ffixi.o
        18          0          0          0          0         68   fflti.o
        10          0          0          0          0         68   ffltui.o
       108          0          0          0          0         76   fmul.o

    ----------------------------------------------------------------------
      8572        402        528          4          0       4756   Library Totals
        10          0          0          0          0          0   (incl. Padding)

    ----------------------------------------------------------------------

      Code (inc. data)   RO Data    RW Data    ZI Data      Debug   Library Name

      3610        290        528          0          0       1372   m_ws.l
      2788        108          0          4          0       1280   mc_w.l
      2164          4          0          0          0       2104   mf_w.l

    ----------------------------------------------------------------------
      8572        402        528          4          0       4756   Library Totals

    ----------------------------------------------------------------------

==============================================================================


      Code (inc. data)   RO Data    RW Data    ZI Data      Debug   

     45704       2936        864        848       9520     436811   Grand Totals
     45704       2936        864        176       9520     436811   ELF Image Totals (compressed)
     45704       2936        864        176          0          0   ROM Totals

==============================================================================

    Total RO  Size (Code + RO Data)                46568 (  45.48kB)
    Total RW  Size (RW Data + ZI Data)             10368 (  10.13kB)
    Total ROM Size (Code + RO Data + RW Data)      46744 (  45.65kB)

==============================================================================

